Archive member included because of file (symbol)

c:/freescale/kds_v3/toolchain/bin/../lib/gcc/arm-none-eabi/4.8.4/armv6-m\libgcc.a(_udivsi3.o)
                              ./Project_Settings/Startup_Code/system_MKL46Z4.o (__aeabi_uidiv)
c:/freescale/kds_v3/toolchain/bin/../lib/gcc/arm-none-eabi/4.8.4/armv6-m\libgcc.a(_dvmd_tls.o)
                              c:/freescale/kds_v3/toolchain/bin/../lib/gcc/arm-none-eabi/4.8.4/armv6-m\libgcc.a(_udivsi3.o) (__aeabi_idiv0)
c:/freescale/kds_v3/toolchain/bin/../lib/gcc/arm-none-eabi/4.8.4/../../../../arm-none-eabi/lib/armv6-m\libg_s.a(lib_a-exit.o)
                              c:/freescale/kds_v3/toolchain/bin/../lib/gcc/arm-none-eabi/4.8.4/../../../../arm-none-eabi/lib/armv6-m/crt0.o (exit)
c:/freescale/kds_v3/toolchain/bin/../lib/gcc/arm-none-eabi/4.8.4/../../../../arm-none-eabi/lib/armv6-m\libg_s.a(lib_a-impure.o)
                              c:/freescale/kds_v3/toolchain/bin/../lib/gcc/arm-none-eabi/4.8.4/../../../../arm-none-eabi/lib/armv6-m\libg_s.a(lib_a-exit.o) (_global_impure_ptr)
c:/freescale/kds_v3/toolchain/bin/../lib/gcc/arm-none-eabi/4.8.4/../../../../arm-none-eabi/lib/armv6-m\libg_s.a(lib_a-init.o)
                              c:/freescale/kds_v3/toolchain/bin/../lib/gcc/arm-none-eabi/4.8.4/../../../../arm-none-eabi/lib/armv6-m/crt0.o (__libc_init_array)
c:/freescale/kds_v3/toolchain/bin/../lib/gcc/arm-none-eabi/4.8.4/../../../../arm-none-eabi/lib/armv6-m\libg_s.a(lib_a-memcpy-stub.o)
                              ./FreeRTOS/queue.o (memcpy)
c:/freescale/kds_v3/toolchain/bin/../lib/gcc/arm-none-eabi/4.8.4/../../../../arm-none-eabi/lib/armv6-m\libg_s.a(lib_a-memset.o)
                              c:/freescale/kds_v3/toolchain/bin/../lib/gcc/arm-none-eabi/4.8.4/../../../../arm-none-eabi/lib/armv6-m/crt0.o (memset)
c:/freescale/kds_v3/toolchain/bin/../lib/gcc/arm-none-eabi/4.8.4/../../../../arm-none-eabi/lib/armv6-m\libnosys.a(_exit.o)
                              c:/freescale/kds_v3/toolchain/bin/../lib/gcc/arm-none-eabi/4.8.4/../../../../arm-none-eabi/lib/armv6-m\libg_s.a(lib_a-exit.o) (_exit)

Discarded input sections

 .text          0x00000000        0x0 c:/freescale/kds_v3/toolchain/bin/../lib/gcc/arm-none-eabi/4.8.4/armv6-m/crti.o
 .data          0x00000000        0x0 c:/freescale/kds_v3/toolchain/bin/../lib/gcc/arm-none-eabi/4.8.4/armv6-m/crti.o
 .bss           0x00000000        0x0 c:/freescale/kds_v3/toolchain/bin/../lib/gcc/arm-none-eabi/4.8.4/armv6-m/crti.o
 .data          0x00000000        0x4 c:/freescale/kds_v3/toolchain/bin/../lib/gcc/arm-none-eabi/4.8.4/armv6-m/crtbegin.o
 .data          0x00000000        0x0 c:/freescale/kds_v3/toolchain/bin/../lib/gcc/arm-none-eabi/4.8.4/../../../../arm-none-eabi/lib/armv6-m/crt0.o
 .bss           0x00000000        0x0 c:/freescale/kds_v3/toolchain/bin/../lib/gcc/arm-none-eabi/4.8.4/../../../../arm-none-eabi/lib/armv6-m/crt0.o
 .ARM.extab     0x00000000        0x0 c:/freescale/kds_v3/toolchain/bin/../lib/gcc/arm-none-eabi/4.8.4/../../../../arm-none-eabi/lib/armv6-m/crt0.o
 .group         0x00000000        0x8 ./Sources/main.o
 .group         0x00000000        0x8 ./Sources/main.o
 .group         0x00000000        0x8 ./Sources/main.o
 .group         0x00000000        0x8 ./Sources/main.o
 .group         0x00000000        0x8 ./Sources/main.o
 .group         0x00000000        0x8 ./Sources/main.o
 .group         0x00000000        0x8 ./Sources/main.o
 .group         0x00000000        0x8 ./Sources/main.o
 .group         0x00000000        0x8 ./Sources/main.o
 .group         0x00000000        0x8 ./Sources/main.o
 .group         0x00000000        0x8 ./Sources/main.o
 .group         0x00000000        0x8 ./Sources/main.o
 .group         0x00000000        0x8 ./Sources/main.o
 .group         0x00000000        0x8 ./Sources/main.o
 .group         0x00000000        0x8 ./Sources/main.o
 .group         0x00000000        0x8 ./Sources/main.o
 .group         0x00000000        0x8 ./Sources/main.o
 .group         0x00000000        0x8 ./Sources/main.o
 .group         0x00000000        0x8 ./Sources/main.o
 .group         0x00000000        0x8 ./Sources/main.o
 .group         0x00000000        0x8 ./Sources/main.o
 .group         0x00000000        0x8 ./Sources/main.o
 .group         0x00000000        0x8 ./Sources/main.o
 .group         0x00000000        0x8 ./Sources/main.o
 .text          0x00000000        0x0 ./Sources/main.o
 .data          0x00000000        0x0 ./Sources/main.o
 .bss           0x00000000        0x0 ./Sources/main.o
 .data          0x00000000        0x0 ./Project_Settings/Startup_Code/startup_MKL46Z4.o
 .bss           0x00000000        0x0 ./Project_Settings/Startup_Code/startup_MKL46Z4.o
 .group         0x00000000        0x8 ./Project_Settings/Startup_Code/system_MKL46Z4.o
 .group         0x00000000        0x8 ./Project_Settings/Startup_Code/system_MKL46Z4.o
 .group         0x00000000        0x8 ./Project_Settings/Startup_Code/system_MKL46Z4.o
 .group         0x00000000        0x8 ./Project_Settings/Startup_Code/system_MKL46Z4.o
 .group         0x00000000        0x8 ./Project_Settings/Startup_Code/system_MKL46Z4.o
 .group         0x00000000        0x8 ./Project_Settings/Startup_Code/system_MKL46Z4.o
 .group         0x00000000        0x8 ./Project_Settings/Startup_Code/system_MKL46Z4.o
 .group         0x00000000        0x8 ./Project_Settings/Startup_Code/system_MKL46Z4.o
 .group         0x00000000        0x8 ./Project_Settings/Startup_Code/system_MKL46Z4.o
 .group         0x00000000        0x8 ./Project_Settings/Startup_Code/system_MKL46Z4.o
 .text          0x00000000        0x0 ./Project_Settings/Startup_Code/system_MKL46Z4.o
 .data          0x00000000        0x0 ./Project_Settings/Startup_Code/system_MKL46Z4.o
 .bss           0x00000000        0x0 ./Project_Settings/Startup_Code/system_MKL46Z4.o
 .data.SystemCoreClock
                0x00000000        0x4 ./Project_Settings/Startup_Code/system_MKL46Z4.o
 .text.SystemCoreClockUpdate
                0x00000000      0x23c ./Project_Settings/Startup_Code/system_MKL46Z4.o
 .debug_macro   0x00000000      0x802 ./Project_Settings/Startup_Code/system_MKL46Z4.o
 .debug_macro   0x00000000       0x16 ./Project_Settings/Startup_Code/system_MKL46Z4.o
 .debug_macro   0x00000000       0x44 ./Project_Settings/Startup_Code/system_MKL46Z4.o
 .debug_macro   0x00000000      0x209 ./Project_Settings/Startup_Code/system_MKL46Z4.o
 .debug_macro   0x00000000       0x3a ./Project_Settings/Startup_Code/system_MKL46Z4.o
 .debug_macro   0x00000000       0x26 ./Project_Settings/Startup_Code/system_MKL46Z4.o
 .debug_macro   0x00000000      0x306 ./Project_Settings/Startup_Code/system_MKL46Z4.o
 .debug_macro   0x00000000       0x6b ./Project_Settings/Startup_Code/system_MKL46Z4.o
 .debug_macro   0x00000000     0xd132 ./Project_Settings/Startup_Code/system_MKL46Z4.o
 .group         0x00000000        0x8 ./FreeRTOS/portable/MemMang/heap_1.o
 .group         0x00000000        0x8 ./FreeRTOS/portable/MemMang/heap_1.o
 .group         0x00000000        0x8 ./FreeRTOS/portable/MemMang/heap_1.o
 .group         0x00000000        0x8 ./FreeRTOS/portable/MemMang/heap_1.o
 .group         0x00000000        0x8 ./FreeRTOS/portable/MemMang/heap_1.o
 .group         0x00000000        0x8 ./FreeRTOS/portable/MemMang/heap_1.o
 .group         0x00000000        0x8 ./FreeRTOS/portable/MemMang/heap_1.o
 .group         0x00000000        0x8 ./FreeRTOS/portable/MemMang/heap_1.o
 .group         0x00000000        0x8 ./FreeRTOS/portable/MemMang/heap_1.o
 .group         0x00000000        0x8 ./FreeRTOS/portable/MemMang/heap_1.o
 .group         0x00000000        0x8 ./FreeRTOS/portable/MemMang/heap_1.o
 .group         0x00000000        0x8 ./FreeRTOS/portable/MemMang/heap_1.o
 .group         0x00000000        0x8 ./FreeRTOS/portable/MemMang/heap_1.o
 .group         0x00000000        0x8 ./FreeRTOS/portable/MemMang/heap_1.o
 .group         0x00000000        0x8 ./FreeRTOS/portable/MemMang/heap_1.o
 .group         0x00000000        0x8 ./FreeRTOS/portable/MemMang/heap_1.o
 .group         0x00000000        0x8 ./FreeRTOS/portable/MemMang/heap_1.o
 .group         0x00000000        0x8 ./FreeRTOS/portable/MemMang/heap_1.o
 .group         0x00000000        0x8 ./FreeRTOS/portable/MemMang/heap_1.o
 .group         0x00000000        0x8 ./FreeRTOS/portable/MemMang/heap_1.o
 .group         0x00000000        0x8 ./FreeRTOS/portable/MemMang/heap_1.o
 .group         0x00000000        0x8 ./FreeRTOS/portable/MemMang/heap_1.o
 .group         0x00000000        0x8 ./FreeRTOS/portable/MemMang/heap_1.o
 .text          0x00000000        0x0 ./FreeRTOS/portable/MemMang/heap_1.o
 .data          0x00000000        0x0 ./FreeRTOS/portable/MemMang/heap_1.o
 .bss           0x00000000        0x0 ./FreeRTOS/portable/MemMang/heap_1.o
 .text.vPortInitialiseBlocks
                0x00000000       0x14 ./FreeRTOS/portable/MemMang/heap_1.o
 .text.xPortGetFreeHeapSize
                0x00000000       0x1c ./FreeRTOS/portable/MemMang/heap_1.o
 .debug_macro   0x00000000      0x802 ./FreeRTOS/portable/MemMang/heap_1.o
 .debug_macro   0x00000000       0x16 ./FreeRTOS/portable/MemMang/heap_1.o
 .debug_macro   0x00000000      0x15a ./FreeRTOS/portable/MemMang/heap_1.o
 .debug_macro   0x00000000       0xb8 ./FreeRTOS/portable/MemMang/heap_1.o
 .debug_macro   0x00000000       0x1c ./FreeRTOS/portable/MemMang/heap_1.o
 .debug_macro   0x00000000       0x26 ./FreeRTOS/portable/MemMang/heap_1.o
 .debug_macro   0x00000000      0x520 ./FreeRTOS/portable/MemMang/heap_1.o
 .debug_macro   0x00000000       0xb5 ./FreeRTOS/portable/MemMang/heap_1.o
 .debug_macro   0x00000000      0x120 ./FreeRTOS/portable/MemMang/heap_1.o
 .group         0x00000000        0x8 ./FreeRTOS/portable/GCC/ARM_CM0/port.o
 .group         0x00000000        0x8 ./FreeRTOS/portable/GCC/ARM_CM0/port.o
 .group         0x00000000        0x8 ./FreeRTOS/portable/GCC/ARM_CM0/port.o
 .group         0x00000000        0x8 ./FreeRTOS/portable/GCC/ARM_CM0/port.o
 .group         0x00000000        0x8 ./FreeRTOS/portable/GCC/ARM_CM0/port.o
 .group         0x00000000        0x8 ./FreeRTOS/portable/GCC/ARM_CM0/port.o
 .group         0x00000000        0x8 ./FreeRTOS/portable/GCC/ARM_CM0/port.o
 .group         0x00000000        0x8 ./FreeRTOS/portable/GCC/ARM_CM0/port.o
 .group         0x00000000        0x8 ./FreeRTOS/portable/GCC/ARM_CM0/port.o
 .group         0x00000000        0x8 ./FreeRTOS/portable/GCC/ARM_CM0/port.o
 .group         0x00000000        0x8 ./FreeRTOS/portable/GCC/ARM_CM0/port.o
 .group         0x00000000        0x8 ./FreeRTOS/portable/GCC/ARM_CM0/port.o
 .group         0x00000000        0x8 ./FreeRTOS/portable/GCC/ARM_CM0/port.o
 .text          0x00000000        0x0 ./FreeRTOS/portable/GCC/ARM_CM0/port.o
 .data          0x00000000        0x0 ./FreeRTOS/portable/GCC/ARM_CM0/port.o
 .bss           0x00000000        0x0 ./FreeRTOS/portable/GCC/ARM_CM0/port.o
 .text.vPortEndScheduler
                0x00000000       0x1c ./FreeRTOS/portable/GCC/ARM_CM0/port.o
 .debug_macro   0x00000000      0x802 ./FreeRTOS/portable/GCC/ARM_CM0/port.o
 .debug_macro   0x00000000      0x166 ./FreeRTOS/portable/GCC/ARM_CM0/port.o
 .debug_macro   0x00000000       0x16 ./FreeRTOS/portable/GCC/ARM_CM0/port.o
 .debug_macro   0x00000000       0x44 ./FreeRTOS/portable/GCC/ARM_CM0/port.o
 .debug_macro   0x00000000      0x209 ./FreeRTOS/portable/GCC/ARM_CM0/port.o
 .debug_macro   0x00000000      0x106 ./FreeRTOS/portable/GCC/ARM_CM0/port.o
 .debug_macro   0x00000000      0x15a ./FreeRTOS/portable/GCC/ARM_CM0/port.o
 .debug_macro   0x00000000       0xb8 ./FreeRTOS/portable/GCC/ARM_CM0/port.o
 .debug_macro   0x00000000       0x1c ./FreeRTOS/portable/GCC/ARM_CM0/port.o
 .debug_macro   0x00000000       0x26 ./FreeRTOS/portable/GCC/ARM_CM0/port.o
 .debug_macro   0x00000000      0x520 ./FreeRTOS/portable/GCC/ARM_CM0/port.o
 .debug_macro   0x00000000       0xb5 ./FreeRTOS/portable/GCC/ARM_CM0/port.o
 .debug_macro   0x00000000      0x120 ./FreeRTOS/portable/GCC/ARM_CM0/port.o
 .group         0x00000000        0x8 ./FreeRTOS/croutine.o
 .group         0x00000000        0x8 ./FreeRTOS/croutine.o
 .group         0x00000000        0x8 ./FreeRTOS/croutine.o
 .group         0x00000000        0x8 ./FreeRTOS/croutine.o
 .group         0x00000000        0x8 ./FreeRTOS/croutine.o
 .group         0x00000000        0x8 ./FreeRTOS/croutine.o
 .group         0x00000000        0x8 ./FreeRTOS/croutine.o
 .group         0x00000000        0x8 ./FreeRTOS/croutine.o
 .group         0x00000000        0x8 ./FreeRTOS/croutine.o
 .group         0x00000000        0x8 ./FreeRTOS/croutine.o
 .group         0x00000000        0x8 ./FreeRTOS/croutine.o
 .group         0x00000000        0x8 ./FreeRTOS/croutine.o
 .group         0x00000000        0x8 ./FreeRTOS/croutine.o
 .group         0x00000000        0x8 ./FreeRTOS/croutine.o
 .text          0x00000000        0x0 ./FreeRTOS/croutine.o
 .data          0x00000000        0x0 ./FreeRTOS/croutine.o
 .bss           0x00000000        0x0 ./FreeRTOS/croutine.o
 .debug_info    0x00000000       0x76 ./FreeRTOS/croutine.o
 .debug_abbrev  0x00000000       0x29 ./FreeRTOS/croutine.o
 .debug_aranges
                0x00000000       0x18 ./FreeRTOS/croutine.o
 .debug_macro   0x00000000       0xb8 ./FreeRTOS/croutine.o
 .debug_macro   0x00000000      0x802 ./FreeRTOS/croutine.o
 .debug_macro   0x00000000      0x166 ./FreeRTOS/croutine.o
 .debug_macro   0x00000000       0x16 ./FreeRTOS/croutine.o
 .debug_macro   0x00000000       0x44 ./FreeRTOS/croutine.o
 .debug_macro   0x00000000      0x209 ./FreeRTOS/croutine.o
 .debug_macro   0x00000000      0x106 ./FreeRTOS/croutine.o
 .debug_macro   0x00000000      0x15a ./FreeRTOS/croutine.o
 .debug_macro   0x00000000       0xb8 ./FreeRTOS/croutine.o
 .debug_macro   0x00000000       0x1c ./FreeRTOS/croutine.o
 .debug_macro   0x00000000       0x26 ./FreeRTOS/croutine.o
 .debug_macro   0x00000000      0x520 ./FreeRTOS/croutine.o
 .debug_macro   0x00000000       0xb5 ./FreeRTOS/croutine.o
 .debug_macro   0x00000000      0x120 ./FreeRTOS/croutine.o
 .debug_macro   0x00000000       0x49 ./FreeRTOS/croutine.o
 .debug_line    0x00000000      0x2a9 ./FreeRTOS/croutine.o
 .debug_str     0x00000000     0x801e ./FreeRTOS/croutine.o
 .comment       0x00000000       0x71 ./FreeRTOS/croutine.o
 .ARM.attributes
                0x00000000       0x32 ./FreeRTOS/croutine.o
 .group         0x00000000        0x8 ./FreeRTOS/event_groups.o
 .group         0x00000000        0x8 ./FreeRTOS/event_groups.o
 .group         0x00000000        0x8 ./FreeRTOS/event_groups.o
 .group         0x00000000        0x8 ./FreeRTOS/event_groups.o
 .group         0x00000000        0x8 ./FreeRTOS/event_groups.o
 .group         0x00000000        0x8 ./FreeRTOS/event_groups.o
 .group         0x00000000        0x8 ./FreeRTOS/event_groups.o
 .group         0x00000000        0x8 ./FreeRTOS/event_groups.o
 .group         0x00000000        0x8 ./FreeRTOS/event_groups.o
 .group         0x00000000        0x8 ./FreeRTOS/event_groups.o
 .group         0x00000000        0x8 ./FreeRTOS/event_groups.o
 .group         0x00000000        0x8 ./FreeRTOS/event_groups.o
 .group         0x00000000        0x8 ./FreeRTOS/event_groups.o
 .group         0x00000000        0x8 ./FreeRTOS/event_groups.o
 .group         0x00000000        0x8 ./FreeRTOS/event_groups.o
 .group         0x00000000        0x8 ./FreeRTOS/event_groups.o
 .group         0x00000000        0x8 ./FreeRTOS/event_groups.o
 .group         0x00000000        0x8 ./FreeRTOS/event_groups.o
 .group         0x00000000        0x8 ./FreeRTOS/event_groups.o
 .group         0x00000000        0x8 ./FreeRTOS/event_groups.o
 .group         0x00000000        0x8 ./FreeRTOS/event_groups.o
 .group         0x00000000        0x8 ./FreeRTOS/event_groups.o
 .group         0x00000000        0x8 ./FreeRTOS/event_groups.o
 .group         0x00000000        0x8 ./FreeRTOS/event_groups.o
 .text          0x00000000        0x0 ./FreeRTOS/event_groups.o
 .data          0x00000000        0x0 ./FreeRTOS/event_groups.o
 .bss           0x00000000        0x0 ./FreeRTOS/event_groups.o
 .text.xEventGroupCreate
                0x00000000       0x30 ./FreeRTOS/event_groups.o
 .text.xEventGroupSync
                0x00000000      0x124 ./FreeRTOS/event_groups.o
 .text.xEventGroupWaitBits
                0x00000000      0x15c ./FreeRTOS/event_groups.o
 .text.xEventGroupClearBits
                0x00000000       0x4c ./FreeRTOS/event_groups.o
 .text.xEventGroupGetBitsFromISR
                0x00000000       0x2c ./FreeRTOS/event_groups.o
 .text.xEventGroupSetBits
                0x00000000       0xf4 ./FreeRTOS/event_groups.o
 .text.vEventGroupDelete
                0x00000000       0x54 ./FreeRTOS/event_groups.o
 .text.vEventGroupSetBitsCallback
                0x00000000       0x1c ./FreeRTOS/event_groups.o
 .text.vEventGroupClearBitsCallback
                0x00000000       0x1c ./FreeRTOS/event_groups.o
 .text.prvTestWaitCondition
                0x00000000       0x40 ./FreeRTOS/event_groups.o
 .text.uxEventGroupGetNumber
                0x00000000       0x28 ./FreeRTOS/event_groups.o
 .text.vEventGroupSetNumber
                0x00000000       0x18 ./FreeRTOS/event_groups.o
 .debug_info    0x00000000      0x6b2 ./FreeRTOS/event_groups.o
 .debug_abbrev  0x00000000      0x15b ./FreeRTOS/event_groups.o
 .debug_aranges
                0x00000000       0x78 ./FreeRTOS/event_groups.o
 .debug_ranges  0x00000000       0x68 ./FreeRTOS/event_groups.o
 .debug_macro   0x00000000      0x18d ./FreeRTOS/event_groups.o
 .debug_macro   0x00000000      0x802 ./FreeRTOS/event_groups.o
 .debug_macro   0x00000000       0x58 ./FreeRTOS/event_groups.o
 .debug_macro   0x00000000       0x16 ./FreeRTOS/event_groups.o
 .debug_macro   0x00000000       0x35 ./FreeRTOS/event_groups.o
 .debug_macro   0x00000000       0xa3 ./FreeRTOS/event_groups.o
 .debug_macro   0x00000000       0x16 ./FreeRTOS/event_groups.o
 .debug_macro   0x00000000      0x10e ./FreeRTOS/event_groups.o
 .debug_macro   0x00000000       0x7f ./FreeRTOS/event_groups.o
 .debug_macro   0x00000000       0x4a ./FreeRTOS/event_groups.o
 .debug_macro   0x00000000       0x52 ./FreeRTOS/event_groups.o
 .debug_macro   0x00000000       0x16 ./FreeRTOS/event_groups.o
 .debug_macro   0x00000000       0x43 ./FreeRTOS/event_groups.o
 .debug_macro   0x00000000      0x180 ./FreeRTOS/event_groups.o
 .debug_macro   0x00000000       0x22 ./FreeRTOS/event_groups.o
 .debug_macro   0x00000000      0x20f ./FreeRTOS/event_groups.o
 .debug_macro   0x00000000      0x106 ./FreeRTOS/event_groups.o
 .debug_macro   0x00000000      0x15a ./FreeRTOS/event_groups.o
 .debug_macro   0x00000000       0xb8 ./FreeRTOS/event_groups.o
 .debug_macro   0x00000000       0x1c ./FreeRTOS/event_groups.o
 .debug_macro   0x00000000       0x26 ./FreeRTOS/event_groups.o
 .debug_macro   0x00000000      0x520 ./FreeRTOS/event_groups.o
 .debug_macro   0x00000000       0xb5 ./FreeRTOS/event_groups.o
 .debug_macro   0x00000000      0x120 ./FreeRTOS/event_groups.o
 .debug_macro   0x00000000       0x91 ./FreeRTOS/event_groups.o
 .debug_line    0x00000000      0x539 ./FreeRTOS/event_groups.o
 .debug_str     0x00000000     0x9a32 ./FreeRTOS/event_groups.o
 .comment       0x00000000       0x71 ./FreeRTOS/event_groups.o
 .ARM.attributes
                0x00000000       0x32 ./FreeRTOS/event_groups.o
 .debug_frame   0x00000000      0x190 ./FreeRTOS/event_groups.o
 .group         0x00000000        0x8 ./FreeRTOS/list.o
 .group         0x00000000        0x8 ./FreeRTOS/list.o
 .group         0x00000000        0x8 ./FreeRTOS/list.o
 .group         0x00000000        0x8 ./FreeRTOS/list.o
 .group         0x00000000        0x8 ./FreeRTOS/list.o
 .group         0x00000000        0x8 ./FreeRTOS/list.o
 .group         0x00000000        0x8 ./FreeRTOS/list.o
 .group         0x00000000        0x8 ./FreeRTOS/list.o
 .group         0x00000000        0x8 ./FreeRTOS/list.o
 .group         0x00000000        0x8 ./FreeRTOS/list.o
 .group         0x00000000        0x8 ./FreeRTOS/list.o
 .group         0x00000000        0x8 ./FreeRTOS/list.o
 .group         0x00000000        0x8 ./FreeRTOS/list.o
 .group         0x00000000        0x8 ./FreeRTOS/list.o
 .group         0x00000000        0x8 ./FreeRTOS/list.o
 .group         0x00000000        0x8 ./FreeRTOS/list.o
 .group         0x00000000        0x8 ./FreeRTOS/list.o
 .group         0x00000000        0x8 ./FreeRTOS/list.o
 .group         0x00000000        0x8 ./FreeRTOS/list.o
 .group         0x00000000        0x8 ./FreeRTOS/list.o
 .group         0x00000000        0x8 ./FreeRTOS/list.o
 .group         0x00000000        0x8 ./FreeRTOS/list.o
 .text          0x00000000        0x0 ./FreeRTOS/list.o
 .data          0x00000000        0x0 ./FreeRTOS/list.o
 .bss           0x00000000        0x0 ./FreeRTOS/list.o
 .debug_macro   0x00000000      0x802 ./FreeRTOS/list.o
 .debug_macro   0x00000000       0x58 ./FreeRTOS/list.o
 .debug_macro   0x00000000       0x16 ./FreeRTOS/list.o
 .debug_macro   0x00000000       0x35 ./FreeRTOS/list.o
 .debug_macro   0x00000000       0xa3 ./FreeRTOS/list.o
 .debug_macro   0x00000000       0x16 ./FreeRTOS/list.o
 .debug_macro   0x00000000      0x10e ./FreeRTOS/list.o
 .debug_macro   0x00000000       0x7f ./FreeRTOS/list.o
 .debug_macro   0x00000000       0x4a ./FreeRTOS/list.o
 .debug_macro   0x00000000       0x52 ./FreeRTOS/list.o
 .debug_macro   0x00000000       0x16 ./FreeRTOS/list.o
 .debug_macro   0x00000000       0x43 ./FreeRTOS/list.o
 .debug_macro   0x00000000      0x180 ./FreeRTOS/list.o
 .debug_macro   0x00000000       0x22 ./FreeRTOS/list.o
 .debug_macro   0x00000000      0x20f ./FreeRTOS/list.o
 .debug_macro   0x00000000      0x106 ./FreeRTOS/list.o
 .debug_macro   0x00000000      0x15a ./FreeRTOS/list.o
 .debug_macro   0x00000000       0xb8 ./FreeRTOS/list.o
 .debug_macro   0x00000000       0x1c ./FreeRTOS/list.o
 .debug_macro   0x00000000       0x26 ./FreeRTOS/list.o
 .debug_macro   0x00000000      0x520 ./FreeRTOS/list.o
 .debug_macro   0x00000000       0xb5 ./FreeRTOS/list.o
 .group         0x00000000        0x8 ./FreeRTOS/queue.o
 .group         0x00000000        0x8 ./FreeRTOS/queue.o
 .group         0x00000000        0x8 ./FreeRTOS/queue.o
 .group         0x00000000        0x8 ./FreeRTOS/queue.o
 .group         0x00000000        0x8 ./FreeRTOS/queue.o
 .group         0x00000000        0x8 ./FreeRTOS/queue.o
 .group         0x00000000        0x8 ./FreeRTOS/queue.o
 .group         0x00000000        0x8 ./FreeRTOS/queue.o
 .group         0x00000000        0x8 ./FreeRTOS/queue.o
 .group         0x00000000        0x8 ./FreeRTOS/queue.o
 .group         0x00000000        0x8 ./FreeRTOS/queue.o
 .group         0x00000000        0x8 ./FreeRTOS/queue.o
 .group         0x00000000        0x8 ./FreeRTOS/queue.o
 .group         0x00000000        0x8 ./FreeRTOS/queue.o
 .group         0x00000000        0x8 ./FreeRTOS/queue.o
 .group         0x00000000        0x8 ./FreeRTOS/queue.o
 .group         0x00000000        0x8 ./FreeRTOS/queue.o
 .group         0x00000000        0x8 ./FreeRTOS/queue.o
 .group         0x00000000        0x8 ./FreeRTOS/queue.o
 .group         0x00000000        0x8 ./FreeRTOS/queue.o
 .group         0x00000000        0x8 ./FreeRTOS/queue.o
 .group         0x00000000        0x8 ./FreeRTOS/queue.o
 .group         0x00000000        0x8 ./FreeRTOS/queue.o
 .group         0x00000000        0x8 ./FreeRTOS/queue.o
 .group         0x00000000        0x8 ./FreeRTOS/queue.o
 .group         0x00000000        0x8 ./FreeRTOS/queue.o
 .group         0x00000000        0x8 ./FreeRTOS/queue.o
 .text          0x00000000        0x0 ./FreeRTOS/queue.o
 .data          0x00000000        0x0 ./FreeRTOS/queue.o
 .bss           0x00000000        0x0 ./FreeRTOS/queue.o
 .text.prvInitialiseMutex
                0x00000000       0x34 ./FreeRTOS/queue.o
 .text.xQueueCreateMutex
                0x00000000       0x3c ./FreeRTOS/queue.o
 .text.xQueueGiveFromISR
                0x00000000       0xe0 ./FreeRTOS/queue.o
 .text.xQueueSemaphoreTake
                0x00000000      0x1c8 ./FreeRTOS/queue.o
 .text.xQueuePeek
                0x00000000      0x184 ./FreeRTOS/queue.o
 .text.xQueueReceiveFromISR
                0x00000000       0xdc ./FreeRTOS/queue.o
 .text.xQueuePeekFromISR
                0x00000000       0x84 ./FreeRTOS/queue.o
 .text.uxQueueMessagesWaiting
                0x00000000       0x2c ./FreeRTOS/queue.o
 .text.uxQueueSpacesAvailable
                0x00000000       0x34 ./FreeRTOS/queue.o
 .text.uxQueueMessagesWaitingFromISR
                0x00000000       0x28 ./FreeRTOS/queue.o
 .text.vQueueDelete
                0x00000000       0x24 ./FreeRTOS/queue.o
 .text.uxQueueGetQueueNumber
                0x00000000       0x14 ./FreeRTOS/queue.o
 .text.vQueueSetQueueNumber
                0x00000000       0x18 ./FreeRTOS/queue.o
 .text.ucQueueGetQueueType
                0x00000000       0x18 ./FreeRTOS/queue.o
 .text.prvGetDisinheritPriorityAfterTimeout
                0x00000000       0x2c ./FreeRTOS/queue.o
 .text.xQueueIsQueueEmptyFromISR
                0x00000000       0x34 ./FreeRTOS/queue.o
 .text.xQueueIsQueueFullFromISR
                0x00000000       0x38 ./FreeRTOS/queue.o
 .debug_macro   0x00000000      0x802 ./FreeRTOS/queue.o
 .debug_macro   0x00000000       0x58 ./FreeRTOS/queue.o
 .debug_macro   0x00000000       0x16 ./FreeRTOS/queue.o
 .debug_macro   0x00000000       0x35 ./FreeRTOS/queue.o
 .debug_macro   0x00000000       0xa3 ./FreeRTOS/queue.o
 .debug_macro   0x00000000       0x16 ./FreeRTOS/queue.o
 .debug_macro   0x00000000      0x10e ./FreeRTOS/queue.o
 .debug_macro   0x00000000       0x7f ./FreeRTOS/queue.o
 .debug_macro   0x00000000       0x4a ./FreeRTOS/queue.o
 .debug_macro   0x00000000       0x52 ./FreeRTOS/queue.o
 .debug_macro   0x00000000       0x16 ./FreeRTOS/queue.o
 .debug_macro   0x00000000       0x43 ./FreeRTOS/queue.o
 .debug_macro   0x00000000      0x180 ./FreeRTOS/queue.o
 .debug_macro   0x00000000       0x22 ./FreeRTOS/queue.o
 .debug_macro   0x00000000      0x20f ./FreeRTOS/queue.o
 .debug_macro   0x00000000      0x106 ./FreeRTOS/queue.o
 .debug_macro   0x00000000      0x15a ./FreeRTOS/queue.o
 .debug_macro   0x00000000       0xb8 ./FreeRTOS/queue.o
 .debug_macro   0x00000000       0x1c ./FreeRTOS/queue.o
 .debug_macro   0x00000000       0x26 ./FreeRTOS/queue.o
 .debug_macro   0x00000000      0x520 ./FreeRTOS/queue.o
 .debug_macro   0x00000000       0xb5 ./FreeRTOS/queue.o
 .debug_macro   0x00000000      0x120 ./FreeRTOS/queue.o
 .group         0x00000000        0x8 ./FreeRTOS/stream_buffer.o
 .group         0x00000000        0x8 ./FreeRTOS/stream_buffer.o
 .group         0x00000000        0x8 ./FreeRTOS/stream_buffer.o
 .group         0x00000000        0x8 ./FreeRTOS/stream_buffer.o
 .group         0x00000000        0x8 ./FreeRTOS/stream_buffer.o
 .group         0x00000000        0x8 ./FreeRTOS/stream_buffer.o
 .group         0x00000000        0x8 ./FreeRTOS/stream_buffer.o
 .group         0x00000000        0x8 ./FreeRTOS/stream_buffer.o
 .group         0x00000000        0x8 ./FreeRTOS/stream_buffer.o
 .group         0x00000000        0x8 ./FreeRTOS/stream_buffer.o
 .group         0x00000000        0x8 ./FreeRTOS/stream_buffer.o
 .group         0x00000000        0x8 ./FreeRTOS/stream_buffer.o
 .group         0x00000000        0x8 ./FreeRTOS/stream_buffer.o
 .group         0x00000000        0x8 ./FreeRTOS/stream_buffer.o
 .group         0x00000000        0x8 ./FreeRTOS/stream_buffer.o
 .group         0x00000000        0x8 ./FreeRTOS/stream_buffer.o
 .group         0x00000000        0x8 ./FreeRTOS/stream_buffer.o
 .group         0x00000000        0x8 ./FreeRTOS/stream_buffer.o
 .group         0x00000000        0x8 ./FreeRTOS/stream_buffer.o
 .group         0x00000000        0x8 ./FreeRTOS/stream_buffer.o
 .group         0x00000000        0x8 ./FreeRTOS/stream_buffer.o
 .group         0x00000000        0x8 ./FreeRTOS/stream_buffer.o
 .group         0x00000000        0x8 ./FreeRTOS/stream_buffer.o
 .group         0x00000000        0x8 ./FreeRTOS/stream_buffer.o
 .text          0x00000000        0x0 ./FreeRTOS/stream_buffer.o
 .data          0x00000000        0x0 ./FreeRTOS/stream_buffer.o
 .bss           0x00000000        0x0 ./FreeRTOS/stream_buffer.o
 .text.xStreamBufferGenericCreate
                0x00000000       0x88 ./FreeRTOS/stream_buffer.o
 .text.vStreamBufferDelete
                0x00000000       0x40 ./FreeRTOS/stream_buffer.o
 .text.xStreamBufferReset
                0x00000000       0x64 ./FreeRTOS/stream_buffer.o
 .text.xStreamBufferSetTriggerLevel
                0x00000000       0x48 ./FreeRTOS/stream_buffer.o
 .text.xStreamBufferSpacesAvailable
                0x00000000       0x50 ./FreeRTOS/stream_buffer.o
 .text.xStreamBufferBytesAvailable
                0x00000000       0x2c ./FreeRTOS/stream_buffer.o
 .text.xStreamBufferSend
                0x00000000      0x15c ./FreeRTOS/stream_buffer.o
 .text.xStreamBufferSendFromISR
                0x00000000       0xb4 ./FreeRTOS/stream_buffer.o
 .text.prvWriteMessageToBuffer
                0x00000000       0x84 ./FreeRTOS/stream_buffer.o
 .text.xStreamBufferReceive
                0x00000000      0x110 ./FreeRTOS/stream_buffer.o
 .text.xStreamBufferNextMessageLengthBytes
                0x00000000       0x78 ./FreeRTOS/stream_buffer.o
 .text.xStreamBufferReceiveFromISR
                0x00000000       0xb0 ./FreeRTOS/stream_buffer.o
 .text.prvReadMessageFromBuffer
                0x00000000       0x68 ./FreeRTOS/stream_buffer.o
 .text.xStreamBufferIsEmpty
                0x00000000       0x3c ./FreeRTOS/stream_buffer.o
 .text.xStreamBufferIsFull
                0x00000000       0x50 ./FreeRTOS/stream_buffer.o
 .text.xStreamBufferSendCompletedFromISR
                0x00000000       0x64 ./FreeRTOS/stream_buffer.o
 .text.xStreamBufferReceiveCompletedFromISR
                0x00000000       0x64 ./FreeRTOS/stream_buffer.o
 .text.prvWriteBytesToBuffer
                0x00000000       0xb8 ./FreeRTOS/stream_buffer.o
 .text.prvReadBytesFromBuffer
                0x00000000       0xc8 ./FreeRTOS/stream_buffer.o
 .text.prvBytesInBuffer
                0x00000000       0x3c ./FreeRTOS/stream_buffer.o
 .text.prvInitialiseNewStreamBuffer
                0x00000000       0x5c ./FreeRTOS/stream_buffer.o
 .text.uxStreamBufferGetStreamBufferNumber
                0x00000000       0x14 ./FreeRTOS/stream_buffer.o
 .text.vStreamBufferSetStreamBufferNumber
                0x00000000       0x18 ./FreeRTOS/stream_buffer.o
 .text.ucStreamBufferGetStreamBufferType
                0x00000000       0x1c ./FreeRTOS/stream_buffer.o
 .debug_info    0x00000000      0xbd8 ./FreeRTOS/stream_buffer.o
 .debug_abbrev  0x00000000      0x1cd ./FreeRTOS/stream_buffer.o
 .debug_aranges
                0x00000000       0xd8 ./FreeRTOS/stream_buffer.o
 .debug_ranges  0x00000000       0xc8 ./FreeRTOS/stream_buffer.o
 .debug_macro   0x00000000      0x194 ./FreeRTOS/stream_buffer.o
 .debug_macro   0x00000000      0x802 ./FreeRTOS/stream_buffer.o
 .debug_macro   0x00000000       0x16 ./FreeRTOS/stream_buffer.o
 .debug_macro   0x00000000       0x44 ./FreeRTOS/stream_buffer.o
 .debug_macro   0x00000000      0x209 ./FreeRTOS/stream_buffer.o
 .debug_macro   0x00000000       0x58 ./FreeRTOS/stream_buffer.o
 .debug_macro   0x00000000       0x35 ./FreeRTOS/stream_buffer.o
 .debug_macro   0x00000000       0xa3 ./FreeRTOS/stream_buffer.o
 .debug_macro   0x00000000      0x166 ./FreeRTOS/stream_buffer.o
 .debug_macro   0x00000000       0x52 ./FreeRTOS/stream_buffer.o
 .debug_macro   0x00000000       0x16 ./FreeRTOS/stream_buffer.o
 .debug_macro   0x00000000       0x43 ./FreeRTOS/stream_buffer.o
 .debug_macro   0x00000000      0x180 ./FreeRTOS/stream_buffer.o
 .debug_macro   0x00000000      0x2a6 ./FreeRTOS/stream_buffer.o
 .debug_macro   0x00000000       0x10 ./FreeRTOS/stream_buffer.o
 .debug_macro   0x00000000       0x35 ./FreeRTOS/stream_buffer.o
 .debug_macro   0x00000000      0x106 ./FreeRTOS/stream_buffer.o
 .debug_macro   0x00000000      0x15a ./FreeRTOS/stream_buffer.o
 .debug_macro   0x00000000       0xb8 ./FreeRTOS/stream_buffer.o
 .debug_macro   0x00000000       0x1c ./FreeRTOS/stream_buffer.o
 .debug_macro   0x00000000       0x26 ./FreeRTOS/stream_buffer.o
 .debug_macro   0x00000000      0x520 ./FreeRTOS/stream_buffer.o
 .debug_macro   0x00000000       0xb5 ./FreeRTOS/stream_buffer.o
 .debug_macro   0x00000000      0x120 ./FreeRTOS/stream_buffer.o
 .debug_macro   0x00000000       0x18 ./FreeRTOS/stream_buffer.o
 .debug_line    0x00000000      0x73d ./FreeRTOS/stream_buffer.o
 .debug_str     0x00000000     0xaa8b ./FreeRTOS/stream_buffer.o
 .comment       0x00000000       0x71 ./FreeRTOS/stream_buffer.o
 .ARM.attributes
                0x00000000       0x32 ./FreeRTOS/stream_buffer.o
 .debug_frame   0x00000000      0x310 ./FreeRTOS/stream_buffer.o
 .group         0x00000000        0x8 ./FreeRTOS/tasks.o
 .group         0x00000000        0x8 ./FreeRTOS/tasks.o
 .group         0x00000000        0x8 ./FreeRTOS/tasks.o
 .group         0x00000000        0x8 ./FreeRTOS/tasks.o
 .group         0x00000000        0x8 ./FreeRTOS/tasks.o
 .group         0x00000000        0x8 ./FreeRTOS/tasks.o
 .group         0x00000000        0x8 ./FreeRTOS/tasks.o
 .group         0x00000000        0x8 ./FreeRTOS/tasks.o
 .group         0x00000000        0x8 ./FreeRTOS/tasks.o
 .group         0x00000000        0x8 ./FreeRTOS/tasks.o
 .group         0x00000000        0x8 ./FreeRTOS/tasks.o
 .group         0x00000000        0x8 ./FreeRTOS/tasks.o
 .group         0x00000000        0x8 ./FreeRTOS/tasks.o
 .group         0x00000000        0x8 ./FreeRTOS/tasks.o
 .group         0x00000000        0x8 ./FreeRTOS/tasks.o
 .group         0x00000000        0x8 ./FreeRTOS/tasks.o
 .group         0x00000000        0x8 ./FreeRTOS/tasks.o
 .group         0x00000000        0x8 ./FreeRTOS/tasks.o
 .group         0x00000000        0x8 ./FreeRTOS/tasks.o
 .group         0x00000000        0x8 ./FreeRTOS/tasks.o
 .group         0x00000000        0x8 ./FreeRTOS/tasks.o
 .group         0x00000000        0x8 ./FreeRTOS/tasks.o
 .group         0x00000000        0x8 ./FreeRTOS/tasks.o
 .group         0x00000000        0x8 ./FreeRTOS/tasks.o
 .group         0x00000000        0x8 ./FreeRTOS/tasks.o
 .group         0x00000000        0x8 ./FreeRTOS/tasks.o
 .group         0x00000000        0x8 ./FreeRTOS/tasks.o
 .group         0x00000000        0x8 ./FreeRTOS/tasks.o
 .text          0x00000000        0x0 ./FreeRTOS/tasks.o
 .data          0x00000000        0x0 ./FreeRTOS/tasks.o
 .bss           0x00000000        0x0 ./FreeRTOS/tasks.o
 .text.vTaskDelete
                0x00000000       0xc4 ./FreeRTOS/tasks.o
 .text.xTaskDelayUntil
                0x00000000       0xb8 ./FreeRTOS/tasks.o
 .text.eTaskGetState
                0x00000000       0xf4 ./FreeRTOS/tasks.o
 .text.uxTaskPriorityGet
                0x00000000       0x34 ./FreeRTOS/tasks.o
 .text.uxTaskPriorityGetFromISR
                0x00000000       0x3c ./FreeRTOS/tasks.o
 .text.vTaskPrioritySet
                0x00000000      0x118 ./FreeRTOS/tasks.o
 .text.vTaskSuspend
                0x00000000       0xe8 ./FreeRTOS/tasks.o
 .text.prvTaskIsTaskSuspended
                0x00000000       0x4c ./FreeRTOS/tasks.o
 .text.vTaskResume
                0x00000000       0x9c ./FreeRTOS/tasks.o
 .text.xTaskResumeFromISR
                0x00000000       0xc4 ./FreeRTOS/tasks.o
 .text.vTaskEndScheduler
                0x00000000       0x18 ./FreeRTOS/tasks.o
 .text.xTaskGetTickCountFromISR
                0x00000000       0x20 ./FreeRTOS/tasks.o
 .text.uxTaskGetNumberOfTasks
                0x00000000       0x14 ./FreeRTOS/tasks.o
 .text.pcTaskGetName
                0x00000000       0x34 ./FreeRTOS/tasks.o
 .text.uxTaskGetSystemState
                0x00000000      0x11c ./FreeRTOS/tasks.o
 .text.xTaskCatchUpTicks
                0x00000000       0x40 ./FreeRTOS/tasks.o
 .text.vTaskPlaceOnUnorderedEventList
                0x00000000       0x58 ./FreeRTOS/tasks.o
 .text.vTaskRemoveFromUnorderedEventList
                0x00000000       0xa4 ./FreeRTOS/tasks.o
 .text.vTaskSetTimeOutState
                0x00000000       0x38 ./FreeRTOS/tasks.o
 .text.uxTaskGetTaskNumber
                0x00000000       0x28 ./FreeRTOS/tasks.o
 .text.vTaskSetTaskNumber
                0x00000000       0x20 ./FreeRTOS/tasks.o
 .text.vTaskGetInfo
                0x00000000       0xd4 ./FreeRTOS/tasks.o
 .text.prvListTasksWithinSingleList
                0x00000000       0xa8 ./FreeRTOS/tasks.o
 .text.prvTaskCheckFreeStackSpace
                0x00000000       0x34 ./FreeRTOS/tasks.o
 .text.xTaskGetCurrentTaskHandle
                0x00000000       0x1c ./FreeRTOS/tasks.o
 .text.xTaskPriorityInherit
                0x00000000       0xd0 ./FreeRTOS/tasks.o
 .text.vTaskPriorityDisinheritAfterTimeout
                0x00000000       0xdc ./FreeRTOS/tasks.o
 .text.uxTaskResetEventItemValue
                0x00000000       0x2c ./FreeRTOS/tasks.o
 .text.pvTaskIncrementMutexHeldCount
                0x00000000       0x24 ./FreeRTOS/tasks.o
 .text.ulTaskGenericNotifyTake
                0x00000000       0xb4 ./FreeRTOS/tasks.o
 .text.xTaskGenericNotifyWait
                0x00000000       0xe8 ./FreeRTOS/tasks.o
 .text.xTaskGenericNotify
                0x00000000      0x16c ./FreeRTOS/tasks.o
 .rodata.xTaskGenericNotify
                0x00000000       0x14 ./FreeRTOS/tasks.o
 .text.xTaskGenericNotifyFromISR
                0x00000000      0x1a8 ./FreeRTOS/tasks.o
 .rodata.xTaskGenericNotifyFromISR
                0x00000000       0x14 ./FreeRTOS/tasks.o
 .text.vTaskGenericNotifyGiveFromISR
                0x00000000      0x110 ./FreeRTOS/tasks.o
 .text.xTaskGenericNotifyStateClear
                0x00000000       0x64 ./FreeRTOS/tasks.o
 .text.ulTaskGenericNotifyValueClear
                0x00000000       0x5c ./FreeRTOS/tasks.o
 .debug_macro   0x00000000      0x802 ./FreeRTOS/tasks.o
 .debug_macro   0x00000000       0x58 ./FreeRTOS/tasks.o
 .debug_macro   0x00000000       0x16 ./FreeRTOS/tasks.o
 .debug_macro   0x00000000       0x35 ./FreeRTOS/tasks.o
 .debug_macro   0x00000000       0xa3 ./FreeRTOS/tasks.o
 .debug_macro   0x00000000       0x16 ./FreeRTOS/tasks.o
 .debug_macro   0x00000000      0x10e ./FreeRTOS/tasks.o
 .debug_macro   0x00000000       0x7f ./FreeRTOS/tasks.o
 .debug_macro   0x00000000       0x4a ./FreeRTOS/tasks.o
 .debug_macro   0x00000000       0x52 ./FreeRTOS/tasks.o
 .debug_macro   0x00000000       0x16 ./FreeRTOS/tasks.o
 .debug_macro   0x00000000       0x43 ./FreeRTOS/tasks.o
 .debug_macro   0x00000000      0x180 ./FreeRTOS/tasks.o
 .debug_macro   0x00000000       0x22 ./FreeRTOS/tasks.o
 .debug_macro   0x00000000      0x2a6 ./FreeRTOS/tasks.o
 .debug_macro   0x00000000       0x10 ./FreeRTOS/tasks.o
 .debug_macro   0x00000000       0x35 ./FreeRTOS/tasks.o
 .debug_macro   0x00000000      0x20f ./FreeRTOS/tasks.o
 .debug_macro   0x00000000      0x106 ./FreeRTOS/tasks.o
 .debug_macro   0x00000000      0x15a ./FreeRTOS/tasks.o
 .debug_macro   0x00000000       0xb8 ./FreeRTOS/tasks.o
 .debug_macro   0x00000000       0x1c ./FreeRTOS/tasks.o
 .debug_macro   0x00000000       0x26 ./FreeRTOS/tasks.o
 .debug_macro   0x00000000      0x520 ./FreeRTOS/tasks.o
 .debug_macro   0x00000000       0xb5 ./FreeRTOS/tasks.o
 .debug_macro   0x00000000      0x120 ./FreeRTOS/tasks.o
 .debug_macro   0x00000000       0x91 ./FreeRTOS/tasks.o
 .group         0x00000000        0x8 ./FreeRTOS/timers.o
 .group         0x00000000        0x8 ./FreeRTOS/timers.o
 .group         0x00000000        0x8 ./FreeRTOS/timers.o
 .group         0x00000000        0x8 ./FreeRTOS/timers.o
 .group         0x00000000        0x8 ./FreeRTOS/timers.o
 .group         0x00000000        0x8 ./FreeRTOS/timers.o
 .group         0x00000000        0x8 ./FreeRTOS/timers.o
 .group         0x00000000        0x8 ./FreeRTOS/timers.o
 .group         0x00000000        0x8 ./FreeRTOS/timers.o
 .group         0x00000000        0x8 ./FreeRTOS/timers.o
 .group         0x00000000        0x8 ./FreeRTOS/timers.o
 .group         0x00000000        0x8 ./FreeRTOS/timers.o
 .group         0x00000000        0x8 ./FreeRTOS/timers.o
 .group         0x00000000        0x8 ./FreeRTOS/timers.o
 .group         0x00000000        0x8 ./FreeRTOS/timers.o
 .group         0x00000000        0x8 ./FreeRTOS/timers.o
 .group         0x00000000        0x8 ./FreeRTOS/timers.o
 .group         0x00000000        0x8 ./FreeRTOS/timers.o
 .group         0x00000000        0x8 ./FreeRTOS/timers.o
 .group         0x00000000        0x8 ./FreeRTOS/timers.o
 .group         0x00000000        0x8 ./FreeRTOS/timers.o
 .group         0x00000000        0x8 ./FreeRTOS/timers.o
 .group         0x00000000        0x8 ./FreeRTOS/timers.o
 .group         0x00000000        0x8 ./FreeRTOS/timers.o
 .group         0x00000000        0x8 ./FreeRTOS/timers.o
 .text          0x00000000        0x0 ./FreeRTOS/timers.o
 .data          0x00000000        0x0 ./FreeRTOS/timers.o
 .bss           0x00000000        0x0 ./FreeRTOS/timers.o
 .text.xTimerCreate
                0x00000000       0x44 ./FreeRTOS/timers.o
 .text.prvInitialiseNewTimer
                0x00000000       0x64 ./FreeRTOS/timers.o
 .text.xTimerGetTimerDaemonTaskHandle
                0x00000000       0x20 ./FreeRTOS/timers.o
 .text.xTimerGetPeriod
                0x00000000       0x24 ./FreeRTOS/timers.o
 .text.vTimerSetReloadMode
                0x00000000       0x54 ./FreeRTOS/timers.o
 .text.uxTimerGetReloadMode
                0x00000000       0x40 ./FreeRTOS/timers.o
 .text.xTimerGetExpiryTime
                0x00000000       0x28 ./FreeRTOS/timers.o
 .text.pcTimerGetName
                0x00000000       0x24 ./FreeRTOS/timers.o
 .text.xTimerIsTimerActive
                0x00000000       0x40 ./FreeRTOS/timers.o
 .text.pvTimerGetTimerID
                0x00000000       0x30 ./FreeRTOS/timers.o
 .text.vTimerSetTimerID
                0x00000000       0x2c ./FreeRTOS/timers.o
 .text.uxTimerGetTimerNumber
                0x00000000       0x14 ./FreeRTOS/timers.o
 .text.vTimerSetTimerNumber
                0x00000000       0x18 ./FreeRTOS/timers.o
 .debug_macro   0x00000000      0x802 ./FreeRTOS/timers.o
 .debug_macro   0x00000000       0x58 ./FreeRTOS/timers.o
 .debug_macro   0x00000000       0x16 ./FreeRTOS/timers.o
 .debug_macro   0x00000000       0x35 ./FreeRTOS/timers.o
 .debug_macro   0x00000000       0xa3 ./FreeRTOS/timers.o
 .debug_macro   0x00000000       0x16 ./FreeRTOS/timers.o
 .debug_macro   0x00000000      0x10e ./FreeRTOS/timers.o
 .debug_macro   0x00000000       0x7f ./FreeRTOS/timers.o
 .debug_macro   0x00000000       0x4a ./FreeRTOS/timers.o
 .debug_macro   0x00000000       0x52 ./FreeRTOS/timers.o
 .debug_macro   0x00000000       0x16 ./FreeRTOS/timers.o
 .debug_macro   0x00000000       0x43 ./FreeRTOS/timers.o
 .debug_macro   0x00000000      0x180 ./FreeRTOS/timers.o
 .debug_macro   0x00000000       0x22 ./FreeRTOS/timers.o
 .debug_macro   0x00000000      0x20f ./FreeRTOS/timers.o
 .debug_macro   0x00000000      0x106 ./FreeRTOS/timers.o
 .debug_macro   0x00000000      0x15a ./FreeRTOS/timers.o
 .debug_macro   0x00000000       0xb8 ./FreeRTOS/timers.o
 .debug_macro   0x00000000       0x1c ./FreeRTOS/timers.o
 .debug_macro   0x00000000       0x26 ./FreeRTOS/timers.o
 .debug_macro   0x00000000      0x520 ./FreeRTOS/timers.o
 .debug_macro   0x00000000       0xb5 ./FreeRTOS/timers.o
 .debug_macro   0x00000000      0x120 ./FreeRTOS/timers.o
 .debug_macro   0x00000000       0x80 ./FreeRTOS/timers.o
 .data          0x00000000        0x0 c:/freescale/kds_v3/toolchain/bin/../lib/gcc/arm-none-eabi/4.8.4/armv6-m\libgcc.a(_udivsi3.o)
 .bss           0x00000000        0x0 c:/freescale/kds_v3/toolchain/bin/../lib/gcc/arm-none-eabi/4.8.4/armv6-m\libgcc.a(_udivsi3.o)
 .data          0x00000000        0x0 c:/freescale/kds_v3/toolchain/bin/../lib/gcc/arm-none-eabi/4.8.4/armv6-m\libgcc.a(_dvmd_tls.o)
 .bss           0x00000000        0x0 c:/freescale/kds_v3/toolchain/bin/../lib/gcc/arm-none-eabi/4.8.4/armv6-m\libgcc.a(_dvmd_tls.o)
 .text          0x00000000        0x0 c:/freescale/kds_v3/toolchain/bin/../lib/gcc/arm-none-eabi/4.8.4/../../../../arm-none-eabi/lib/armv6-m\libg_s.a(lib_a-exit.o)
 .data          0x00000000        0x0 c:/freescale/kds_v3/toolchain/bin/../lib/gcc/arm-none-eabi/4.8.4/../../../../arm-none-eabi/lib/armv6-m\libg_s.a(lib_a-exit.o)
 .bss           0x00000000        0x0 c:/freescale/kds_v3/toolchain/bin/../lib/gcc/arm-none-eabi/4.8.4/../../../../arm-none-eabi/lib/armv6-m\libg_s.a(lib_a-exit.o)
 .text          0x00000000        0x0 c:/freescale/kds_v3/toolchain/bin/../lib/gcc/arm-none-eabi/4.8.4/../../../../arm-none-eabi/lib/armv6-m\libg_s.a(lib_a-impure.o)
 .data          0x00000000        0x0 c:/freescale/kds_v3/toolchain/bin/../lib/gcc/arm-none-eabi/4.8.4/../../../../arm-none-eabi/lib/armv6-m\libg_s.a(lib_a-impure.o)
 .bss           0x00000000        0x0 c:/freescale/kds_v3/toolchain/bin/../lib/gcc/arm-none-eabi/4.8.4/../../../../arm-none-eabi/lib/armv6-m\libg_s.a(lib_a-impure.o)
 .data._impure_ptr
                0x00000000        0x4 c:/freescale/kds_v3/toolchain/bin/../lib/gcc/arm-none-eabi/4.8.4/../../../../arm-none-eabi/lib/armv6-m\libg_s.a(lib_a-impure.o)
 .text          0x00000000        0x0 c:/freescale/kds_v3/toolchain/bin/../lib/gcc/arm-none-eabi/4.8.4/../../../../arm-none-eabi/lib/armv6-m\libg_s.a(lib_a-init.o)
 .data          0x00000000        0x0 c:/freescale/kds_v3/toolchain/bin/../lib/gcc/arm-none-eabi/4.8.4/../../../../arm-none-eabi/lib/armv6-m\libg_s.a(lib_a-init.o)
 .bss           0x00000000        0x0 c:/freescale/kds_v3/toolchain/bin/../lib/gcc/arm-none-eabi/4.8.4/../../../../arm-none-eabi/lib/armv6-m\libg_s.a(lib_a-init.o)
 .text          0x00000000        0x0 c:/freescale/kds_v3/toolchain/bin/../lib/gcc/arm-none-eabi/4.8.4/../../../../arm-none-eabi/lib/armv6-m\libg_s.a(lib_a-memcpy-stub.o)
 .data          0x00000000        0x0 c:/freescale/kds_v3/toolchain/bin/../lib/gcc/arm-none-eabi/4.8.4/../../../../arm-none-eabi/lib/armv6-m\libg_s.a(lib_a-memcpy-stub.o)
 .bss           0x00000000        0x0 c:/freescale/kds_v3/toolchain/bin/../lib/gcc/arm-none-eabi/4.8.4/../../../../arm-none-eabi/lib/armv6-m\libg_s.a(lib_a-memcpy-stub.o)
 .text          0x00000000        0x0 c:/freescale/kds_v3/toolchain/bin/../lib/gcc/arm-none-eabi/4.8.4/../../../../arm-none-eabi/lib/armv6-m\libg_s.a(lib_a-memset.o)
 .data          0x00000000        0x0 c:/freescale/kds_v3/toolchain/bin/../lib/gcc/arm-none-eabi/4.8.4/../../../../arm-none-eabi/lib/armv6-m\libg_s.a(lib_a-memset.o)
 .bss           0x00000000        0x0 c:/freescale/kds_v3/toolchain/bin/../lib/gcc/arm-none-eabi/4.8.4/../../../../arm-none-eabi/lib/armv6-m\libg_s.a(lib_a-memset.o)
 .text          0x00000000        0x0 c:/freescale/kds_v3/toolchain/bin/../lib/gcc/arm-none-eabi/4.8.4/../../../../arm-none-eabi/lib/armv6-m\libnosys.a(_exit.o)
 .data          0x00000000        0x0 c:/freescale/kds_v3/toolchain/bin/../lib/gcc/arm-none-eabi/4.8.4/../../../../arm-none-eabi/lib/armv6-m\libnosys.a(_exit.o)
 .bss           0x00000000        0x0 c:/freescale/kds_v3/toolchain/bin/../lib/gcc/arm-none-eabi/4.8.4/../../../../arm-none-eabi/lib/armv6-m\libnosys.a(_exit.o)
 .text          0x00000000        0x0 c:/freescale/kds_v3/toolchain/bin/../lib/gcc/arm-none-eabi/4.8.4/armv6-m/crtend.o
 .data          0x00000000        0x0 c:/freescale/kds_v3/toolchain/bin/../lib/gcc/arm-none-eabi/4.8.4/armv6-m/crtend.o
 .bss           0x00000000        0x0 c:/freescale/kds_v3/toolchain/bin/../lib/gcc/arm-none-eabi/4.8.4/armv6-m/crtend.o
 .eh_frame      0x00000000        0x4 c:/freescale/kds_v3/toolchain/bin/../lib/gcc/arm-none-eabi/4.8.4/armv6-m/crtend.o
 .text          0x00000000        0x0 c:/freescale/kds_v3/toolchain/bin/../lib/gcc/arm-none-eabi/4.8.4/armv6-m/crtn.o
 .data          0x00000000        0x0 c:/freescale/kds_v3/toolchain/bin/../lib/gcc/arm-none-eabi/4.8.4/armv6-m/crtn.o
 .bss           0x00000000        0x0 c:/freescale/kds_v3/toolchain/bin/../lib/gcc/arm-none-eabi/4.8.4/armv6-m/crtn.o

Memory Configuration

Name             Origin             Length             Attributes
m_interrupts     0x00000000         0x00000100         xr
m_flash_config   0x00000400         0x00000010         xr
m_text           0x00000410         0x0003fbf0         xr
m_data           0x1fffe000         0x00008000         rw
*default*        0x00000000         0xffffffff

Linker script and memory map

LOAD c:/freescale/kds_v3/toolchain/bin/../lib/gcc/arm-none-eabi/4.8.4/armv6-m/crti.o
LOAD c:/freescale/kds_v3/toolchain/bin/../lib/gcc/arm-none-eabi/4.8.4/armv6-m/crtbegin.o
LOAD c:/freescale/kds_v3/toolchain/bin/../lib/gcc/arm-none-eabi/4.8.4/../../../../arm-none-eabi/lib/armv6-m/crt0.o
LOAD ./Sources/main.o
LOAD ./Project_Settings/Startup_Code/startup_MKL46Z4.o
LOAD ./Project_Settings/Startup_Code/system_MKL46Z4.o
LOAD ./FreeRTOS/portable/MemMang/heap_1.o
LOAD ./FreeRTOS/portable/GCC/ARM_CM0/port.o
LOAD ./FreeRTOS/croutine.o
LOAD ./FreeRTOS/event_groups.o
LOAD ./FreeRTOS/list.o
LOAD ./FreeRTOS/queue.o
LOAD ./FreeRTOS/stream_buffer.o
LOAD ./FreeRTOS/tasks.o
LOAD ./FreeRTOS/timers.o
LOAD c:/freescale/kds_v3/toolchain/bin/../lib/gcc/arm-none-eabi/4.8.4/../../../../arm-none-eabi/lib/armv6-m\libstdc++_s.a
LOAD c:/freescale/kds_v3/toolchain/bin/../lib/gcc/arm-none-eabi/4.8.4/../../../../arm-none-eabi/lib/armv6-m\libm.a
START GROUP
LOAD c:/freescale/kds_v3/toolchain/bin/../lib/gcc/arm-none-eabi/4.8.4/armv6-m\libgcc.a
LOAD c:/freescale/kds_v3/toolchain/bin/../lib/gcc/arm-none-eabi/4.8.4/../../../../arm-none-eabi/lib/armv6-m\libg_s.a
LOAD c:/freescale/kds_v3/toolchain/bin/../lib/gcc/arm-none-eabi/4.8.4/../../../../arm-none-eabi/lib/armv6-m\libc_s.a
END GROUP
START GROUP
LOAD c:/freescale/kds_v3/toolchain/bin/../lib/gcc/arm-none-eabi/4.8.4/armv6-m\libgcc.a
LOAD c:/freescale/kds_v3/toolchain/bin/../lib/gcc/arm-none-eabi/4.8.4/../../../../arm-none-eabi/lib/armv6-m\libc_s.a
LOAD c:/freescale/kds_v3/toolchain/bin/../lib/gcc/arm-none-eabi/4.8.4/../../../../arm-none-eabi/lib/armv6-m\libnosys.a
END GROUP
START GROUP
LOAD c:/freescale/kds_v3/toolchain/bin/../lib/gcc/arm-none-eabi/4.8.4/armv6-m\libgcc.a
LOAD c:/freescale/kds_v3/toolchain/bin/../lib/gcc/arm-none-eabi/4.8.4/../../../../arm-none-eabi/lib/armv6-m\libc_s.a
LOAD c:/freescale/kds_v3/toolchain/bin/../lib/gcc/arm-none-eabi/4.8.4/../../../../arm-none-eabi/lib/armv6-m\libnosys.a
END GROUP
LOAD c:/freescale/kds_v3/toolchain/bin/../lib/gcc/arm-none-eabi/4.8.4/armv6-m/crtend.o
LOAD c:/freescale/kds_v3/toolchain/bin/../lib/gcc/arm-none-eabi/4.8.4/armv6-m/crtn.o
                0x00000400                HEAP_SIZE = DEFINED (__heap_size__)?__heap_size__:0x400
                0x00000400                STACK_SIZE = DEFINED (__stack_size__)?__stack_size__:0x400

.interrupts     0x00000000       0xc0
                0x00000000                __VECTOR_TABLE = .
                0x00000000                . = ALIGN (0x4)
 *(.isr_vector)
 .isr_vector    0x00000000       0xc0 ./Project_Settings/Startup_Code/startup_MKL46Z4.o
                0x00000000                __isr_vector
                0x000000c0                . = ALIGN (0x4)

.flash_config   0x00000400       0x10
                0x00000400                . = ALIGN (0x4)
 *(.FlashConfig)
 .FlashConfig   0x00000400       0x10 ./Project_Settings/Startup_Code/startup_MKL46Z4.o
                0x00000410                . = ALIGN (0x4)

.text           0x00000410     0x21d0
                0x00000410                . = ALIGN (0x4)
 *(.text)
 .text          0x00000410       0x60 c:/freescale/kds_v3/toolchain/bin/../lib/gcc/arm-none-eabi/4.8.4/armv6-m/crtbegin.o
 .text          0x00000470       0x78 c:/freescale/kds_v3/toolchain/bin/../lib/gcc/arm-none-eabi/4.8.4/../../../../arm-none-eabi/lib/armv6-m/crt0.o
                0x00000470                _start
                0x00000470                _mainCRTStartup
 .text          0x000004e8       0x34 ./Project_Settings/Startup_Code/startup_MKL46Z4.o
                0x000004e8                Reset_Handler
                0x00000514                HardFault_Handler
                0x00000514                NMI_Handler
                0x00000514                PORTC_PORTD_IRQHandler
                0x00000514                I2C1_IRQHandler
                0x00000514                UART1_IRQHandler
                0x00000514                DMA2_IRQHandler
                0x00000514                TPM0_IRQHandler
                0x00000514                I2S0_IRQHandler
                0x00000514                LLWU_IRQHandler
                0x00000514                TSI0_IRQHandler
                0x00000514                UART0_IRQHandler
                0x00000514                ADC0_IRQHandler
                0x00000514                SPI1_IRQHandler
                0x00000514                DefaultISR
                0x00000514                TPM2_IRQHandler
                0x00000514                RTC_IRQHandler
                0x00000514                I2C0_IRQHandler
                0x00000514                LCD_IRQHandler
                0x00000514                RTC_Seconds_IRQHandler
                0x00000514                MCG_IRQHandler
                0x00000514                UART2_IRQHandler
                0x00000514                Reserved20_IRQHandler
                0x00000514                USB0_IRQHandler
                0x00000514                PIT_IRQHandler
                0x00000514                DMA3_IRQHandler
                0x00000514                DMA0_IRQHandler
                0x00000514                DAC0_IRQHandler
                0x00000514                TPM1_IRQHandler
                0x00000514                LVD_LVW_IRQHandler
                0x00000514                SPI0_IRQHandler
                0x00000514                PORTA_IRQHandler
                0x00000514                FTFA_IRQHandler
                0x00000514                LPTMR0_IRQHandler
                0x00000514                CMP0_IRQHandler
                0x00000514                DMA1_IRQHandler
 .text          0x0000051c       0x9c c:/freescale/kds_v3/toolchain/bin/../lib/gcc/arm-none-eabi/4.8.4/armv6-m\libgcc.a(_udivsi3.o)
                0x0000051c                __aeabi_uidiv
                0x0000051c                __udivsi3
                0x000005a4                __aeabi_uidivmod
 .text          0x000005b8        0x4 c:/freescale/kds_v3/toolchain/bin/../lib/gcc/arm-none-eabi/4.8.4/armv6-m\libgcc.a(_dvmd_tls.o)
                0x000005b8                __aeabi_idiv0
                0x000005b8                __aeabi_ldiv0
 *(.text*)
 .text.main     0x000005bc       0x58 ./Sources/main.o
                0x000005bc                main
 .text.vTask1   0x00000614       0x24 ./Sources/main.o
                0x00000614                vTask1
 .text.vTask2   0x00000638       0x24 ./Sources/main.o
                0x00000638                vTask2
 .text.GPIO_Init
                0x0000065c       0x5c ./Sources/main.o
                0x0000065c                GPIO_Init
 .text.SystemInit
                0x000006b8       0x18 ./Project_Settings/Startup_Code/system_MKL46Z4.o
                0x000006b8                SystemInit
 .text.pvPortMalloc
                0x000006d0       0x8c ./FreeRTOS/portable/MemMang/heap_1.o
                0x000006d0                pvPortMalloc
 .text.vPortFree
                0x0000075c       0x18 ./FreeRTOS/portable/MemMang/heap_1.o
                0x0000075c                vPortFree
 .text.pxPortInitialiseStack
                0x00000774       0x54 ./FreeRTOS/portable/GCC/ARM_CM0/port.o
                0x00000774                pxPortInitialiseStack
 .text.prvTaskExitError
                0x000007c8       0x2c ./FreeRTOS/portable/GCC/ARM_CM0/port.o
 .text.SVC_Handler
                0x000007f4        0x8 ./FreeRTOS/portable/GCC/ARM_CM0/port.o
                0x000007f4                SVC_Handler
 *fill*         0x000007fc        0x4 
 .text.vPortStartFirstTask
                0x00000800       0x40 ./FreeRTOS/portable/GCC/ARM_CM0/port.o
 .text.xPortStartScheduler
                0x00000840       0x48 ./FreeRTOS/portable/GCC/ARM_CM0/port.o
                0x00000840                xPortStartScheduler
 .text.vPortYield
                0x00000888       0x1c ./FreeRTOS/portable/GCC/ARM_CM0/port.o
                0x00000888                vPortYield
 .text.vPortEnterCritical
                0x000008a4       0x20 ./FreeRTOS/portable/GCC/ARM_CM0/port.o
                0x000008a4                vPortEnterCritical
 .text.vPortExitCritical
                0x000008c4       0x2c ./FreeRTOS/portable/GCC/ARM_CM0/port.o
                0x000008c4                vPortExitCritical
 .text.ulSetInterruptMaskFromISR
                0x000008f0        0xc ./FreeRTOS/portable/GCC/ARM_CM0/port.o
                0x000008f0                ulSetInterruptMaskFromISR
 .text.vClearInterruptMaskFromISR
                0x000008fc        0x8 ./FreeRTOS/portable/GCC/ARM_CM0/port.o
                0x000008fc                vClearInterruptMaskFromISR
 *fill*         0x00000904        0xc 
 .text.PendSV_Handler
                0x00000910       0x50 ./FreeRTOS/portable/GCC/ARM_CM0/port.o
                0x00000910                PendSV_Handler
 .text.SysTick_Handler
                0x00000960       0x34 ./FreeRTOS/portable/GCC/ARM_CM0/port.o
                0x00000960                SysTick_Handler
 .text.vPortSetupTimerInterrupt
                0x00000994       0x30 ./FreeRTOS/portable/GCC/ARM_CM0/port.o
                0x00000994                vPortSetupTimerInterrupt
 .text.vListInitialise
                0x000009c4       0x3c ./FreeRTOS/list.o
                0x000009c4                vListInitialise
 .text.vListInitialiseItem
                0x00000a00       0x14 ./FreeRTOS/list.o
                0x00000a00                vListInitialiseItem
 .text.vListInsertEnd
                0x00000a14       0x44 ./FreeRTOS/list.o
                0x00000a14                vListInsertEnd
 .text.vListInsert
                0x00000a58       0x6c ./FreeRTOS/list.o
                0x00000a58                vListInsert
 .text.uxListRemove
                0x00000ac4       0x50 ./FreeRTOS/list.o
                0x00000ac4                uxListRemove
 .text.xQueueGenericReset
                0x00000b14       0xac ./FreeRTOS/queue.o
                0x00000b14                xQueueGenericReset
 .text.xQueueGenericCreate
                0x00000bc0       0x80 ./FreeRTOS/queue.o
                0x00000bc0                xQueueGenericCreate
 .text.prvInitialiseNewQueue
                0x00000c40       0x4c ./FreeRTOS/queue.o
 .text.xQueueGenericSend
                0x00000c8c      0x1a0 ./FreeRTOS/queue.o
                0x00000c8c                xQueueGenericSend
 .text.xQueueGenericSendFromISR
                0x00000e2c      0x100 ./FreeRTOS/queue.o
                0x00000e2c                xQueueGenericSendFromISR
 .text.xQueueReceive
                0x00000f2c      0x180 ./FreeRTOS/queue.o
                0x00000f2c                xQueueReceive
 .text.prvCopyDataToQueue
                0x000010ac       0xe0 ./FreeRTOS/queue.o
 .text.prvCopyDataFromQueue
                0x0000118c       0x50 ./FreeRTOS/queue.o
 .text.prvUnlockQueue
                0x000011dc       0xc0 ./FreeRTOS/queue.o
 .text.prvIsQueueEmpty
                0x0000129c       0x2c ./FreeRTOS/queue.o
 .text.prvIsQueueFull
                0x000012c8       0x30 ./FreeRTOS/queue.o
 .text.vQueueWaitForMessageRestricted
                0x000012f8       0x70 ./FreeRTOS/queue.o
                0x000012f8                vQueueWaitForMessageRestricted
 .text.xTaskCreate
                0x00001368       0x90 ./FreeRTOS/tasks.o
                0x00001368                xTaskCreate
 .text.prvInitialiseNewTask
                0x000013f8      0x120 ./FreeRTOS/tasks.o
 .text.prvAddNewTaskToReadyList
                0x00001518       0xcc ./FreeRTOS/tasks.o
 .text.vTaskDelay
                0x000015e4       0x48 ./FreeRTOS/tasks.o
                0x000015e4                vTaskDelay
 .text.vTaskStartScheduler
                0x0000162c       0x84 ./FreeRTOS/tasks.o
                0x0000162c                vTaskStartScheduler
 .text.vTaskSuspendAll
                0x000016b0       0x18 ./FreeRTOS/tasks.o
                0x000016b0                vTaskSuspendAll
 .text.xTaskResumeAll
                0x000016c8      0x118 ./FreeRTOS/tasks.o
                0x000016c8                xTaskResumeAll
 .text.xTaskGetTickCount
                0x000017e0       0x1c ./FreeRTOS/tasks.o
                0x000017e0                xTaskGetTickCount
 .text.xTaskIncrementTick
                0x000017fc      0x160 ./FreeRTOS/tasks.o
                0x000017fc                xTaskIncrementTick
 .text.vTaskSwitchContext
                0x0000195c       0xa0 ./FreeRTOS/tasks.o
                0x0000195c                vTaskSwitchContext
 .text.vTaskPlaceOnEventList
                0x000019fc       0x38 ./FreeRTOS/tasks.o
                0x000019fc                vTaskPlaceOnEventList
 .text.vTaskPlaceOnEventListRestricted
                0x00001a34       0x48 ./FreeRTOS/tasks.o
                0x00001a34                vTaskPlaceOnEventListRestricted
 .text.xTaskRemoveFromEventList
                0x00001a7c       0xb8 ./FreeRTOS/tasks.o
                0x00001a7c                xTaskRemoveFromEventList
 .text.vTaskInternalSetTimeOutState
                0x00001b34       0x28 ./FreeRTOS/tasks.o
                0x00001b34                vTaskInternalSetTimeOutState
 .text.xTaskCheckForTimeOut
                0x00001b5c       0xa8 ./FreeRTOS/tasks.o
                0x00001b5c                xTaskCheckForTimeOut
 .text.vTaskMissedYield
                0x00001c04       0x14 ./FreeRTOS/tasks.o
                0x00001c04                vTaskMissedYield
 .text.prvIdleTask
                0x00001c18       0x20 ./FreeRTOS/tasks.o
 .text.prvInitialiseTaskLists
                0x00001c38       0x88 ./FreeRTOS/tasks.o
 .text.prvCheckTasksWaitingTermination
                0x00001cc0       0x58 ./FreeRTOS/tasks.o
 .text.prvDeleteTCB
                0x00001d18       0x20 ./FreeRTOS/tasks.o
 .text.prvResetNextTaskUnblockTime
                0x00001d38       0x30 ./FreeRTOS/tasks.o
 .text.xTaskGetSchedulerState
                0x00001d68       0x38 ./FreeRTOS/tasks.o
                0x00001d68                xTaskGetSchedulerState
 .text.xTaskPriorityDisinherit
                0x00001da0       0xb8 ./FreeRTOS/tasks.o
                0x00001da0                xTaskPriorityDisinherit
 .text.prvAddCurrentTaskToDelayedList
                0x00001e58       0xa8 ./FreeRTOS/tasks.o
 .text.xTimerCreateTimerTask
                0x00001f00       0x58 ./FreeRTOS/timers.o
                0x00001f00                xTimerCreateTimerTask
 .text.xTimerGenericCommand
                0x00001f58       0xac ./FreeRTOS/timers.o
                0x00001f58                xTimerGenericCommand
 .text.prvProcessExpiredTimer
                0x00002004       0x8c ./FreeRTOS/timers.o
 .text.prvTimerTask
                0x00002090       0x28 ./FreeRTOS/timers.o
 .text.prvProcessTimerOrBlockTask
                0x000020b8       0x94 ./FreeRTOS/timers.o
 .text.prvGetNextExpireTime
                0x0000214c       0x44 ./FreeRTOS/timers.o
 .text.prvSampleTimeNow
                0x00002190       0x40 ./FreeRTOS/timers.o
 .text.prvInsertTimerInActiveList
                0x000021d0       0x84 ./FreeRTOS/timers.o
 .text.prvProcessReceivedCommands
                0x00002254      0x170 ./FreeRTOS/timers.o
 .text.prvSwitchTimerLists
                0x000023c4       0xbc ./FreeRTOS/timers.o
 .text.prvCheckForValidListAndQueue
                0x00002480       0x58 ./FreeRTOS/timers.o
 .text.exit     0x000024d8       0x2c c:/freescale/kds_v3/toolchain/bin/../lib/gcc/arm-none-eabi/4.8.4/../../../../arm-none-eabi/lib/armv6-m\libg_s.a(lib_a-exit.o)
                0x000024d8                exit
 .text.__libc_init_array
                0x00002504       0x4c c:/freescale/kds_v3/toolchain/bin/../lib/gcc/arm-none-eabi/4.8.4/../../../../arm-none-eabi/lib/armv6-m\libg_s.a(lib_a-init.o)
                0x00002504                __libc_init_array
 .text.memcpy   0x00002550       0x12 c:/freescale/kds_v3/toolchain/bin/../lib/gcc/arm-none-eabi/4.8.4/../../../../arm-none-eabi/lib/armv6-m\libg_s.a(lib_a-memcpy-stub.o)
                0x00002550                memcpy
 .text.memset   0x00002562       0x10 c:/freescale/kds_v3/toolchain/bin/../lib/gcc/arm-none-eabi/4.8.4/../../../../arm-none-eabi/lib/armv6-m\libg_s.a(lib_a-memset.o)
                0x00002562                memset
 *fill*         0x00002572        0x2 
 .text._exit    0x00002574        0x4 c:/freescale/kds_v3/toolchain/bin/../lib/gcc/arm-none-eabi/4.8.4/../../../../arm-none-eabi/lib/armv6-m\libnosys.a(_exit.o)
                0x00002574                _exit
 *(.rodata)
 .rodata        0x00002578       0x10 ./Sources/main.o
 .rodata        0x00002588        0x8 ./FreeRTOS/tasks.o
 .rodata        0x00002590        0x8 ./FreeRTOS/timers.o
 *(.rodata*)
 .rodata.prvProcessReceivedCommands
                0x00002598       0x28 ./FreeRTOS/timers.o
 .rodata.str1.1
                0x000025c0        0x2 c:/freescale/kds_v3/toolchain/bin/../lib/gcc/arm-none-eabi/4.8.4/../../../../arm-none-eabi/lib/armv6-m\libg_s.a(lib_a-impure.o)
 *fill*         0x000025c2        0x2 
 .rodata._global_impure_ptr
                0x000025c4        0x4 c:/freescale/kds_v3/toolchain/bin/../lib/gcc/arm-none-eabi/4.8.4/../../../../arm-none-eabi/lib/armv6-m\libg_s.a(lib_a-impure.o)
                0x000025c4                _global_impure_ptr
 *(.glue_7)
 .glue_7        0x00000000        0x0 linker stubs
 *(.glue_7t)
 .glue_7t       0x00000000        0x0 linker stubs
 *(.eh_frame)
 .eh_frame      0x000025c8        0x0 c:/freescale/kds_v3/toolchain/bin/../lib/gcc/arm-none-eabi/4.8.4/armv6-m/crtbegin.o
 *(.init)
 .init          0x000025c8        0x4 c:/freescale/kds_v3/toolchain/bin/../lib/gcc/arm-none-eabi/4.8.4/armv6-m/crti.o
                0x000025c8                _init
 .init          0x000025cc        0x8 c:/freescale/kds_v3/toolchain/bin/../lib/gcc/arm-none-eabi/4.8.4/armv6-m/crtn.o
 *(.fini)
 .fini          0x000025d4        0x4 c:/freescale/kds_v3/toolchain/bin/../lib/gcc/arm-none-eabi/4.8.4/armv6-m/crti.o
                0x000025d4                _fini
 .fini          0x000025d8        0x8 c:/freescale/kds_v3/toolchain/bin/../lib/gcc/arm-none-eabi/4.8.4/armv6-m/crtn.o
                0x000025e0                . = ALIGN (0x4)

.vfp11_veneer   0x000025e0        0x0
 .vfp11_veneer  0x00000000        0x0 linker stubs

.v4_bx          0x000025e0        0x0
 .v4_bx         0x00000000        0x0 linker stubs

.iplt           0x000025e0        0x0
 .iplt          0x00000000        0x0 c:/freescale/kds_v3/toolchain/bin/../lib/gcc/arm-none-eabi/4.8.4/armv6-m/crtbegin.o

.ARM.extab
 *(.ARM.extab* .gnu.linkonce.armextab.*)

.ARM            0x000025e0        0x8
                0x000025e0                __exidx_start = .
 *(.ARM.exidx*)
 .ARM.exidx     0x000025e0        0x8 c:/freescale/kds_v3/toolchain/bin/../lib/gcc/arm-none-eabi/4.8.4/../../../../arm-none-eabi/lib/armv6-m/crt0.o
                0x000025e8                __exidx_end = .

.rel.dyn        0x000025e8        0x0
 .rel.iplt      0x00000000        0x0 c:/freescale/kds_v3/toolchain/bin/../lib/gcc/arm-none-eabi/4.8.4/armv6-m/crtbegin.o

.ctors          0x000025e8        0x0
                0x000025e8                __CTOR_LIST__ = .
 *crtbegin.o(.ctors)
 *crtbegin?.o(.ctors)
 *(EXCLUDE_FILE(*crtend.o *crtend?.o) .ctors)
 *(SORT(.ctors.*))
 *(.ctors)
                0x000025e8                __CTOR_END__ = .

.dtors          0x000025e8        0x0
                0x000025e8                __DTOR_LIST__ = .
 *crtbegin.o(.dtors)
 *crtbegin?.o(.dtors)
 *(EXCLUDE_FILE(*crtend.o *crtend?.o) .dtors)
 *(SORT(.dtors.*))
 *(.dtors)
                0x000025e8                __DTOR_END__ = .

.preinit_array  0x000025e8        0x0
                0x000025e8                PROVIDE (__preinit_array_start, .)
 *(.preinit_array*)
                0x000025e8                PROVIDE (__preinit_array_end, .)

.init_array     0x000025e8        0x4
                0x000025e8                PROVIDE (__init_array_start, .)
 *(SORT(.init_array.*))
 *(.init_array*)
 .init_array    0x000025e8        0x4 c:/freescale/kds_v3/toolchain/bin/../lib/gcc/arm-none-eabi/4.8.4/armv6-m/crtbegin.o
                0x000025ec                PROVIDE (__init_array_end, .)

.fini_array     0x000025ec        0x4
                0x000025ec                PROVIDE (__fini_array_start, .)
 *(SORT(.fini_array.*))
 *(.fini_array*)
 .fini_array    0x000025ec        0x4 c:/freescale/kds_v3/toolchain/bin/../lib/gcc/arm-none-eabi/4.8.4/armv6-m/crtbegin.o
                0x000025f0                PROVIDE (__fini_array_end, .)
                0x000025f0                __etext = .
                0x000025f0                __DATA_ROM = .

.mtb            0x1fffe000        0x0
                0x1fffe000                . = ALIGN (0x8)
                0x1fffe000                _mtb_start = .
 *(.mtb_buf)
                0x1fffe000                . = ALIGN (0x8)
                0x1fffe000                _mtb_end = .

.data           0x1fffe000       0x6c load address 0x000025f0
                0x1fffe000                . = ALIGN (0x4)
                0x1fffe000                __DATA_RAM = .
                0x1fffe000                __data_start__ = .
 *(.data)
 *(.data*)
 .data.uxCriticalNesting
                0x1fffe000        0x4 ./FreeRTOS/portable/GCC/ARM_CM0/port.o
 .data.uxTopUsedPriority
                0x1fffe004        0x4 ./FreeRTOS/tasks.o
                0x1fffe004                uxTopUsedPriority
 .data.impure_data
                0x1fffe008       0x60 c:/freescale/kds_v3/toolchain/bin/../lib/gcc/arm-none-eabi/4.8.4/../../../../arm-none-eabi/lib/armv6-m\libg_s.a(lib_a-impure.o)
 *(.jcr*)
 .jcr           0x1fffe068        0x0 c:/freescale/kds_v3/toolchain/bin/../lib/gcc/arm-none-eabi/4.8.4/armv6-m/crtbegin.o
 .jcr           0x1fffe068        0x4 c:/freescale/kds_v3/toolchain/bin/../lib/gcc/arm-none-eabi/4.8.4/armv6-m/crtend.o
                0x1fffe06c                . = ALIGN (0x4)
                0x1fffe06c                __data_end__ = .
                0x0000265c                __DATA_END = (__DATA_ROM + (__data_end__ - __data_start__))

.igot.plt       0x1fffe06c        0x0 load address 0x0000265c
 .igot.plt      0x00000000        0x0 c:/freescale/kds_v3/toolchain/bin/../lib/gcc/arm-none-eabi/4.8.4/armv6-m/crtbegin.o

.bss            0x1fffe06c     0x1d64 load address 0x0000265c
                0x1fffe06c                . = ALIGN (0x4)
                0x1fffe06c                __START_BSS = .
                0x1fffe06c                __bss_start__ = .
 *(.bss)
 .bss           0x1fffe06c       0x1c c:/freescale/kds_v3/toolchain/bin/../lib/gcc/arm-none-eabi/4.8.4/armv6-m/crtbegin.o
 *(.bss*)
 .bss.ucHeap    0x1fffe088     0x1c00 ./FreeRTOS/portable/MemMang/heap_1.o
 .bss.xNextFreeByte
                0x1ffffc88        0x4 ./FreeRTOS/portable/MemMang/heap_1.o
 .bss.pucAlignedHeap.4700
                0x1ffffc8c        0x4 ./FreeRTOS/portable/MemMang/heap_1.o
 .bss.pxCurrentTCB
                0x1ffffc90        0x4 ./FreeRTOS/tasks.o
                0x1ffffc90                pxCurrentTCB
 .bss.pxReadyTasksLists
                0x1ffffc94       0x64 ./FreeRTOS/tasks.o
 .bss.xDelayedTaskList1
                0x1ffffcf8       0x14 ./FreeRTOS/tasks.o
 .bss.xDelayedTaskList2
                0x1ffffd0c       0x14 ./FreeRTOS/tasks.o
 .bss.pxDelayedTaskList
                0x1ffffd20        0x4 ./FreeRTOS/tasks.o
 .bss.pxOverflowDelayedTaskList
                0x1ffffd24        0x4 ./FreeRTOS/tasks.o
 .bss.xPendingReadyList
                0x1ffffd28       0x14 ./FreeRTOS/tasks.o
 .bss.xTasksWaitingTermination
                0x1ffffd3c       0x14 ./FreeRTOS/tasks.o
 .bss.uxDeletedTasksWaitingCleanUp
                0x1ffffd50        0x4 ./FreeRTOS/tasks.o
 .bss.xSuspendedTaskList
                0x1ffffd54       0x14 ./FreeRTOS/tasks.o
 .bss.uxCurrentNumberOfTasks
                0x1ffffd68        0x4 ./FreeRTOS/tasks.o
 .bss.xTickCount
                0x1ffffd6c        0x4 ./FreeRTOS/tasks.o
 .bss.uxTopReadyPriority
                0x1ffffd70        0x4 ./FreeRTOS/tasks.o
 .bss.xSchedulerRunning
                0x1ffffd74        0x4 ./FreeRTOS/tasks.o
 .bss.xPendedTicks
                0x1ffffd78        0x4 ./FreeRTOS/tasks.o
 .bss.xYieldPending
                0x1ffffd7c        0x4 ./FreeRTOS/tasks.o
 .bss.xNumOfOverflows
                0x1ffffd80        0x4 ./FreeRTOS/tasks.o
 .bss.uxTaskNumber
                0x1ffffd84        0x4 ./FreeRTOS/tasks.o
 .bss.xNextTaskUnblockTime
                0x1ffffd88        0x4 ./FreeRTOS/tasks.o
 .bss.xIdleTaskHandle
                0x1ffffd8c        0x4 ./FreeRTOS/tasks.o
 .bss.uxSchedulerSuspended
                0x1ffffd90        0x4 ./FreeRTOS/tasks.o
 .bss.xActiveTimerList1
                0x1ffffd94       0x14 ./FreeRTOS/timers.o
 .bss.xActiveTimerList2
                0x1ffffda8       0x14 ./FreeRTOS/timers.o
 .bss.pxCurrentTimerList
                0x1ffffdbc        0x4 ./FreeRTOS/timers.o
 .bss.pxOverflowTimerList
                0x1ffffdc0        0x4 ./FreeRTOS/timers.o
 .bss.xTimerQueue
                0x1ffffdc4        0x4 ./FreeRTOS/timers.o
 .bss.xTimerTaskHandle
                0x1ffffdc8        0x4 ./FreeRTOS/timers.o
 .bss.xLastTime.5016
                0x1ffffdcc        0x4 ./FreeRTOS/timers.o
 *(COMMON)
                0x1ffffdd0                . = ALIGN (0x4)
                0x1ffffdd0                __bss_end__ = .
                0x1ffffdd0                __END_BSS = .

.heap           0x1ffffdd0      0x400 load address 0x000043c0
                0x1ffffdd0                . = ALIGN (0x8)
                0x1ffffdd0                __end__ = .
                0x1ffffdd0                PROVIDE (end, .)
                0x1ffffdd0                __HeapBase = .
                0x200001d0                . = (. + HEAP_SIZE)
 *fill*         0x1ffffdd0      0x400 
                0x200001d0                __HeapLimit = .

.stack          0x200001d0      0x400 load address 0x000047c0
                0x200001d0                . = ALIGN (0x8)
                0x200005d0                . = (. + STACK_SIZE)
 *fill*         0x200001d0      0x400 
                0x20006000                __StackTop = (ORIGIN (m_data) + 0x8000)
                0x20005c00                __StackLimit = (__StackTop - STACK_SIZE)
                0x20006000                PROVIDE (__stack, __StackTop)

.ARM.attributes
                0x00000000       0x28
 *(.ARM.attributes)
 .ARM.attributes
                0x00000000       0x1e c:/freescale/kds_v3/toolchain/bin/../lib/gcc/arm-none-eabi/4.8.4/armv6-m/crti.o
 .ARM.attributes
                0x0000001e       0x2c c:/freescale/kds_v3/toolchain/bin/../lib/gcc/arm-none-eabi/4.8.4/armv6-m/crtbegin.o
 .ARM.attributes
                0x0000004a       0x1b c:/freescale/kds_v3/toolchain/bin/../lib/gcc/arm-none-eabi/4.8.4/../../../../arm-none-eabi/lib/armv6-m/crt0.o
 .ARM.attributes
                0x00000065       0x32 ./Sources/main.o
 .ARM.attributes
                0x00000097       0x1b ./Project_Settings/Startup_Code/startup_MKL46Z4.o
 .ARM.attributes
                0x000000b2       0x32 ./Project_Settings/Startup_Code/system_MKL46Z4.o
 .ARM.attributes
                0x000000e4       0x32 ./FreeRTOS/portable/MemMang/heap_1.o
 .ARM.attributes
                0x00000116       0x32 ./FreeRTOS/portable/GCC/ARM_CM0/port.o
 .ARM.attributes
                0x00000148       0x32 ./FreeRTOS/list.o
 .ARM.attributes
                0x0000017a       0x32 ./FreeRTOS/queue.o
 .ARM.attributes
                0x000001ac       0x32 ./FreeRTOS/tasks.o
 .ARM.attributes
                0x000001de       0x32 ./FreeRTOS/timers.o
 .ARM.attributes
                0x00000210       0x1e c:/freescale/kds_v3/toolchain/bin/../lib/gcc/arm-none-eabi/4.8.4/armv6-m\libgcc.a(_udivsi3.o)
 .ARM.attributes
                0x0000022e       0x1e c:/freescale/kds_v3/toolchain/bin/../lib/gcc/arm-none-eabi/4.8.4/armv6-m\libgcc.a(_dvmd_tls.o)
 .ARM.attributes
                0x0000024c       0x2c c:/freescale/kds_v3/toolchain/bin/../lib/gcc/arm-none-eabi/4.8.4/../../../../arm-none-eabi/lib/armv6-m\libg_s.a(lib_a-exit.o)
 .ARM.attributes
                0x00000278       0x2c c:/freescale/kds_v3/toolchain/bin/../lib/gcc/arm-none-eabi/4.8.4/../../../../arm-none-eabi/lib/armv6-m\libg_s.a(lib_a-impure.o)
 .ARM.attributes
                0x000002a4       0x2c c:/freescale/kds_v3/toolchain/bin/../lib/gcc/arm-none-eabi/4.8.4/../../../../arm-none-eabi/lib/armv6-m\libg_s.a(lib_a-init.o)
 .ARM.attributes
                0x000002d0       0x2c c:/freescale/kds_v3/toolchain/bin/../lib/gcc/arm-none-eabi/4.8.4/../../../../arm-none-eabi/lib/armv6-m\libg_s.a(lib_a-memcpy-stub.o)
 .ARM.attributes
                0x000002fc       0x2c c:/freescale/kds_v3/toolchain/bin/../lib/gcc/arm-none-eabi/4.8.4/../../../../arm-none-eabi/lib/armv6-m\libg_s.a(lib_a-memset.o)
 .ARM.attributes
                0x00000328       0x2c c:/freescale/kds_v3/toolchain/bin/../lib/gcc/arm-none-eabi/4.8.4/../../../../arm-none-eabi/lib/armv6-m\libnosys.a(_exit.o)
 .ARM.attributes
                0x00000354       0x2c c:/freescale/kds_v3/toolchain/bin/../lib/gcc/arm-none-eabi/4.8.4/armv6-m/crtend.o
 .ARM.attributes
                0x00000380       0x1e c:/freescale/kds_v3/toolchain/bin/../lib/gcc/arm-none-eabi/4.8.4/armv6-m/crtn.o
                0x00000001                ASSERT ((__StackLimit >= __HeapLimit), region m_data overflowed with stack and heap)
OUTPUT(KL46_FreeRTOS_V20201100.elf elf32-littlearm)

.debug_info     0x00000000     0x4004
 .debug_info    0x00000000      0x3e3 ./Sources/main.o
 .debug_info    0x000003e3       0x96 ./Project_Settings/Startup_Code/startup_MKL46Z4.o
 .debug_info    0x00000479      0x3ee ./Project_Settings/Startup_Code/system_MKL46Z4.o
 .debug_info    0x00000867      0x180 ./FreeRTOS/portable/MemMang/heap_1.o
 .debug_info    0x000009e7      0x264 ./FreeRTOS/portable/GCC/ARM_CM0/port.o
 .debug_info    0x00000c4b      0x2ac ./FreeRTOS/list.o
 .debug_info    0x00000ef7      0xe26 ./FreeRTOS/queue.o
 .debug_info    0x00001d1d     0x187f ./FreeRTOS/tasks.o
 .debug_info    0x0000359c      0xa68 ./FreeRTOS/timers.o

.debug_abbrev   0x00000000      0xb3a
 .debug_abbrev  0x00000000      0x119 ./Sources/main.o
 .debug_abbrev  0x00000119       0x14 ./Project_Settings/Startup_Code/startup_MKL46Z4.o
 .debug_abbrev  0x0000012d      0x109 ./Project_Settings/Startup_Code/system_MKL46Z4.o
 .debug_abbrev  0x00000236       0xf1 ./FreeRTOS/portable/MemMang/heap_1.o
 .debug_abbrev  0x00000327      0x17f ./FreeRTOS/portable/GCC/ARM_CM0/port.o
 .debug_abbrev  0x000004a6       0xc8 ./FreeRTOS/list.o
 .debug_abbrev  0x0000056e      0x1af ./FreeRTOS/queue.o
 .debug_abbrev  0x0000071d      0x234 ./FreeRTOS/tasks.o
 .debug_abbrev  0x00000951      0x1e9 ./FreeRTOS/timers.o

.debug_aranges  0x00000000      0x550
 .debug_aranges
                0x00000000       0x38 ./Sources/main.o
 .debug_aranges
                0x00000038       0x20 ./Project_Settings/Startup_Code/startup_MKL46Z4.o
 .debug_aranges
                0x00000058       0x28 ./Project_Settings/Startup_Code/system_MKL46Z4.o
 .debug_aranges
                0x00000080       0x38 ./FreeRTOS/portable/MemMang/heap_1.o
 .debug_aranges
                0x000000b8       0x88 ./FreeRTOS/portable/GCC/ARM_CM0/port.o
 .debug_aranges
                0x00000140       0x40 ./FreeRTOS/list.o
 .debug_aranges
                0x00000180      0x100 ./FreeRTOS/queue.o
 .debug_aranges
                0x00000280      0x1f8 ./FreeRTOS/tasks.o
 .debug_aranges
                0x00000478       0xd8 ./FreeRTOS/timers.o

.debug_ranges   0x00000000      0x4b0
 .debug_ranges  0x00000000       0x28 ./Sources/main.o
 .debug_ranges  0x00000028       0x18 ./Project_Settings/Startup_Code/system_MKL46Z4.o
 .debug_ranges  0x00000040       0x28 ./FreeRTOS/portable/MemMang/heap_1.o
 .debug_ranges  0x00000068       0x78 ./FreeRTOS/portable/GCC/ARM_CM0/port.o
 .debug_ranges  0x000000e0       0x30 ./FreeRTOS/list.o
 .debug_ranges  0x00000110       0xf0 ./FreeRTOS/queue.o
 .debug_ranges  0x00000200      0x1e8 ./FreeRTOS/tasks.o
 .debug_ranges  0x000003e8       0xc8 ./FreeRTOS/timers.o

.debug_macro    0x00000000    0x104bb
 .debug_macro   0x00000000      0x13d ./Sources/main.o
 .debug_macro   0x0000013d      0x802 ./Sources/main.o
 .debug_macro   0x0000093f       0x16 ./Sources/main.o
 .debug_macro   0x00000955       0x16 ./Sources/main.o
 .debug_macro   0x0000096b       0x44 ./Sources/main.o
 .debug_macro   0x000009af      0x209 ./Sources/main.o
 .debug_macro   0x00000bb8       0x3a ./Sources/main.o
 .debug_macro   0x00000bf2       0x3a ./Sources/main.o
 .debug_macro   0x00000c2c       0x26 ./Sources/main.o
 .debug_macro   0x00000c52      0x306 ./Sources/main.o
 .debug_macro   0x00000f58       0x6b ./Sources/main.o
 .debug_macro   0x00000fc3     0xd132 ./Sources/main.o
 .debug_macro   0x0000e0f5      0x106 ./Sources/main.o
 .debug_macro   0x0000e1fb      0x166 ./Sources/main.o
 .debug_macro   0x0000e361      0x15a ./Sources/main.o
 .debug_macro   0x0000e4bb       0xb8 ./Sources/main.o
 .debug_macro   0x0000e573       0x1c ./Sources/main.o
 .debug_macro   0x0000e58f       0x26 ./Sources/main.o
 .debug_macro   0x0000e5b5      0x520 ./Sources/main.o
 .debug_macro   0x0000ead5       0xb5 ./Sources/main.o
 .debug_macro   0x0000eb8a      0x120 ./Sources/main.o
 .debug_macro   0x0000ecaa       0x91 ./Sources/main.o
 .debug_macro   0x0000ed3b       0x86 ./Sources/main.o
 .debug_macro   0x0000edc1       0x69 ./Sources/main.o
 .debug_macro   0x0000ee2a       0x18 ./Sources/main.o
 .debug_macro   0x0000ee42       0x7e ./Project_Settings/Startup_Code/system_MKL46Z4.o
 .debug_macro   0x0000eec0       0x4c ./Project_Settings/Startup_Code/system_MKL46Z4.o
 .debug_macro   0x0000ef0c      0x153 ./FreeRTOS/portable/MemMang/heap_1.o
 .debug_macro   0x0000f05f       0x58 ./FreeRTOS/portable/MemMang/heap_1.o
 .debug_macro   0x0000f0b7       0x35 ./FreeRTOS/portable/MemMang/heap_1.o
 .debug_macro   0x0000f0ec       0xa3 ./FreeRTOS/portable/MemMang/heap_1.o
 .debug_macro   0x0000f18f       0x16 ./FreeRTOS/portable/MemMang/heap_1.o
 .debug_macro   0x0000f1a5      0x10e ./FreeRTOS/portable/MemMang/heap_1.o
 .debug_macro   0x0000f2b3       0x7f ./FreeRTOS/portable/MemMang/heap_1.o
 .debug_macro   0x0000f332       0x4a ./FreeRTOS/portable/MemMang/heap_1.o
 .debug_macro   0x0000f37c       0x52 ./FreeRTOS/portable/MemMang/heap_1.o
 .debug_macro   0x0000f3ce       0x16 ./FreeRTOS/portable/MemMang/heap_1.o
 .debug_macro   0x0000f3e4       0x43 ./FreeRTOS/portable/MemMang/heap_1.o
 .debug_macro   0x0000f427      0x180 ./FreeRTOS/portable/MemMang/heap_1.o
 .debug_macro   0x0000f5a7       0x22 ./FreeRTOS/portable/MemMang/heap_1.o
 .debug_macro   0x0000f5c9      0x20f ./FreeRTOS/portable/MemMang/heap_1.o
 .debug_macro   0x0000f7d8      0x106 ./FreeRTOS/portable/MemMang/heap_1.o
 .debug_macro   0x0000f8de      0x115 ./FreeRTOS/portable/GCC/ARM_CM0/port.o
 .debug_macro   0x0000f9f3      0x13e ./FreeRTOS/list.o
 .debug_macro   0x0000fb31      0x1c7 ./FreeRTOS/queue.o
 .debug_macro   0x0000fcf8      0x2a6 ./FreeRTOS/queue.o
 .debug_macro   0x0000ff9e       0x10 ./FreeRTOS/queue.o
 .debug_macro   0x0000ffae       0x35 ./FreeRTOS/queue.o
 .debug_macro   0x0000ffe3       0x80 ./FreeRTOS/queue.o
 .debug_macro   0x00010063      0x22a ./FreeRTOS/tasks.o
 .debug_macro   0x0001028d       0x10 ./FreeRTOS/tasks.o
 .debug_macro   0x0001029d      0x187 ./FreeRTOS/timers.o
 .debug_macro   0x00010424       0x97 ./FreeRTOS/timers.o

.debug_line     0x00000000     0x3097
 .debug_line    0x00000000      0x39f ./Sources/main.o
 .debug_line    0x0000039f       0x7b ./Project_Settings/Startup_Code/startup_MKL46Z4.o
 .debug_line    0x0000041a      0x240 ./Project_Settings/Startup_Code/system_MKL46Z4.o
 .debug_line    0x0000065a      0x383 ./FreeRTOS/portable/MemMang/heap_1.o
 .debug_line    0x000009dd      0x3e8 ./FreeRTOS/portable/GCC/ARM_CM0/port.o
 .debug_line    0x00000dc5      0x386 ./FreeRTOS/list.o
 .debug_line    0x0000114b      0xa27 ./FreeRTOS/queue.o
 .debug_line    0x00001b72      0xecc ./FreeRTOS/tasks.o
 .debug_line    0x00002a3e      0x659 ./FreeRTOS/timers.o

.debug_str      0x00000000    0x59dac
 .debug_str     0x00000000    0x553ee ./Sources/main.o
                              0x55867 (size before relaxing)
 .debug_str     0x000553ee       0x97 ./Project_Settings/Startup_Code/system_MKL46Z4.o
                              0x4f542 (size before relaxing)
 .debug_str     0x00055485     0x1497 ./FreeRTOS/portable/MemMang/heap_1.o
                               0x8ed8 (size before relaxing)
 .debug_str     0x0005691c      0x443 ./FreeRTOS/portable/GCC/ARM_CM0/port.o
                               0x7ed4 (size before relaxing)
 .debug_str     0x00056d5f      0x11d ./FreeRTOS/list.o
                               0x7cda (size before relaxing)
 .debug_str     0x00056e7c     0x1693 ./FreeRTOS/queue.o
                               0xacc0 (size before relaxing)
 .debug_str     0x0005850f     0x1394 ./FreeRTOS/tasks.o
                               0xba8c (size before relaxing)
 .debug_str     0x000598a3      0x509 ./FreeRTOS/timers.o
                               0xa363 (size before relaxing)

.comment        0x00000000       0x70
 .comment       0x00000000       0x70 ./Sources/main.o
                                 0x71 (size before relaxing)
 .comment       0x00000000       0x71 ./Project_Settings/Startup_Code/system_MKL46Z4.o
 .comment       0x00000000       0x71 ./FreeRTOS/portable/MemMang/heap_1.o
 .comment       0x00000000       0x71 ./FreeRTOS/portable/GCC/ARM_CM0/port.o
 .comment       0x00000000       0x71 ./FreeRTOS/list.o
 .comment       0x00000000       0x71 ./FreeRTOS/queue.o
 .comment       0x00000000       0x71 ./FreeRTOS/tasks.o
 .comment       0x00000000       0x71 ./FreeRTOS/timers.o

.debug_frame    0x00000000     0x1290
 .debug_frame   0x00000000       0x8c ./Sources/main.o
 .debug_frame   0x0000008c       0x4c ./Project_Settings/Startup_Code/system_MKL46Z4.o
 .debug_frame   0x000000d8       0x88 ./FreeRTOS/portable/MemMang/heap_1.o
 .debug_frame   0x00000160      0x174 ./FreeRTOS/portable/GCC/ARM_CM0/port.o
 .debug_frame   0x000002d4       0xb0 ./FreeRTOS/list.o
 .debug_frame   0x00000384      0x3b0 ./FreeRTOS/queue.o
 .debug_frame   0x00000734      0x778 ./FreeRTOS/tasks.o
 .debug_frame   0x00000eac      0x308 ./FreeRTOS/timers.o
 .debug_frame   0x000011b4       0x20 c:/freescale/kds_v3/toolchain/bin/../lib/gcc/arm-none-eabi/4.8.4/armv6-m\libgcc.a(_udivsi3.o)
 .debug_frame   0x000011d4       0x28 c:/freescale/kds_v3/toolchain/bin/../lib/gcc/arm-none-eabi/4.8.4/../../../../arm-none-eabi/lib/armv6-m\libg_s.a(lib_a-exit.o)
 .debug_frame   0x000011fc       0x2c c:/freescale/kds_v3/toolchain/bin/../lib/gcc/arm-none-eabi/4.8.4/../../../../arm-none-eabi/lib/armv6-m\libg_s.a(lib_a-init.o)
 .debug_frame   0x00001228       0x28 c:/freescale/kds_v3/toolchain/bin/../lib/gcc/arm-none-eabi/4.8.4/../../../../arm-none-eabi/lib/armv6-m\libg_s.a(lib_a-memcpy-stub.o)
 .debug_frame   0x00001250       0x20 c:/freescale/kds_v3/toolchain/bin/../lib/gcc/arm-none-eabi/4.8.4/../../../../arm-none-eabi/lib/armv6-m\libg_s.a(lib_a-memset.o)
 .debug_frame   0x00001270       0x20 c:/freescale/kds_v3/toolchain/bin/../lib/gcc/arm-none-eabi/4.8.4/../../../../arm-none-eabi/lib/armv6-m\libnosys.a(_exit.o)
