Archive member included because of file (symbol)

c:/freescale/kds_v3/toolchain/bin/../lib/gcc/arm-none-eabi/4.8.4/armv6-m\libgcc.a(_udivsi3.o)
                              ./Project_Settings/Startup_Code/system_MKL46Z4.o (__aeabi_uidiv)
c:/freescale/kds_v3/toolchain/bin/../lib/gcc/arm-none-eabi/4.8.4/armv6-m\libgcc.a(_dvmd_tls.o)
                              c:/freescale/kds_v3/toolchain/bin/../lib/gcc/arm-none-eabi/4.8.4/armv6-m\libgcc.a(_udivsi3.o) (__aeabi_idiv0)
c:/freescale/kds_v3/toolchain/bin/../lib/gcc/arm-none-eabi/4.8.4/../../../../arm-none-eabi/lib/armv6-m\libg_s.a(lib_a-exit.o)
                              c:/freescale/kds_v3/toolchain/bin/../lib/gcc/arm-none-eabi/4.8.4/../../../../arm-none-eabi/lib/armv6-m/crt0.o (exit)
c:/freescale/kds_v3/toolchain/bin/../lib/gcc/arm-none-eabi/4.8.4/../../../../arm-none-eabi/lib/armv6-m\libg_s.a(lib_a-impure.o)
                              c:/freescale/kds_v3/toolchain/bin/../lib/gcc/arm-none-eabi/4.8.4/../../../../arm-none-eabi/lib/armv6-m\libg_s.a(lib_a-exit.o) (_global_impure_ptr)
c:/freescale/kds_v3/toolchain/bin/../lib/gcc/arm-none-eabi/4.8.4/../../../../arm-none-eabi/lib/armv6-m\libg_s.a(lib_a-init.o)
                              c:/freescale/kds_v3/toolchain/bin/../lib/gcc/arm-none-eabi/4.8.4/../../../../arm-none-eabi/lib/armv6-m/crt0.o (__libc_init_array)
c:/freescale/kds_v3/toolchain/bin/../lib/gcc/arm-none-eabi/4.8.4/../../../../arm-none-eabi/lib/armv6-m\libg_s.a(lib_a-memcpy-stub.o)
                              ./FreeRTOS/queue.o (memcpy)
c:/freescale/kds_v3/toolchain/bin/../lib/gcc/arm-none-eabi/4.8.4/../../../../arm-none-eabi/lib/armv6-m\libg_s.a(lib_a-memset.o)
                              c:/freescale/kds_v3/toolchain/bin/../lib/gcc/arm-none-eabi/4.8.4/../../../../arm-none-eabi/lib/armv6-m/crt0.o (memset)
c:/freescale/kds_v3/toolchain/bin/../lib/gcc/arm-none-eabi/4.8.4/../../../../arm-none-eabi/lib/armv6-m\libnosys.a(_exit.o)
                              c:/freescale/kds_v3/toolchain/bin/../lib/gcc/arm-none-eabi/4.8.4/../../../../arm-none-eabi/lib/armv6-m\libg_s.a(lib_a-exit.o) (_exit)

Discarded input sections

 .text          0x00000000        0x0 c:/freescale/kds_v3/toolchain/bin/../lib/gcc/arm-none-eabi/4.8.4/armv6-m/crti.o
 .data          0x00000000        0x0 c:/freescale/kds_v3/toolchain/bin/../lib/gcc/arm-none-eabi/4.8.4/armv6-m/crti.o
 .bss           0x00000000        0x0 c:/freescale/kds_v3/toolchain/bin/../lib/gcc/arm-none-eabi/4.8.4/armv6-m/crti.o
 .data          0x00000000        0x4 c:/freescale/kds_v3/toolchain/bin/../lib/gcc/arm-none-eabi/4.8.4/armv6-m/crtbegin.o
 .data          0x00000000        0x0 c:/freescale/kds_v3/toolchain/bin/../lib/gcc/arm-none-eabi/4.8.4/../../../../arm-none-eabi/lib/armv6-m/crt0.o
 .bss           0x00000000        0x0 c:/freescale/kds_v3/toolchain/bin/../lib/gcc/arm-none-eabi/4.8.4/../../../../arm-none-eabi/lib/armv6-m/crt0.o
 .ARM.extab     0x00000000        0x0 c:/freescale/kds_v3/toolchain/bin/../lib/gcc/arm-none-eabi/4.8.4/../../../../arm-none-eabi/lib/armv6-m/crt0.o
 .group         0x00000000        0x8 ./Sources/main.o
 .group         0x00000000        0x8 ./Sources/main.o
 .group         0x00000000        0x8 ./Sources/main.o
 .group         0x00000000        0x8 ./Sources/main.o
 .group         0x00000000        0x8 ./Sources/main.o
 .group         0x00000000        0x8 ./Sources/main.o
 .group         0x00000000        0x8 ./Sources/main.o
 .group         0x00000000        0x8 ./Sources/main.o
 .group         0x00000000        0x8 ./Sources/main.o
 .group         0x00000000        0x8 ./Sources/main.o
 .group         0x00000000        0x8 ./Sources/main.o
 .group         0x00000000        0x8 ./Sources/main.o
 .group         0x00000000        0x8 ./Sources/main.o
 .group         0x00000000        0x8 ./Sources/main.o
 .group         0x00000000        0x8 ./Sources/main.o
 .group         0x00000000        0x8 ./Sources/main.o
 .group         0x00000000        0x8 ./Sources/main.o
 .group         0x00000000        0x8 ./Sources/main.o
 .group         0x00000000        0x8 ./Sources/main.o
 .group         0x00000000        0x8 ./Sources/main.o
 .group         0x00000000        0x8 ./Sources/main.o
 .group         0x00000000        0x8 ./Sources/main.o
 .group         0x00000000        0x8 ./Sources/main.o
 .group         0x00000000        0x8 ./Sources/main.o
 .group         0x00000000        0x8 ./Sources/main.o
 .text          0x00000000        0x0 ./Sources/main.o
 .data          0x00000000        0x0 ./Sources/main.o
 .bss           0x00000000        0x0 ./Sources/main.o
 .data          0x00000000        0x0 ./Project_Settings/Startup_Code/startup_MKL46Z4.o
 .bss           0x00000000        0x0 ./Project_Settings/Startup_Code/startup_MKL46Z4.o
 .group         0x00000000        0x8 ./Project_Settings/Startup_Code/system_MKL46Z4.o
 .group         0x00000000        0x8 ./Project_Settings/Startup_Code/system_MKL46Z4.o
 .group         0x00000000        0x8 ./Project_Settings/Startup_Code/system_MKL46Z4.o
 .group         0x00000000        0x8 ./Project_Settings/Startup_Code/system_MKL46Z4.o
 .group         0x00000000        0x8 ./Project_Settings/Startup_Code/system_MKL46Z4.o
 .group         0x00000000        0x8 ./Project_Settings/Startup_Code/system_MKL46Z4.o
 .group         0x00000000        0x8 ./Project_Settings/Startup_Code/system_MKL46Z4.o
 .group         0x00000000        0x8 ./Project_Settings/Startup_Code/system_MKL46Z4.o
 .group         0x00000000        0x8 ./Project_Settings/Startup_Code/system_MKL46Z4.o
 .group         0x00000000        0x8 ./Project_Settings/Startup_Code/system_MKL46Z4.o
 .text          0x00000000        0x0 ./Project_Settings/Startup_Code/system_MKL46Z4.o
 .data          0x00000000        0x0 ./Project_Settings/Startup_Code/system_MKL46Z4.o
 .bss           0x00000000        0x0 ./Project_Settings/Startup_Code/system_MKL46Z4.o
 .data.SystemCoreClock
                0x00000000        0x4 ./Project_Settings/Startup_Code/system_MKL46Z4.o
 .text.SystemCoreClockUpdate
                0x00000000      0x23c ./Project_Settings/Startup_Code/system_MKL46Z4.o
 .debug_macro   0x00000000      0x802 ./Project_Settings/Startup_Code/system_MKL46Z4.o
 .debug_macro   0x00000000       0x16 ./Project_Settings/Startup_Code/system_MKL46Z4.o
 .debug_macro   0x00000000       0x44 ./Project_Settings/Startup_Code/system_MKL46Z4.o
 .debug_macro   0x00000000      0x209 ./Project_Settings/Startup_Code/system_MKL46Z4.o
 .debug_macro   0x00000000       0x3a ./Project_Settings/Startup_Code/system_MKL46Z4.o
 .debug_macro   0x00000000       0x26 ./Project_Settings/Startup_Code/system_MKL46Z4.o
 .debug_macro   0x00000000      0x306 ./Project_Settings/Startup_Code/system_MKL46Z4.o
 .debug_macro   0x00000000       0x6b ./Project_Settings/Startup_Code/system_MKL46Z4.o
 .debug_macro   0x00000000     0xd132 ./Project_Settings/Startup_Code/system_MKL46Z4.o
 .group         0x00000000        0x8 ./FreeRTOS/portable/MemMang/heap_1.o
 .group         0x00000000        0x8 ./FreeRTOS/portable/MemMang/heap_1.o
 .group         0x00000000        0x8 ./FreeRTOS/portable/MemMang/heap_1.o
 .group         0x00000000        0x8 ./FreeRTOS/portable/MemMang/heap_1.o
 .group         0x00000000        0x8 ./FreeRTOS/portable/MemMang/heap_1.o
 .group         0x00000000        0x8 ./FreeRTOS/portable/MemMang/heap_1.o
 .group         0x00000000        0x8 ./FreeRTOS/portable/MemMang/heap_1.o
 .group         0x00000000        0x8 ./FreeRTOS/portable/MemMang/heap_1.o
 .group         0x00000000        0x8 ./FreeRTOS/portable/MemMang/heap_1.o
 .group         0x00000000        0x8 ./FreeRTOS/portable/MemMang/heap_1.o
 .group         0x00000000        0x8 ./FreeRTOS/portable/MemMang/heap_1.o
 .group         0x00000000        0x8 ./FreeRTOS/portable/MemMang/heap_1.o
 .group         0x00000000        0x8 ./FreeRTOS/portable/MemMang/heap_1.o
 .group         0x00000000        0x8 ./FreeRTOS/portable/MemMang/heap_1.o
 .group         0x00000000        0x8 ./FreeRTOS/portable/MemMang/heap_1.o
 .group         0x00000000        0x8 ./FreeRTOS/portable/MemMang/heap_1.o
 .group         0x00000000        0x8 ./FreeRTOS/portable/MemMang/heap_1.o
 .group         0x00000000        0x8 ./FreeRTOS/portable/MemMang/heap_1.o
 .group         0x00000000        0x8 ./FreeRTOS/portable/MemMang/heap_1.o
 .group         0x00000000        0x8 ./FreeRTOS/portable/MemMang/heap_1.o
 .group         0x00000000        0x8 ./FreeRTOS/portable/MemMang/heap_1.o
 .group         0x00000000        0x8 ./FreeRTOS/portable/MemMang/heap_1.o
 .group         0x00000000        0x8 ./FreeRTOS/portable/MemMang/heap_1.o
 .group         0x00000000        0x8 ./FreeRTOS/portable/MemMang/heap_1.o
 .text          0x00000000        0x0 ./FreeRTOS/portable/MemMang/heap_1.o
 .data          0x00000000        0x0 ./FreeRTOS/portable/MemMang/heap_1.o
 .bss           0x00000000        0x0 ./FreeRTOS/portable/MemMang/heap_1.o
 .text.vPortInitialiseBlocks
                0x00000000       0x14 ./FreeRTOS/portable/MemMang/heap_1.o
 .text.xPortGetFreeHeapSize
                0x00000000       0x1c ./FreeRTOS/portable/MemMang/heap_1.o
 .debug_macro   0x00000000      0x802 ./FreeRTOS/portable/MemMang/heap_1.o
 .debug_macro   0x00000000       0x16 ./FreeRTOS/portable/MemMang/heap_1.o
 .debug_macro   0x00000000      0x15a ./FreeRTOS/portable/MemMang/heap_1.o
 .debug_macro   0x00000000       0xb8 ./FreeRTOS/portable/MemMang/heap_1.o
 .debug_macro   0x00000000       0x28 ./FreeRTOS/portable/MemMang/heap_1.o
 .debug_macro   0x00000000       0x1f ./FreeRTOS/portable/MemMang/heap_1.o
 .debug_macro   0x00000000       0x12 ./FreeRTOS/portable/MemMang/heap_1.o
 .debug_macro   0x00000000      0x52e ./FreeRTOS/portable/MemMang/heap_1.o
 .debug_macro   0x00000000       0xc3 ./FreeRTOS/portable/MemMang/heap_1.o
 .debug_macro   0x00000000      0x120 ./FreeRTOS/portable/MemMang/heap_1.o
 .group         0x00000000        0x8 ./FreeRTOS/portable/GCC/ARM_CM0/port.o
 .group         0x00000000        0x8 ./FreeRTOS/portable/GCC/ARM_CM0/port.o
 .group         0x00000000        0x8 ./FreeRTOS/portable/GCC/ARM_CM0/port.o
 .group         0x00000000        0x8 ./FreeRTOS/portable/GCC/ARM_CM0/port.o
 .group         0x00000000        0x8 ./FreeRTOS/portable/GCC/ARM_CM0/port.o
 .group         0x00000000        0x8 ./FreeRTOS/portable/GCC/ARM_CM0/port.o
 .group         0x00000000        0x8 ./FreeRTOS/portable/GCC/ARM_CM0/port.o
 .group         0x00000000        0x8 ./FreeRTOS/portable/GCC/ARM_CM0/port.o
 .group         0x00000000        0x8 ./FreeRTOS/portable/GCC/ARM_CM0/port.o
 .group         0x00000000        0x8 ./FreeRTOS/portable/GCC/ARM_CM0/port.o
 .group         0x00000000        0x8 ./FreeRTOS/portable/GCC/ARM_CM0/port.o
 .group         0x00000000        0x8 ./FreeRTOS/portable/GCC/ARM_CM0/port.o
 .group         0x00000000        0x8 ./FreeRTOS/portable/GCC/ARM_CM0/port.o
 .group         0x00000000        0x8 ./FreeRTOS/portable/GCC/ARM_CM0/port.o
 .text          0x00000000        0x0 ./FreeRTOS/portable/GCC/ARM_CM0/port.o
 .data          0x00000000        0x0 ./FreeRTOS/portable/GCC/ARM_CM0/port.o
 .bss           0x00000000        0x0 ./FreeRTOS/portable/GCC/ARM_CM0/port.o
 .text.vPortEndScheduler
                0x00000000       0x1c ./FreeRTOS/portable/GCC/ARM_CM0/port.o
 .debug_macro   0x00000000      0x802 ./FreeRTOS/portable/GCC/ARM_CM0/port.o
 .debug_macro   0x00000000      0x166 ./FreeRTOS/portable/GCC/ARM_CM0/port.o
 .debug_macro   0x00000000       0x16 ./FreeRTOS/portable/GCC/ARM_CM0/port.o
 .debug_macro   0x00000000       0x44 ./FreeRTOS/portable/GCC/ARM_CM0/port.o
 .debug_macro   0x00000000      0x209 ./FreeRTOS/portable/GCC/ARM_CM0/port.o
 .debug_macro   0x00000000      0x106 ./FreeRTOS/portable/GCC/ARM_CM0/port.o
 .debug_macro   0x00000000      0x15a ./FreeRTOS/portable/GCC/ARM_CM0/port.o
 .debug_macro   0x00000000       0xb8 ./FreeRTOS/portable/GCC/ARM_CM0/port.o
 .debug_macro   0x00000000       0x28 ./FreeRTOS/portable/GCC/ARM_CM0/port.o
 .debug_macro   0x00000000       0x1f ./FreeRTOS/portable/GCC/ARM_CM0/port.o
 .debug_macro   0x00000000       0x12 ./FreeRTOS/portable/GCC/ARM_CM0/port.o
 .debug_macro   0x00000000      0x52e ./FreeRTOS/portable/GCC/ARM_CM0/port.o
 .debug_macro   0x00000000       0xc3 ./FreeRTOS/portable/GCC/ARM_CM0/port.o
 .debug_macro   0x00000000      0x120 ./FreeRTOS/portable/GCC/ARM_CM0/port.o
 .group         0x00000000        0x8 ./FreeRTOS/croutine.o
 .group         0x00000000        0x8 ./FreeRTOS/croutine.o
 .group         0x00000000        0x8 ./FreeRTOS/croutine.o
 .group         0x00000000        0x8 ./FreeRTOS/croutine.o
 .group         0x00000000        0x8 ./FreeRTOS/croutine.o
 .group         0x00000000        0x8 ./FreeRTOS/croutine.o
 .group         0x00000000        0x8 ./FreeRTOS/croutine.o
 .group         0x00000000        0x8 ./FreeRTOS/croutine.o
 .group         0x00000000        0x8 ./FreeRTOS/croutine.o
 .group         0x00000000        0x8 ./FreeRTOS/croutine.o
 .group         0x00000000        0x8 ./FreeRTOS/croutine.o
 .group         0x00000000        0x8 ./FreeRTOS/croutine.o
 .group         0x00000000        0x8 ./FreeRTOS/croutine.o
 .group         0x00000000        0x8 ./FreeRTOS/croutine.o
 .group         0x00000000        0x8 ./FreeRTOS/croutine.o
 .text          0x00000000        0x0 ./FreeRTOS/croutine.o
 .data          0x00000000        0x0 ./FreeRTOS/croutine.o
 .bss           0x00000000        0x0 ./FreeRTOS/croutine.o
 .debug_info    0x00000000       0x76 ./FreeRTOS/croutine.o
 .debug_abbrev  0x00000000       0x29 ./FreeRTOS/croutine.o
 .debug_aranges
                0x00000000       0x18 ./FreeRTOS/croutine.o
 .debug_macro   0x00000000       0xbd ./FreeRTOS/croutine.o
 .debug_macro   0x00000000      0x802 ./FreeRTOS/croutine.o
 .debug_macro   0x00000000      0x166 ./FreeRTOS/croutine.o
 .debug_macro   0x00000000       0x16 ./FreeRTOS/croutine.o
 .debug_macro   0x00000000       0x44 ./FreeRTOS/croutine.o
 .debug_macro   0x00000000      0x209 ./FreeRTOS/croutine.o
 .debug_macro   0x00000000      0x106 ./FreeRTOS/croutine.o
 .debug_macro   0x00000000      0x15a ./FreeRTOS/croutine.o
 .debug_macro   0x00000000       0xb8 ./FreeRTOS/croutine.o
 .debug_macro   0x00000000       0x28 ./FreeRTOS/croutine.o
 .debug_macro   0x00000000       0x1f ./FreeRTOS/croutine.o
 .debug_macro   0x00000000       0x12 ./FreeRTOS/croutine.o
 .debug_macro   0x00000000      0x52e ./FreeRTOS/croutine.o
 .debug_macro   0x00000000       0xc3 ./FreeRTOS/croutine.o
 .debug_macro   0x00000000      0x120 ./FreeRTOS/croutine.o
 .debug_macro   0x00000000       0x49 ./FreeRTOS/croutine.o
 .debug_line    0x00000000      0x2c1 ./FreeRTOS/croutine.o
 .debug_str     0x00000000     0x8430 ./FreeRTOS/croutine.o
 .comment       0x00000000       0x71 ./FreeRTOS/croutine.o
 .ARM.attributes
                0x00000000       0x32 ./FreeRTOS/croutine.o
 .group         0x00000000        0x8 ./FreeRTOS/event_groups.o
 .group         0x00000000        0x8 ./FreeRTOS/event_groups.o
 .group         0x00000000        0x8 ./FreeRTOS/event_groups.o
 .group         0x00000000        0x8 ./FreeRTOS/event_groups.o
 .group         0x00000000        0x8 ./FreeRTOS/event_groups.o
 .group         0x00000000        0x8 ./FreeRTOS/event_groups.o
 .group         0x00000000        0x8 ./FreeRTOS/event_groups.o
 .group         0x00000000        0x8 ./FreeRTOS/event_groups.o
 .group         0x00000000        0x8 ./FreeRTOS/event_groups.o
 .group         0x00000000        0x8 ./FreeRTOS/event_groups.o
 .group         0x00000000        0x8 ./FreeRTOS/event_groups.o
 .group         0x00000000        0x8 ./FreeRTOS/event_groups.o
 .group         0x00000000        0x8 ./FreeRTOS/event_groups.o
 .group         0x00000000        0x8 ./FreeRTOS/event_groups.o
 .group         0x00000000        0x8 ./FreeRTOS/event_groups.o
 .group         0x00000000        0x8 ./FreeRTOS/event_groups.o
 .group         0x00000000        0x8 ./FreeRTOS/event_groups.o
 .group         0x00000000        0x8 ./FreeRTOS/event_groups.o
 .group         0x00000000        0x8 ./FreeRTOS/event_groups.o
 .group         0x00000000        0x8 ./FreeRTOS/event_groups.o
 .group         0x00000000        0x8 ./FreeRTOS/event_groups.o
 .group         0x00000000        0x8 ./FreeRTOS/event_groups.o
 .group         0x00000000        0x8 ./FreeRTOS/event_groups.o
 .group         0x00000000        0x8 ./FreeRTOS/event_groups.o
 .group         0x00000000        0x8 ./FreeRTOS/event_groups.o
 .text          0x00000000        0x0 ./FreeRTOS/event_groups.o
 .data          0x00000000        0x0 ./FreeRTOS/event_groups.o
 .bss           0x00000000        0x0 ./FreeRTOS/event_groups.o
 .text.xEventGroupCreate
                0x00000000       0x30 ./FreeRTOS/event_groups.o
 .text.xEventGroupSync
                0x00000000      0x124 ./FreeRTOS/event_groups.o
 .text.xEventGroupWaitBits
                0x00000000      0x15c ./FreeRTOS/event_groups.o
 .text.xEventGroupClearBits
                0x00000000       0x4c ./FreeRTOS/event_groups.o
 .text.xEventGroupGetBitsFromISR
                0x00000000       0x2c ./FreeRTOS/event_groups.o
 .text.xEventGroupSetBits
                0x00000000       0xf4 ./FreeRTOS/event_groups.o
 .text.vEventGroupDelete
                0x00000000       0x5c ./FreeRTOS/event_groups.o
 .text.vEventGroupSetBitsCallback
                0x00000000       0x1c ./FreeRTOS/event_groups.o
 .text.vEventGroupClearBitsCallback
                0x00000000       0x1c ./FreeRTOS/event_groups.o
 .text.prvTestWaitCondition
                0x00000000       0x40 ./FreeRTOS/event_groups.o
 .text.uxEventGroupGetNumber
                0x00000000       0x28 ./FreeRTOS/event_groups.o
 .text.vEventGroupSetNumber
                0x00000000       0x18 ./FreeRTOS/event_groups.o
 .debug_info    0x00000000      0x6b2 ./FreeRTOS/event_groups.o
 .debug_abbrev  0x00000000      0x15b ./FreeRTOS/event_groups.o
 .debug_aranges
                0x00000000       0x78 ./FreeRTOS/event_groups.o
 .debug_ranges  0x00000000       0x68 ./FreeRTOS/event_groups.o
 .debug_macro   0x00000000      0x192 ./FreeRTOS/event_groups.o
 .debug_macro   0x00000000      0x802 ./FreeRTOS/event_groups.o
 .debug_macro   0x00000000       0x58 ./FreeRTOS/event_groups.o
 .debug_macro   0x00000000       0x16 ./FreeRTOS/event_groups.o
 .debug_macro   0x00000000       0x35 ./FreeRTOS/event_groups.o
 .debug_macro   0x00000000       0xa3 ./FreeRTOS/event_groups.o
 .debug_macro   0x00000000       0x16 ./FreeRTOS/event_groups.o
 .debug_macro   0x00000000      0x10e ./FreeRTOS/event_groups.o
 .debug_macro   0x00000000       0x7f ./FreeRTOS/event_groups.o
 .debug_macro   0x00000000       0x4a ./FreeRTOS/event_groups.o
 .debug_macro   0x00000000       0x52 ./FreeRTOS/event_groups.o
 .debug_macro   0x00000000       0x16 ./FreeRTOS/event_groups.o
 .debug_macro   0x00000000       0x43 ./FreeRTOS/event_groups.o
 .debug_macro   0x00000000      0x180 ./FreeRTOS/event_groups.o
 .debug_macro   0x00000000       0x22 ./FreeRTOS/event_groups.o
 .debug_macro   0x00000000      0x20f ./FreeRTOS/event_groups.o
 .debug_macro   0x00000000      0x106 ./FreeRTOS/event_groups.o
 .debug_macro   0x00000000      0x15a ./FreeRTOS/event_groups.o
 .debug_macro   0x00000000       0xb8 ./FreeRTOS/event_groups.o
 .debug_macro   0x00000000       0x28 ./FreeRTOS/event_groups.o
 .debug_macro   0x00000000       0x1f ./FreeRTOS/event_groups.o
 .debug_macro   0x00000000       0x12 ./FreeRTOS/event_groups.o
 .debug_macro   0x00000000      0x52e ./FreeRTOS/event_groups.o
 .debug_macro   0x00000000       0xc3 ./FreeRTOS/event_groups.o
 .debug_macro   0x00000000      0x120 ./FreeRTOS/event_groups.o
 .debug_macro   0x00000000       0x91 ./FreeRTOS/event_groups.o
 .debug_line    0x00000000      0x559 ./FreeRTOS/event_groups.o
 .debug_str     0x00000000     0x9e44 ./FreeRTOS/event_groups.o
 .comment       0x00000000       0x71 ./FreeRTOS/event_groups.o
 .ARM.attributes
                0x00000000       0x32 ./FreeRTOS/event_groups.o
 .debug_frame   0x00000000      0x190 ./FreeRTOS/event_groups.o
 .group         0x00000000        0x8 ./FreeRTOS/list.o
 .group         0x00000000        0x8 ./FreeRTOS/list.o
 .group         0x00000000        0x8 ./FreeRTOS/list.o
 .group         0x00000000        0x8 ./FreeRTOS/list.o
 .group         0x00000000        0x8 ./FreeRTOS/list.o
 .group         0x00000000        0x8 ./FreeRTOS/list.o
 .group         0x00000000        0x8 ./FreeRTOS/list.o
 .group         0x00000000        0x8 ./FreeRTOS/list.o
 .group         0x00000000        0x8 ./FreeRTOS/list.o
 .group         0x00000000        0x8 ./FreeRTOS/list.o
 .group         0x00000000        0x8 ./FreeRTOS/list.o
 .group         0x00000000        0x8 ./FreeRTOS/list.o
 .group         0x00000000        0x8 ./FreeRTOS/list.o
 .group         0x00000000        0x8 ./FreeRTOS/list.o
 .group         0x00000000        0x8 ./FreeRTOS/list.o
 .group         0x00000000        0x8 ./FreeRTOS/list.o
 .group         0x00000000        0x8 ./FreeRTOS/list.o
 .group         0x00000000        0x8 ./FreeRTOS/list.o
 .group         0x00000000        0x8 ./FreeRTOS/list.o
 .group         0x00000000        0x8 ./FreeRTOS/list.o
 .group         0x00000000        0x8 ./FreeRTOS/list.o
 .group         0x00000000        0x8 ./FreeRTOS/list.o
 .group         0x00000000        0x8 ./FreeRTOS/list.o
 .text          0x00000000        0x0 ./FreeRTOS/list.o
 .data          0x00000000        0x0 ./FreeRTOS/list.o
 .bss           0x00000000        0x0 ./FreeRTOS/list.o
 .text.vListInsertEnd
                0x00000000       0x44 ./FreeRTOS/list.o
 .debug_macro   0x00000000      0x802 ./FreeRTOS/list.o
 .debug_macro   0x00000000       0x58 ./FreeRTOS/list.o
 .debug_macro   0x00000000       0x16 ./FreeRTOS/list.o
 .debug_macro   0x00000000       0x35 ./FreeRTOS/list.o
 .debug_macro   0x00000000       0xa3 ./FreeRTOS/list.o
 .debug_macro   0x00000000       0x16 ./FreeRTOS/list.o
 .debug_macro   0x00000000      0x10e ./FreeRTOS/list.o
 .debug_macro   0x00000000       0x7f ./FreeRTOS/list.o
 .debug_macro   0x00000000       0x4a ./FreeRTOS/list.o
 .debug_macro   0x00000000       0x52 ./FreeRTOS/list.o
 .debug_macro   0x00000000       0x16 ./FreeRTOS/list.o
 .debug_macro   0x00000000       0x43 ./FreeRTOS/list.o
 .debug_macro   0x00000000      0x180 ./FreeRTOS/list.o
 .debug_macro   0x00000000       0x22 ./FreeRTOS/list.o
 .debug_macro   0x00000000      0x20f ./FreeRTOS/list.o
 .debug_macro   0x00000000      0x106 ./FreeRTOS/list.o
 .debug_macro   0x00000000      0x15a ./FreeRTOS/list.o
 .debug_macro   0x00000000       0xb8 ./FreeRTOS/list.o
 .debug_macro   0x00000000       0x28 ./FreeRTOS/list.o
 .debug_macro   0x00000000       0x1f ./FreeRTOS/list.o
 .debug_macro   0x00000000       0x12 ./FreeRTOS/list.o
 .debug_macro   0x00000000      0x52e ./FreeRTOS/list.o
 .debug_macro   0x00000000       0xc3 ./FreeRTOS/list.o
 .group         0x00000000        0x8 ./FreeRTOS/queue.o
 .group         0x00000000        0x8 ./FreeRTOS/queue.o
 .group         0x00000000        0x8 ./FreeRTOS/queue.o
 .group         0x00000000        0x8 ./FreeRTOS/queue.o
 .group         0x00000000        0x8 ./FreeRTOS/queue.o
 .group         0x00000000        0x8 ./FreeRTOS/queue.o
 .group         0x00000000        0x8 ./FreeRTOS/queue.o
 .group         0x00000000        0x8 ./FreeRTOS/queue.o
 .group         0x00000000        0x8 ./FreeRTOS/queue.o
 .group         0x00000000        0x8 ./FreeRTOS/queue.o
 .group         0x00000000        0x8 ./FreeRTOS/queue.o
 .group         0x00000000        0x8 ./FreeRTOS/queue.o
 .group         0x00000000        0x8 ./FreeRTOS/queue.o
 .group         0x00000000        0x8 ./FreeRTOS/queue.o
 .group         0x00000000        0x8 ./FreeRTOS/queue.o
 .group         0x00000000        0x8 ./FreeRTOS/queue.o
 .group         0x00000000        0x8 ./FreeRTOS/queue.o
 .group         0x00000000        0x8 ./FreeRTOS/queue.o
 .group         0x00000000        0x8 ./FreeRTOS/queue.o
 .group         0x00000000        0x8 ./FreeRTOS/queue.o
 .group         0x00000000        0x8 ./FreeRTOS/queue.o
 .group         0x00000000        0x8 ./FreeRTOS/queue.o
 .group         0x00000000        0x8 ./FreeRTOS/queue.o
 .group         0x00000000        0x8 ./FreeRTOS/queue.o
 .group         0x00000000        0x8 ./FreeRTOS/queue.o
 .group         0x00000000        0x8 ./FreeRTOS/queue.o
 .group         0x00000000        0x8 ./FreeRTOS/queue.o
 .group         0x00000000        0x8 ./FreeRTOS/queue.o
 .text          0x00000000        0x0 ./FreeRTOS/queue.o
 .data          0x00000000        0x0 ./FreeRTOS/queue.o
 .bss           0x00000000        0x0 ./FreeRTOS/queue.o
 .text.prvInitialiseMutex
                0x00000000       0x34 ./FreeRTOS/queue.o
 .text.xQueueCreateMutex
                0x00000000       0x3c ./FreeRTOS/queue.o
 .text.xQueueGenericSend
                0x00000000      0x1a0 ./FreeRTOS/queue.o
 .text.xQueueGenericSendFromISR
                0x00000000      0x100 ./FreeRTOS/queue.o
 .text.xQueueGiveFromISR
                0x00000000       0xe0 ./FreeRTOS/queue.o
 .text.xQueueSemaphoreTake
                0x00000000      0x1c8 ./FreeRTOS/queue.o
 .text.xQueuePeek
                0x00000000      0x184 ./FreeRTOS/queue.o
 .text.xQueueReceiveFromISR
                0x00000000       0xdc ./FreeRTOS/queue.o
 .text.xQueuePeekFromISR
                0x00000000       0x84 ./FreeRTOS/queue.o
 .text.uxQueueMessagesWaiting
                0x00000000       0x2c ./FreeRTOS/queue.o
 .text.uxQueueSpacesAvailable
                0x00000000       0x34 ./FreeRTOS/queue.o
 .text.uxQueueMessagesWaitingFromISR
                0x00000000       0x28 ./FreeRTOS/queue.o
 .text.vQueueDelete
                0x00000000       0x24 ./FreeRTOS/queue.o
 .text.uxQueueGetQueueNumber
                0x00000000       0x14 ./FreeRTOS/queue.o
 .text.vQueueSetQueueNumber
                0x00000000       0x18 ./FreeRTOS/queue.o
 .text.ucQueueGetQueueType
                0x00000000       0x18 ./FreeRTOS/queue.o
 .text.prvGetDisinheritPriorityAfterTimeout
                0x00000000       0x2c ./FreeRTOS/queue.o
 .text.prvCopyDataToQueue
                0x00000000       0xe0 ./FreeRTOS/queue.o
 .text.xQueueIsQueueEmptyFromISR
                0x00000000       0x34 ./FreeRTOS/queue.o
 .text.prvIsQueueFull
                0x00000000       0x30 ./FreeRTOS/queue.o
 .text.xQueueIsQueueFullFromISR
                0x00000000       0x38 ./FreeRTOS/queue.o
 .debug_macro   0x00000000      0x802 ./FreeRTOS/queue.o
 .debug_macro   0x00000000       0x58 ./FreeRTOS/queue.o
 .debug_macro   0x00000000       0x16 ./FreeRTOS/queue.o
 .debug_macro   0x00000000       0x35 ./FreeRTOS/queue.o
 .debug_macro   0x00000000       0xa3 ./FreeRTOS/queue.o
 .debug_macro   0x00000000       0x16 ./FreeRTOS/queue.o
 .debug_macro   0x00000000      0x10e ./FreeRTOS/queue.o
 .debug_macro   0x00000000       0x7f ./FreeRTOS/queue.o
 .debug_macro   0x00000000       0x4a ./FreeRTOS/queue.o
 .debug_macro   0x00000000       0x52 ./FreeRTOS/queue.o
 .debug_macro   0x00000000       0x16 ./FreeRTOS/queue.o
 .debug_macro   0x00000000       0x43 ./FreeRTOS/queue.o
 .debug_macro   0x00000000      0x180 ./FreeRTOS/queue.o
 .debug_macro   0x00000000       0x22 ./FreeRTOS/queue.o
 .debug_macro   0x00000000      0x20f ./FreeRTOS/queue.o
 .debug_macro   0x00000000      0x106 ./FreeRTOS/queue.o
 .debug_macro   0x00000000      0x15a ./FreeRTOS/queue.o
 .debug_macro   0x00000000       0xb8 ./FreeRTOS/queue.o
 .debug_macro   0x00000000       0x28 ./FreeRTOS/queue.o
 .debug_macro   0x00000000       0x1f ./FreeRTOS/queue.o
 .debug_macro   0x00000000       0x12 ./FreeRTOS/queue.o
 .debug_macro   0x00000000      0x52e ./FreeRTOS/queue.o
 .debug_macro   0x00000000       0xc3 ./FreeRTOS/queue.o
 .debug_macro   0x00000000      0x120 ./FreeRTOS/queue.o
 .group         0x00000000        0x8 ./FreeRTOS/stream_buffer.o
 .group         0x00000000        0x8 ./FreeRTOS/stream_buffer.o
 .group         0x00000000        0x8 ./FreeRTOS/stream_buffer.o
 .group         0x00000000        0x8 ./FreeRTOS/stream_buffer.o
 .group         0x00000000        0x8 ./FreeRTOS/stream_buffer.o
 .group         0x00000000        0x8 ./FreeRTOS/stream_buffer.o
 .group         0x00000000        0x8 ./FreeRTOS/stream_buffer.o
 .group         0x00000000        0x8 ./FreeRTOS/stream_buffer.o
 .group         0x00000000        0x8 ./FreeRTOS/stream_buffer.o
 .group         0x00000000        0x8 ./FreeRTOS/stream_buffer.o
 .group         0x00000000        0x8 ./FreeRTOS/stream_buffer.o
 .group         0x00000000        0x8 ./FreeRTOS/stream_buffer.o
 .group         0x00000000        0x8 ./FreeRTOS/stream_buffer.o
 .group         0x00000000        0x8 ./FreeRTOS/stream_buffer.o
 .group         0x00000000        0x8 ./FreeRTOS/stream_buffer.o
 .group         0x00000000        0x8 ./FreeRTOS/stream_buffer.o
 .group         0x00000000        0x8 ./FreeRTOS/stream_buffer.o
 .group         0x00000000        0x8 ./FreeRTOS/stream_buffer.o
 .group         0x00000000        0x8 ./FreeRTOS/stream_buffer.o
 .group         0x00000000        0x8 ./FreeRTOS/stream_buffer.o
 .group         0x00000000        0x8 ./FreeRTOS/stream_buffer.o
 .group         0x00000000        0x8 ./FreeRTOS/stream_buffer.o
 .group         0x00000000        0x8 ./FreeRTOS/stream_buffer.o
 .group         0x00000000        0x8 ./FreeRTOS/stream_buffer.o
 .group         0x00000000        0x8 ./FreeRTOS/stream_buffer.o
 .text          0x00000000        0x0 ./FreeRTOS/stream_buffer.o
 .data          0x00000000        0x0 ./FreeRTOS/stream_buffer.o
 .bss           0x00000000        0x0 ./FreeRTOS/stream_buffer.o
 .text.xStreamBufferGenericCreate
                0x00000000       0x9c ./FreeRTOS/stream_buffer.o
 .text.vStreamBufferDelete
                0x00000000       0x40 ./FreeRTOS/stream_buffer.o
 .text.xStreamBufferReset
                0x00000000       0x64 ./FreeRTOS/stream_buffer.o
 .text.xStreamBufferSetTriggerLevel
                0x00000000       0x48 ./FreeRTOS/stream_buffer.o
 .text.xStreamBufferSpacesAvailable
                0x00000000       0x60 ./FreeRTOS/stream_buffer.o
 .text.xStreamBufferBytesAvailable
                0x00000000       0x2c ./FreeRTOS/stream_buffer.o
 .text.xStreamBufferSend
                0x00000000      0x160 ./FreeRTOS/stream_buffer.o
 .text.xStreamBufferSendFromISR
                0x00000000       0xb4 ./FreeRTOS/stream_buffer.o
 .text.prvWriteMessageToBuffer
                0x00000000       0x74 ./FreeRTOS/stream_buffer.o
 .text.xStreamBufferReceive
                0x00000000      0x10c ./FreeRTOS/stream_buffer.o
 .text.xStreamBufferNextMessageLengthBytes
                0x00000000       0x6c ./FreeRTOS/stream_buffer.o
 .text.xStreamBufferReceiveFromISR
                0x00000000       0xac ./FreeRTOS/stream_buffer.o
 .text.prvReadMessageFromBuffer
                0x00000000       0x80 ./FreeRTOS/stream_buffer.o
 .text.xStreamBufferIsEmpty
                0x00000000       0x3c ./FreeRTOS/stream_buffer.o
 .text.xStreamBufferIsFull
                0x00000000       0x50 ./FreeRTOS/stream_buffer.o
 .text.xStreamBufferSendCompletedFromISR
                0x00000000       0x64 ./FreeRTOS/stream_buffer.o
 .text.xStreamBufferReceiveCompletedFromISR
                0x00000000       0x64 ./FreeRTOS/stream_buffer.o
 .text.prvWriteBytesToBuffer
                0x00000000       0xac ./FreeRTOS/stream_buffer.o
 .text.prvReadBytesFromBuffer
                0x00000000       0xa8 ./FreeRTOS/stream_buffer.o
 .text.prvBytesInBuffer
                0x00000000       0x3c ./FreeRTOS/stream_buffer.o
 .text.prvInitialiseNewStreamBuffer
                0x00000000       0x5c ./FreeRTOS/stream_buffer.o
 .text.uxStreamBufferGetStreamBufferNumber
                0x00000000       0x14 ./FreeRTOS/stream_buffer.o
 .text.vStreamBufferSetStreamBufferNumber
                0x00000000       0x18 ./FreeRTOS/stream_buffer.o
 .text.ucStreamBufferGetStreamBufferType
                0x00000000       0x1c ./FreeRTOS/stream_buffer.o
 .debug_info    0x00000000      0xb97 ./FreeRTOS/stream_buffer.o
 .debug_abbrev  0x00000000      0x1cd ./FreeRTOS/stream_buffer.o
 .debug_aranges
                0x00000000       0xd8 ./FreeRTOS/stream_buffer.o
 .debug_ranges  0x00000000       0xc8 ./FreeRTOS/stream_buffer.o
 .debug_macro   0x00000000      0x199 ./FreeRTOS/stream_buffer.o
 .debug_macro   0x00000000      0x802 ./FreeRTOS/stream_buffer.o
 .debug_macro   0x00000000       0x16 ./FreeRTOS/stream_buffer.o
 .debug_macro   0x00000000       0x44 ./FreeRTOS/stream_buffer.o
 .debug_macro   0x00000000      0x209 ./FreeRTOS/stream_buffer.o
 .debug_macro   0x00000000       0x58 ./FreeRTOS/stream_buffer.o
 .debug_macro   0x00000000       0x35 ./FreeRTOS/stream_buffer.o
 .debug_macro   0x00000000       0xa3 ./FreeRTOS/stream_buffer.o
 .debug_macro   0x00000000      0x166 ./FreeRTOS/stream_buffer.o
 .debug_macro   0x00000000       0x52 ./FreeRTOS/stream_buffer.o
 .debug_macro   0x00000000       0x16 ./FreeRTOS/stream_buffer.o
 .debug_macro   0x00000000       0x43 ./FreeRTOS/stream_buffer.o
 .debug_macro   0x00000000      0x180 ./FreeRTOS/stream_buffer.o
 .debug_macro   0x00000000      0x2a6 ./FreeRTOS/stream_buffer.o
 .debug_macro   0x00000000       0x10 ./FreeRTOS/stream_buffer.o
 .debug_macro   0x00000000       0x35 ./FreeRTOS/stream_buffer.o
 .debug_macro   0x00000000      0x106 ./FreeRTOS/stream_buffer.o
 .debug_macro   0x00000000      0x15a ./FreeRTOS/stream_buffer.o
 .debug_macro   0x00000000       0xb8 ./FreeRTOS/stream_buffer.o
 .debug_macro   0x00000000       0x28 ./FreeRTOS/stream_buffer.o
 .debug_macro   0x00000000       0x1f ./FreeRTOS/stream_buffer.o
 .debug_macro   0x00000000       0x12 ./FreeRTOS/stream_buffer.o
 .debug_macro   0x00000000      0x52e ./FreeRTOS/stream_buffer.o
 .debug_macro   0x00000000       0xc3 ./FreeRTOS/stream_buffer.o
 .debug_macro   0x00000000      0x120 ./FreeRTOS/stream_buffer.o
 .debug_macro   0x00000000       0x18 ./FreeRTOS/stream_buffer.o
 .debug_line    0x00000000      0x75d ./FreeRTOS/stream_buffer.o
 .debug_str     0x00000000     0xae86 ./FreeRTOS/stream_buffer.o
 .comment       0x00000000       0x71 ./FreeRTOS/stream_buffer.o
 .ARM.attributes
                0x00000000       0x32 ./FreeRTOS/stream_buffer.o
 .debug_frame   0x00000000      0x310 ./FreeRTOS/stream_buffer.o
 .group         0x00000000        0x8 ./FreeRTOS/tasks.o
 .group         0x00000000        0x8 ./FreeRTOS/tasks.o
 .group         0x00000000        0x8 ./FreeRTOS/tasks.o
 .group         0x00000000        0x8 ./FreeRTOS/tasks.o
 .group         0x00000000        0x8 ./FreeRTOS/tasks.o
 .group         0x00000000        0x8 ./FreeRTOS/tasks.o
 .group         0x00000000        0x8 ./FreeRTOS/tasks.o
 .group         0x00000000        0x8 ./FreeRTOS/tasks.o
 .group         0x00000000        0x8 ./FreeRTOS/tasks.o
 .group         0x00000000        0x8 ./FreeRTOS/tasks.o
 .group         0x00000000        0x8 ./FreeRTOS/tasks.o
 .group         0x00000000        0x8 ./FreeRTOS/tasks.o
 .group         0x00000000        0x8 ./FreeRTOS/tasks.o
 .group         0x00000000        0x8 ./FreeRTOS/tasks.o
 .group         0x00000000        0x8 ./FreeRTOS/tasks.o
 .group         0x00000000        0x8 ./FreeRTOS/tasks.o
 .group         0x00000000        0x8 ./FreeRTOS/tasks.o
 .group         0x00000000        0x8 ./FreeRTOS/tasks.o
 .group         0x00000000        0x8 ./FreeRTOS/tasks.o
 .group         0x00000000        0x8 ./FreeRTOS/tasks.o
 .group         0x00000000        0x8 ./FreeRTOS/tasks.o
 .group         0x00000000        0x8 ./FreeRTOS/tasks.o
 .group         0x00000000        0x8 ./FreeRTOS/tasks.o
 .group         0x00000000        0x8 ./FreeRTOS/tasks.o
 .group         0x00000000        0x8 ./FreeRTOS/tasks.o
 .group         0x00000000        0x8 ./FreeRTOS/tasks.o
 .group         0x00000000        0x8 ./FreeRTOS/tasks.o
 .group         0x00000000        0x8 ./FreeRTOS/tasks.o
 .group         0x00000000        0x8 ./FreeRTOS/tasks.o
 .text          0x00000000        0x0 ./FreeRTOS/tasks.o
 .data          0x00000000        0x0 ./FreeRTOS/tasks.o
 .bss           0x00000000        0x0 ./FreeRTOS/tasks.o
 .text.vTaskDelete
                0x00000000       0xd0 ./FreeRTOS/tasks.o
 .text.xTaskDelayUntil
                0x00000000       0xb8 ./FreeRTOS/tasks.o
 .text.eTaskGetState
                0x00000000       0xf4 ./FreeRTOS/tasks.o
 .text.uxTaskPriorityGet
                0x00000000       0x34 ./FreeRTOS/tasks.o
 .text.uxTaskPriorityGetFromISR
                0x00000000       0x3c ./FreeRTOS/tasks.o
 .text.vTaskPrioritySet
                0x00000000      0x164 ./FreeRTOS/tasks.o
 .text.vTaskSuspend
                0x00000000       0xe8 ./FreeRTOS/tasks.o
 .text.prvTaskIsTaskSuspended
                0x00000000       0x4c ./FreeRTOS/tasks.o
 .text.vTaskResume
                0x00000000       0xe4 ./FreeRTOS/tasks.o
 .text.xTaskResumeFromISR
                0x00000000      0x110 ./FreeRTOS/tasks.o
 .text.vTaskEndScheduler
                0x00000000       0x18 ./FreeRTOS/tasks.o
 .text.xTaskGetTickCountFromISR
                0x00000000       0x20 ./FreeRTOS/tasks.o
 .text.uxTaskGetNumberOfTasks
                0x00000000       0x14 ./FreeRTOS/tasks.o
 .text.pcTaskGetName
                0x00000000       0x34 ./FreeRTOS/tasks.o
 .text.uxTaskGetSystemState
                0x00000000      0x11c ./FreeRTOS/tasks.o
 .text.xTaskCatchUpTicks
                0x00000000       0x40 ./FreeRTOS/tasks.o
 .text.vTaskPlaceOnUnorderedEventList
                0x00000000       0x8c ./FreeRTOS/tasks.o
 .text.vTaskRemoveFromUnorderedEventList
                0x00000000      0x154 ./FreeRTOS/tasks.o
 .text.vTaskSetTimeOutState
                0x00000000       0x38 ./FreeRTOS/tasks.o
 .text.uxTaskGetTaskNumber
                0x00000000       0x28 ./FreeRTOS/tasks.o
 .text.vTaskSetTaskNumber
                0x00000000       0x20 ./FreeRTOS/tasks.o
 .text.vTaskGetInfo
                0x00000000       0xd4 ./FreeRTOS/tasks.o
 .text.prvListTasksWithinSingleList
                0x00000000       0xa8 ./FreeRTOS/tasks.o
 .text.prvTaskCheckFreeStackSpace
                0x00000000       0x34 ./FreeRTOS/tasks.o
 .text.xTaskGetCurrentTaskHandle
                0x00000000       0x1c ./FreeRTOS/tasks.o
 .text.xTaskPriorityInherit
                0x00000000      0x11c ./FreeRTOS/tasks.o
 .text.xTaskPriorityDisinherit
                0x00000000      0x100 ./FreeRTOS/tasks.o
 .text.vTaskPriorityDisinheritAfterTimeout
                0x00000000      0x128 ./FreeRTOS/tasks.o
 .text.uxTaskResetEventItemValue
                0x00000000       0x2c ./FreeRTOS/tasks.o
 .text.pvTaskIncrementMutexHeldCount
                0x00000000       0x24 ./FreeRTOS/tasks.o
 .text.ulTaskGenericNotifyTake
                0x00000000       0xb4 ./FreeRTOS/tasks.o
 .text.xTaskGenericNotifyWait
                0x00000000       0xe8 ./FreeRTOS/tasks.o
 .text.xTaskGenericNotify
                0x00000000      0x1ec ./FreeRTOS/tasks.o
 .rodata.xTaskGenericNotify
                0x00000000       0x14 ./FreeRTOS/tasks.o
 .text.xTaskGenericNotifyFromISR
                0x00000000      0x250 ./FreeRTOS/tasks.o
 .rodata.xTaskGenericNotifyFromISR
                0x00000000       0x14 ./FreeRTOS/tasks.o
 .text.vTaskGenericNotifyGiveFromISR
                0x00000000      0x1bc ./FreeRTOS/tasks.o
 .text.xTaskGenericNotifyStateClear
                0x00000000       0x64 ./FreeRTOS/tasks.o
 .text.ulTaskGenericNotifyValueClear
                0x00000000       0x5c ./FreeRTOS/tasks.o
 .debug_macro   0x00000000      0x802 ./FreeRTOS/tasks.o
 .debug_macro   0x00000000       0x58 ./FreeRTOS/tasks.o
 .debug_macro   0x00000000       0x16 ./FreeRTOS/tasks.o
 .debug_macro   0x00000000       0x35 ./FreeRTOS/tasks.o
 .debug_macro   0x00000000       0xa3 ./FreeRTOS/tasks.o
 .debug_macro   0x00000000       0x16 ./FreeRTOS/tasks.o
 .debug_macro   0x00000000      0x10e ./FreeRTOS/tasks.o
 .debug_macro   0x00000000       0x7f ./FreeRTOS/tasks.o
 .debug_macro   0x00000000       0x4a ./FreeRTOS/tasks.o
 .debug_macro   0x00000000       0x52 ./FreeRTOS/tasks.o
 .debug_macro   0x00000000       0x16 ./FreeRTOS/tasks.o
 .debug_macro   0x00000000       0x43 ./FreeRTOS/tasks.o
 .debug_macro   0x00000000      0x180 ./FreeRTOS/tasks.o
 .debug_macro   0x00000000       0x22 ./FreeRTOS/tasks.o
 .debug_macro   0x00000000      0x2a6 ./FreeRTOS/tasks.o
 .debug_macro   0x00000000       0x10 ./FreeRTOS/tasks.o
 .debug_macro   0x00000000       0x35 ./FreeRTOS/tasks.o
 .debug_macro   0x00000000      0x20f ./FreeRTOS/tasks.o
 .debug_macro   0x00000000      0x106 ./FreeRTOS/tasks.o
 .debug_macro   0x00000000      0x15a ./FreeRTOS/tasks.o
 .debug_macro   0x00000000       0xb8 ./FreeRTOS/tasks.o
 .debug_macro   0x00000000       0x28 ./FreeRTOS/tasks.o
 .debug_macro   0x00000000       0x1f ./FreeRTOS/tasks.o
 .debug_macro   0x00000000       0x12 ./FreeRTOS/tasks.o
 .debug_macro   0x00000000      0x52e ./FreeRTOS/tasks.o
 .debug_macro   0x00000000       0xc3 ./FreeRTOS/tasks.o
 .debug_macro   0x00000000      0x120 ./FreeRTOS/tasks.o
 .debug_macro   0x00000000       0x91 ./FreeRTOS/tasks.o
 .group         0x00000000        0x8 ./FreeRTOS/timers.o
 .group         0x00000000        0x8 ./FreeRTOS/timers.o
 .group         0x00000000        0x8 ./FreeRTOS/timers.o
 .group         0x00000000        0x8 ./FreeRTOS/timers.o
 .group         0x00000000        0x8 ./FreeRTOS/timers.o
 .group         0x00000000        0x8 ./FreeRTOS/timers.o
 .group         0x00000000        0x8 ./FreeRTOS/timers.o
 .group         0x00000000        0x8 ./FreeRTOS/timers.o
 .group         0x00000000        0x8 ./FreeRTOS/timers.o
 .group         0x00000000        0x8 ./FreeRTOS/timers.o
 .group         0x00000000        0x8 ./FreeRTOS/timers.o
 .group         0x00000000        0x8 ./FreeRTOS/timers.o
 .group         0x00000000        0x8 ./FreeRTOS/timers.o
 .group         0x00000000        0x8 ./FreeRTOS/timers.o
 .group         0x00000000        0x8 ./FreeRTOS/timers.o
 .group         0x00000000        0x8 ./FreeRTOS/timers.o
 .group         0x00000000        0x8 ./FreeRTOS/timers.o
 .group         0x00000000        0x8 ./FreeRTOS/timers.o
 .group         0x00000000        0x8 ./FreeRTOS/timers.o
 .group         0x00000000        0x8 ./FreeRTOS/timers.o
 .group         0x00000000        0x8 ./FreeRTOS/timers.o
 .group         0x00000000        0x8 ./FreeRTOS/timers.o
 .group         0x00000000        0x8 ./FreeRTOS/timers.o
 .group         0x00000000        0x8 ./FreeRTOS/timers.o
 .group         0x00000000        0x8 ./FreeRTOS/timers.o
 .group         0x00000000        0x8 ./FreeRTOS/timers.o
 .text          0x00000000        0x0 ./FreeRTOS/timers.o
 .data          0x00000000        0x0 ./FreeRTOS/timers.o
 .bss           0x00000000        0x0 ./FreeRTOS/timers.o
 .text.xTimerCreate
                0x00000000       0x44 ./FreeRTOS/timers.o
 .text.prvInitialiseNewTimer
                0x00000000       0x5c ./FreeRTOS/timers.o
 .text.xTimerGenericCommand
                0x00000000       0xac ./FreeRTOS/timers.o
 .text.xTimerGetTimerDaemonTaskHandle
                0x00000000       0x20 ./FreeRTOS/timers.o
 .text.xTimerGetPeriod
                0x00000000       0x24 ./FreeRTOS/timers.o
 .text.vTimerSetReloadMode
                0x00000000       0x54 ./FreeRTOS/timers.o
 .text.uxTimerGetReloadMode
                0x00000000       0x40 ./FreeRTOS/timers.o
 .text.xTimerGetExpiryTime
                0x00000000       0x28 ./FreeRTOS/timers.o
 .text.pcTimerGetName
                0x00000000       0x24 ./FreeRTOS/timers.o
 .text.xTimerIsTimerActive
                0x00000000       0x40 ./FreeRTOS/timers.o
 .text.pvTimerGetTimerID
                0x00000000       0x30 ./FreeRTOS/timers.o
 .text.vTimerSetTimerID
                0x00000000       0x2c ./FreeRTOS/timers.o
 .text.uxTimerGetTimerNumber
                0x00000000       0x14 ./FreeRTOS/timers.o
 .text.vTimerSetTimerNumber
                0x00000000       0x18 ./FreeRTOS/timers.o
 .debug_macro   0x00000000      0x802 ./FreeRTOS/timers.o
 .debug_macro   0x00000000       0x58 ./FreeRTOS/timers.o
 .debug_macro   0x00000000       0x16 ./FreeRTOS/timers.o
 .debug_macro   0x00000000       0x35 ./FreeRTOS/timers.o
 .debug_macro   0x00000000       0xa3 ./FreeRTOS/timers.o
 .debug_macro   0x00000000       0x16 ./FreeRTOS/timers.o
 .debug_macro   0x00000000      0x10e ./FreeRTOS/timers.o
 .debug_macro   0x00000000       0x7f ./FreeRTOS/timers.o
 .debug_macro   0x00000000       0x4a ./FreeRTOS/timers.o
 .debug_macro   0x00000000       0x52 ./FreeRTOS/timers.o
 .debug_macro   0x00000000       0x16 ./FreeRTOS/timers.o
 .debug_macro   0x00000000       0x43 ./FreeRTOS/timers.o
 .debug_macro   0x00000000      0x180 ./FreeRTOS/timers.o
 .debug_macro   0x00000000       0x22 ./FreeRTOS/timers.o
 .debug_macro   0x00000000      0x20f ./FreeRTOS/timers.o
 .debug_macro   0x00000000      0x106 ./FreeRTOS/timers.o
 .debug_macro   0x00000000      0x15a ./FreeRTOS/timers.o
 .debug_macro   0x00000000       0xb8 ./FreeRTOS/timers.o
 .debug_macro   0x00000000       0x28 ./FreeRTOS/timers.o
 .debug_macro   0x00000000       0x1f ./FreeRTOS/timers.o
 .debug_macro   0x00000000       0x12 ./FreeRTOS/timers.o
 .debug_macro   0x00000000      0x52e ./FreeRTOS/timers.o
 .debug_macro   0x00000000       0xc3 ./FreeRTOS/timers.o
 .debug_macro   0x00000000      0x120 ./FreeRTOS/timers.o
 .debug_macro   0x00000000       0x80 ./FreeRTOS/timers.o
 .data          0x00000000        0x0 c:/freescale/kds_v3/toolchain/bin/../lib/gcc/arm-none-eabi/4.8.4/armv6-m\libgcc.a(_udivsi3.o)
 .bss           0x00000000        0x0 c:/freescale/kds_v3/toolchain/bin/../lib/gcc/arm-none-eabi/4.8.4/armv6-m\libgcc.a(_udivsi3.o)
 .data          0x00000000        0x0 c:/freescale/kds_v3/toolchain/bin/../lib/gcc/arm-none-eabi/4.8.4/armv6-m\libgcc.a(_dvmd_tls.o)
 .bss           0x00000000        0x0 c:/freescale/kds_v3/toolchain/bin/../lib/gcc/arm-none-eabi/4.8.4/armv6-m\libgcc.a(_dvmd_tls.o)
 .text          0x00000000        0x0 c:/freescale/kds_v3/toolchain/bin/../lib/gcc/arm-none-eabi/4.8.4/../../../../arm-none-eabi/lib/armv6-m\libg_s.a(lib_a-exit.o)
 .data          0x00000000        0x0 c:/freescale/kds_v3/toolchain/bin/../lib/gcc/arm-none-eabi/4.8.4/../../../../arm-none-eabi/lib/armv6-m\libg_s.a(lib_a-exit.o)
 .bss           0x00000000        0x0 c:/freescale/kds_v3/toolchain/bin/../lib/gcc/arm-none-eabi/4.8.4/../../../../arm-none-eabi/lib/armv6-m\libg_s.a(lib_a-exit.o)
 .text          0x00000000        0x0 c:/freescale/kds_v3/toolchain/bin/../lib/gcc/arm-none-eabi/4.8.4/../../../../arm-none-eabi/lib/armv6-m\libg_s.a(lib_a-impure.o)
 .data          0x00000000        0x0 c:/freescale/kds_v3/toolchain/bin/../lib/gcc/arm-none-eabi/4.8.4/../../../../arm-none-eabi/lib/armv6-m\libg_s.a(lib_a-impure.o)
 .bss           0x00000000        0x0 c:/freescale/kds_v3/toolchain/bin/../lib/gcc/arm-none-eabi/4.8.4/../../../../arm-none-eabi/lib/armv6-m\libg_s.a(lib_a-impure.o)
 .data._impure_ptr
                0x00000000        0x4 c:/freescale/kds_v3/toolchain/bin/../lib/gcc/arm-none-eabi/4.8.4/../../../../arm-none-eabi/lib/armv6-m\libg_s.a(lib_a-impure.o)
 .text          0x00000000        0x0 c:/freescale/kds_v3/toolchain/bin/../lib/gcc/arm-none-eabi/4.8.4/../../../../arm-none-eabi/lib/armv6-m\libg_s.a(lib_a-init.o)
 .data          0x00000000        0x0 c:/freescale/kds_v3/toolchain/bin/../lib/gcc/arm-none-eabi/4.8.4/../../../../arm-none-eabi/lib/armv6-m\libg_s.a(lib_a-init.o)
 .bss           0x00000000        0x0 c:/freescale/kds_v3/toolchain/bin/../lib/gcc/arm-none-eabi/4.8.4/../../../../arm-none-eabi/lib/armv6-m\libg_s.a(lib_a-init.o)
 .text          0x00000000        0x0 c:/freescale/kds_v3/toolchain/bin/../lib/gcc/arm-none-eabi/4.8.4/../../../../arm-none-eabi/lib/armv6-m\libg_s.a(lib_a-memcpy-stub.o)
 .data          0x00000000        0x0 c:/freescale/kds_v3/toolchain/bin/../lib/gcc/arm-none-eabi/4.8.4/../../../../arm-none-eabi/lib/armv6-m\libg_s.a(lib_a-memcpy-stub.o)
 .bss           0x00000000        0x0 c:/freescale/kds_v3/toolchain/bin/../lib/gcc/arm-none-eabi/4.8.4/../../../../arm-none-eabi/lib/armv6-m\libg_s.a(lib_a-memcpy-stub.o)
 .text          0x00000000        0x0 c:/freescale/kds_v3/toolchain/bin/../lib/gcc/arm-none-eabi/4.8.4/../../../../arm-none-eabi/lib/armv6-m\libg_s.a(lib_a-memset.o)
 .data          0x00000000        0x0 c:/freescale/kds_v3/toolchain/bin/../lib/gcc/arm-none-eabi/4.8.4/../../../../arm-none-eabi/lib/armv6-m\libg_s.a(lib_a-memset.o)
 .bss           0x00000000        0x0 c:/freescale/kds_v3/toolchain/bin/../lib/gcc/arm-none-eabi/4.8.4/../../../../arm-none-eabi/lib/armv6-m\libg_s.a(lib_a-memset.o)
 .text          0x00000000        0x0 c:/freescale/kds_v3/toolchain/bin/../lib/gcc/arm-none-eabi/4.8.4/../../../../arm-none-eabi/lib/armv6-m\libnosys.a(_exit.o)
 .data          0x00000000        0x0 c:/freescale/kds_v3/toolchain/bin/../lib/gcc/arm-none-eabi/4.8.4/../../../../arm-none-eabi/lib/armv6-m\libnosys.a(_exit.o)
 .bss           0x00000000        0x0 c:/freescale/kds_v3/toolchain/bin/../lib/gcc/arm-none-eabi/4.8.4/../../../../arm-none-eabi/lib/armv6-m\libnosys.a(_exit.o)
 .text          0x00000000        0x0 c:/freescale/kds_v3/toolchain/bin/../lib/gcc/arm-none-eabi/4.8.4/armv6-m/crtend.o
 .data          0x00000000        0x0 c:/freescale/kds_v3/toolchain/bin/../lib/gcc/arm-none-eabi/4.8.4/armv6-m/crtend.o
 .bss           0x00000000        0x0 c:/freescale/kds_v3/toolchain/bin/../lib/gcc/arm-none-eabi/4.8.4/armv6-m/crtend.o
 .eh_frame      0x00000000        0x4 c:/freescale/kds_v3/toolchain/bin/../lib/gcc/arm-none-eabi/4.8.4/armv6-m/crtend.o
 .text          0x00000000        0x0 c:/freescale/kds_v3/toolchain/bin/../lib/gcc/arm-none-eabi/4.8.4/armv6-m/crtn.o
 .data          0x00000000        0x0 c:/freescale/kds_v3/toolchain/bin/../lib/gcc/arm-none-eabi/4.8.4/armv6-m/crtn.o
 .bss           0x00000000        0x0 c:/freescale/kds_v3/toolchain/bin/../lib/gcc/arm-none-eabi/4.8.4/armv6-m/crtn.o

Memory Configuration

Name             Origin             Length             Attributes
m_interrupts     0x00000000         0x00000100         xr
m_flash_config   0x00000400         0x00000010         xr
m_text           0x00000410         0x0003fbf0         xr
m_data           0x1fffe000         0x00008000         rw
*default*        0x00000000         0xffffffff

Linker script and memory map

LOAD c:/freescale/kds_v3/toolchain/bin/../lib/gcc/arm-none-eabi/4.8.4/armv6-m/crti.o
LOAD c:/freescale/kds_v3/toolchain/bin/../lib/gcc/arm-none-eabi/4.8.4/armv6-m/crtbegin.o
LOAD c:/freescale/kds_v3/toolchain/bin/../lib/gcc/arm-none-eabi/4.8.4/../../../../arm-none-eabi/lib/armv6-m/crt0.o
LOAD ./Sources/main.o
LOAD ./Project_Settings/Startup_Code/startup_MKL46Z4.o
LOAD ./Project_Settings/Startup_Code/system_MKL46Z4.o
LOAD ./FreeRTOS/portable/MemMang/heap_1.o
LOAD ./FreeRTOS/portable/GCC/ARM_CM0/port.o
LOAD ./FreeRTOS/croutine.o
LOAD ./FreeRTOS/event_groups.o
LOAD ./FreeRTOS/list.o
LOAD ./FreeRTOS/queue.o
LOAD ./FreeRTOS/stream_buffer.o
LOAD ./FreeRTOS/tasks.o
LOAD ./FreeRTOS/timers.o
LOAD c:/freescale/kds_v3/toolchain/bin/../lib/gcc/arm-none-eabi/4.8.4/../../../../arm-none-eabi/lib/armv6-m\libstdc++_s.a
LOAD c:/freescale/kds_v3/toolchain/bin/../lib/gcc/arm-none-eabi/4.8.4/../../../../arm-none-eabi/lib/armv6-m\libm.a
START GROUP
LOAD c:/freescale/kds_v3/toolchain/bin/../lib/gcc/arm-none-eabi/4.8.4/armv6-m\libgcc.a
LOAD c:/freescale/kds_v3/toolchain/bin/../lib/gcc/arm-none-eabi/4.8.4/../../../../arm-none-eabi/lib/armv6-m\libg_s.a
LOAD c:/freescale/kds_v3/toolchain/bin/../lib/gcc/arm-none-eabi/4.8.4/../../../../arm-none-eabi/lib/armv6-m\libc_s.a
END GROUP
START GROUP
LOAD c:/freescale/kds_v3/toolchain/bin/../lib/gcc/arm-none-eabi/4.8.4/armv6-m\libgcc.a
LOAD c:/freescale/kds_v3/toolchain/bin/../lib/gcc/arm-none-eabi/4.8.4/../../../../arm-none-eabi/lib/armv6-m\libc_s.a
LOAD c:/freescale/kds_v3/toolchain/bin/../lib/gcc/arm-none-eabi/4.8.4/../../../../arm-none-eabi/lib/armv6-m\libnosys.a
END GROUP
START GROUP
LOAD c:/freescale/kds_v3/toolchain/bin/../lib/gcc/arm-none-eabi/4.8.4/armv6-m\libgcc.a
LOAD c:/freescale/kds_v3/toolchain/bin/../lib/gcc/arm-none-eabi/4.8.4/../../../../arm-none-eabi/lib/armv6-m\libc_s.a
LOAD c:/freescale/kds_v3/toolchain/bin/../lib/gcc/arm-none-eabi/4.8.4/../../../../arm-none-eabi/lib/armv6-m\libnosys.a
END GROUP
LOAD c:/freescale/kds_v3/toolchain/bin/../lib/gcc/arm-none-eabi/4.8.4/armv6-m/crtend.o
LOAD c:/freescale/kds_v3/toolchain/bin/../lib/gcc/arm-none-eabi/4.8.4/armv6-m/crtn.o
                0x00000400                HEAP_SIZE = DEFINED (__heap_size__)?__heap_size__:0x400
                0x00000400                STACK_SIZE = DEFINED (__stack_size__)?__stack_size__:0x400

.interrupts     0x00000000       0xc0
                0x00000000                __VECTOR_TABLE = .
                0x00000000                . = ALIGN (0x4)
 *(.isr_vector)
 .isr_vector    0x00000000       0xc0 ./Project_Settings/Startup_Code/startup_MKL46Z4.o
                0x00000000                __isr_vector
                0x000000c0                . = ALIGN (0x4)

.flash_config   0x00000400       0x10
                0x00000400                . = ALIGN (0x4)
 *(.FlashConfig)
 .FlashConfig   0x00000400       0x10 ./Project_Settings/Startup_Code/startup_MKL46Z4.o
                0x00000410                . = ALIGN (0x4)

.text           0x00000410     0x1f74
                0x00000410                . = ALIGN (0x4)
 *(.text)
 .text          0x00000410       0x60 c:/freescale/kds_v3/toolchain/bin/../lib/gcc/arm-none-eabi/4.8.4/armv6-m/crtbegin.o
 .text          0x00000470       0x78 c:/freescale/kds_v3/toolchain/bin/../lib/gcc/arm-none-eabi/4.8.4/../../../../arm-none-eabi/lib/armv6-m/crt0.o
                0x00000470                _start
                0x00000470                _mainCRTStartup
 .text          0x000004e8       0x34 ./Project_Settings/Startup_Code/startup_MKL46Z4.o
                0x000004e8                Reset_Handler
                0x00000514                HardFault_Handler
                0x00000514                NMI_Handler
                0x00000514                PORTC_PORTD_IRQHandler
                0x00000514                I2C1_IRQHandler
                0x00000514                UART1_IRQHandler
                0x00000514                DMA2_IRQHandler
                0x00000514                TPM0_IRQHandler
                0x00000514                I2S0_IRQHandler
                0x00000514                LLWU_IRQHandler
                0x00000514                TSI0_IRQHandler
                0x00000514                UART0_IRQHandler
                0x00000514                ADC0_IRQHandler
                0x00000514                SPI1_IRQHandler
                0x00000514                DefaultISR
                0x00000514                TPM2_IRQHandler
                0x00000514                RTC_IRQHandler
                0x00000514                I2C0_IRQHandler
                0x00000514                LCD_IRQHandler
                0x00000514                RTC_Seconds_IRQHandler
                0x00000514                MCG_IRQHandler
                0x00000514                UART2_IRQHandler
                0x00000514                Reserved20_IRQHandler
                0x00000514                USB0_IRQHandler
                0x00000514                PIT_IRQHandler
                0x00000514                DMA3_IRQHandler
                0x00000514                DMA0_IRQHandler
                0x00000514                DAC0_IRQHandler
                0x00000514                TPM1_IRQHandler
                0x00000514                LVD_LVW_IRQHandler
                0x00000514                SPI0_IRQHandler
                0x00000514                PORTA_IRQHandler
                0x00000514                FTFA_IRQHandler
                0x00000514                LPTMR0_IRQHandler
                0x00000514                CMP0_IRQHandler
                0x00000514                DMA1_IRQHandler
 .text          0x0000051c       0x9c c:/freescale/kds_v3/toolchain/bin/../lib/gcc/arm-none-eabi/4.8.4/armv6-m\libgcc.a(_udivsi3.o)
                0x0000051c                __aeabi_uidiv
                0x0000051c                __udivsi3
                0x000005a4                __aeabi_uidivmod
 .text          0x000005b8        0x4 c:/freescale/kds_v3/toolchain/bin/../lib/gcc/arm-none-eabi/4.8.4/armv6-m\libgcc.a(_dvmd_tls.o)
                0x000005b8                __aeabi_idiv0
                0x000005b8                __aeabi_ldiv0
 *(.text*)
 .text.main     0x000005bc       0x58 ./Sources/main.o
                0x000005bc                main
 .text.vTask1   0x00000614       0x24 ./Sources/main.o
                0x00000614                vTask1
 .text.vTask2   0x00000638       0x24 ./Sources/main.o
                0x00000638                vTask2
 .text.GPIO_Init
                0x0000065c       0x5c ./Sources/main.o
                0x0000065c                GPIO_Init
 .text.SystemInit
                0x000006b8       0x18 ./Project_Settings/Startup_Code/system_MKL46Z4.o
                0x000006b8                SystemInit
 .text.pvPortMalloc
                0x000006d0       0xa8 ./FreeRTOS/portable/MemMang/heap_1.o
                0x000006d0                pvPortMalloc
 .text.vPortFree
                0x00000778       0x18 ./FreeRTOS/portable/MemMang/heap_1.o
                0x00000778                vPortFree
 .text.pxPortInitialiseStack
                0x00000790       0x54 ./FreeRTOS/portable/GCC/ARM_CM0/port.o
                0x00000790                pxPortInitialiseStack
 .text.prvTaskExitError
                0x000007e4       0x2c ./FreeRTOS/portable/GCC/ARM_CM0/port.o
 .text.SVC_Handler
                0x00000810        0x8 ./FreeRTOS/portable/GCC/ARM_CM0/port.o
                0x00000810                SVC_Handler
 *fill*         0x00000818        0x8 
 .text.vPortStartFirstTask
                0x00000820       0x40 ./FreeRTOS/portable/GCC/ARM_CM0/port.o
 .text.xPortStartScheduler
                0x00000860       0x48 ./FreeRTOS/portable/GCC/ARM_CM0/port.o
                0x00000860                xPortStartScheduler
 .text.vPortYield
                0x000008a8       0x1c ./FreeRTOS/portable/GCC/ARM_CM0/port.o
                0x000008a8                vPortYield
 .text.vPortEnterCritical
                0x000008c4       0x20 ./FreeRTOS/portable/GCC/ARM_CM0/port.o
                0x000008c4                vPortEnterCritical
 .text.vPortExitCritical
                0x000008e4       0x2c ./FreeRTOS/portable/GCC/ARM_CM0/port.o
                0x000008e4                vPortExitCritical
 .text.ulSetInterruptMaskFromISR
                0x00000910        0xc ./FreeRTOS/portable/GCC/ARM_CM0/port.o
                0x00000910                ulSetInterruptMaskFromISR
 .text.vClearInterruptMaskFromISR
                0x0000091c        0x8 ./FreeRTOS/portable/GCC/ARM_CM0/port.o
                0x0000091c                vClearInterruptMaskFromISR
 *fill*         0x00000924        0xc 
 .text.PendSV_Handler
                0x00000930       0x50 ./FreeRTOS/portable/GCC/ARM_CM0/port.o
                0x00000930                PendSV_Handler
 .text.SysTick_Handler
                0x00000980       0x34 ./FreeRTOS/portable/GCC/ARM_CM0/port.o
                0x00000980                SysTick_Handler
 .text.vPortSetupTimerInterrupt
                0x000009b4       0x30 ./FreeRTOS/portable/GCC/ARM_CM0/port.o
                0x000009b4                vPortSetupTimerInterrupt
 .text.vListInitialise
                0x000009e4       0x3c ./FreeRTOS/list.o
                0x000009e4                vListInitialise
 .text.vListInitialiseItem
                0x00000a20       0x14 ./FreeRTOS/list.o
                0x00000a20                vListInitialiseItem
 .text.vListInsert
                0x00000a34       0x6c ./FreeRTOS/list.o
                0x00000a34                vListInsert
 .text.uxListRemove
                0x00000aa0       0x50 ./FreeRTOS/list.o
                0x00000aa0                uxListRemove
 .text.xQueueGenericReset
                0x00000af0       0xe8 ./FreeRTOS/queue.o
                0x00000af0                xQueueGenericReset
 .text.xQueueGenericCreate
                0x00000bd8       0x88 ./FreeRTOS/queue.o
                0x00000bd8                xQueueGenericCreate
 .text.prvInitialiseNewQueue
                0x00000c60       0x4c ./FreeRTOS/queue.o
 .text.xQueueReceive
                0x00000cac      0x180 ./FreeRTOS/queue.o
                0x00000cac                xQueueReceive
 .text.prvCopyDataFromQueue
                0x00000e2c       0x50 ./FreeRTOS/queue.o
 .text.prvUnlockQueue
                0x00000e7c       0xc0 ./FreeRTOS/queue.o
 .text.prvIsQueueEmpty
                0x00000f3c       0x2c ./FreeRTOS/queue.o
 .text.vQueueWaitForMessageRestricted
                0x00000f68       0x70 ./FreeRTOS/queue.o
                0x00000f68                vQueueWaitForMessageRestricted
 .text.xTaskCreate
                0x00000fd8       0x90 ./FreeRTOS/tasks.o
                0x00000fd8                xTaskCreate
 .text.prvInitialiseNewTask
                0x00001068      0x128 ./FreeRTOS/tasks.o
 .text.prvAddNewTaskToReadyList
                0x00001190      0x118 ./FreeRTOS/tasks.o
 .text.vTaskDelay
                0x000012a8       0x48 ./FreeRTOS/tasks.o
                0x000012a8                vTaskDelay
 .text.vTaskStartScheduler
                0x000012f0       0x84 ./FreeRTOS/tasks.o
                0x000012f0                vTaskStartScheduler
 .text.vTaskSuspendAll
                0x00001374       0x18 ./FreeRTOS/tasks.o
                0x00001374                vTaskSuspendAll
 .text.xTaskResumeAll
                0x0000138c      0x1d0 ./FreeRTOS/tasks.o
                0x0000138c                xTaskResumeAll
 .text.xTaskGetTickCount
                0x0000155c       0x1c ./FreeRTOS/tasks.o
                0x0000155c                xTaskGetTickCount
 .text.xTaskIncrementTick
                0x00001578      0x214 ./FreeRTOS/tasks.o
                0x00001578                xTaskIncrementTick
 .text.vTaskSwitchContext
                0x0000178c       0xa0 ./FreeRTOS/tasks.o
                0x0000178c                vTaskSwitchContext
 .text.vTaskPlaceOnEventList
                0x0000182c       0x38 ./FreeRTOS/tasks.o
                0x0000182c                vTaskPlaceOnEventList
 .text.vTaskPlaceOnEventListRestricted
                0x00001864       0x7c ./FreeRTOS/tasks.o
                0x00001864                vTaskPlaceOnEventListRestricted
 .text.xTaskRemoveFromEventList
                0x000018e0      0x194 ./FreeRTOS/tasks.o
                0x000018e0                xTaskRemoveFromEventList
 .text.vTaskInternalSetTimeOutState
                0x00001a74       0x28 ./FreeRTOS/tasks.o
                0x00001a74                vTaskInternalSetTimeOutState
 .text.xTaskCheckForTimeOut
                0x00001a9c       0xa8 ./FreeRTOS/tasks.o
                0x00001a9c                xTaskCheckForTimeOut
 .text.vTaskMissedYield
                0x00001b44       0x14 ./FreeRTOS/tasks.o
                0x00001b44                vTaskMissedYield
 .text.prvIdleTask
                0x00001b58       0x20 ./FreeRTOS/tasks.o
 .text.prvInitialiseTaskLists
                0x00001b78       0x88 ./FreeRTOS/tasks.o
 .text.prvCheckTasksWaitingTermination
                0x00001c00       0x58 ./FreeRTOS/tasks.o
 .text.prvDeleteTCB
                0x00001c58       0x20 ./FreeRTOS/tasks.o
 .text.prvResetNextTaskUnblockTime
                0x00001c78       0x30 ./FreeRTOS/tasks.o
 .text.xTaskGetSchedulerState
                0x00001ca8       0x38 ./FreeRTOS/tasks.o
                0x00001ca8                xTaskGetSchedulerState
 .text.prvAddCurrentTaskToDelayedList
                0x00001ce0       0xd8 ./FreeRTOS/tasks.o
 .text.xTimerCreateTimerTask
                0x00001db8       0x58 ./FreeRTOS/timers.o
                0x00001db8                xTimerCreateTimerTask
 .text.prvReloadTimer
                0x00001e10       0x40 ./FreeRTOS/timers.o
 .text.prvProcessExpiredTimer
                0x00001e50       0x64 ./FreeRTOS/timers.o
 .text.prvTimerTask
                0x00001eb4       0x28 ./FreeRTOS/timers.o
 .text.prvProcessTimerOrBlockTask
                0x00001edc       0x94 ./FreeRTOS/timers.o
 .text.prvGetNextExpireTime
                0x00001f70       0x44 ./FreeRTOS/timers.o
 .text.prvSampleTimeNow
                0x00001fb4       0x40 ./FreeRTOS/timers.o
 .text.prvInsertTimerInActiveList
                0x00001ff4       0x84 ./FreeRTOS/timers.o
 .text.prvProcessReceivedCommands
                0x00002078      0x160 ./FreeRTOS/timers.o
 .text.prvSwitchTimerLists
                0x000021d8       0x4c ./FreeRTOS/timers.o
 .text.prvCheckForValidListAndQueue
                0x00002224       0x58 ./FreeRTOS/timers.o
 .text.exit     0x0000227c       0x2c c:/freescale/kds_v3/toolchain/bin/../lib/gcc/arm-none-eabi/4.8.4/../../../../arm-none-eabi/lib/armv6-m\libg_s.a(lib_a-exit.o)
                0x0000227c                exit
 .text.__libc_init_array
                0x000022a8       0x4c c:/freescale/kds_v3/toolchain/bin/../lib/gcc/arm-none-eabi/4.8.4/../../../../arm-none-eabi/lib/armv6-m\libg_s.a(lib_a-init.o)
                0x000022a8                __libc_init_array
 .text.memcpy   0x000022f4       0x12 c:/freescale/kds_v3/toolchain/bin/../lib/gcc/arm-none-eabi/4.8.4/../../../../arm-none-eabi/lib/armv6-m\libg_s.a(lib_a-memcpy-stub.o)
                0x000022f4                memcpy
 .text.memset   0x00002306       0x10 c:/freescale/kds_v3/toolchain/bin/../lib/gcc/arm-none-eabi/4.8.4/../../../../arm-none-eabi/lib/armv6-m\libg_s.a(lib_a-memset.o)
                0x00002306                memset
 *fill*         0x00002316        0x2 
 .text._exit    0x00002318        0x4 c:/freescale/kds_v3/toolchain/bin/../lib/gcc/arm-none-eabi/4.8.4/../../../../arm-none-eabi/lib/armv6-m\libnosys.a(_exit.o)
                0x00002318                _exit
 *(.rodata)
 .rodata        0x0000231c       0x10 ./Sources/main.o
 .rodata        0x0000232c        0x8 ./FreeRTOS/tasks.o
 .rodata        0x00002334        0x8 ./FreeRTOS/timers.o
 *(.rodata*)
 .rodata.prvProcessReceivedCommands
                0x0000233c       0x28 ./FreeRTOS/timers.o
 .rodata.str1.1
                0x00002364        0x2 c:/freescale/kds_v3/toolchain/bin/../lib/gcc/arm-none-eabi/4.8.4/../../../../arm-none-eabi/lib/armv6-m\libg_s.a(lib_a-impure.o)
 *fill*         0x00002366        0x2 
 .rodata._global_impure_ptr
                0x00002368        0x4 c:/freescale/kds_v3/toolchain/bin/../lib/gcc/arm-none-eabi/4.8.4/../../../../arm-none-eabi/lib/armv6-m\libg_s.a(lib_a-impure.o)
                0x00002368                _global_impure_ptr
 *(.glue_7)
 .glue_7        0x00000000        0x0 linker stubs
 *(.glue_7t)
 .glue_7t       0x00000000        0x0 linker stubs
 *(.eh_frame)
 .eh_frame      0x0000236c        0x0 c:/freescale/kds_v3/toolchain/bin/../lib/gcc/arm-none-eabi/4.8.4/armv6-m/crtbegin.o
 *(.init)
 .init          0x0000236c        0x4 c:/freescale/kds_v3/toolchain/bin/../lib/gcc/arm-none-eabi/4.8.4/armv6-m/crti.o
                0x0000236c                _init
 .init          0x00002370        0x8 c:/freescale/kds_v3/toolchain/bin/../lib/gcc/arm-none-eabi/4.8.4/armv6-m/crtn.o
 *(.fini)
 .fini          0x00002378        0x4 c:/freescale/kds_v3/toolchain/bin/../lib/gcc/arm-none-eabi/4.8.4/armv6-m/crti.o
                0x00002378                _fini
 .fini          0x0000237c        0x8 c:/freescale/kds_v3/toolchain/bin/../lib/gcc/arm-none-eabi/4.8.4/armv6-m/crtn.o
                0x00002384                . = ALIGN (0x4)

.vfp11_veneer   0x00002384        0x0
 .vfp11_veneer  0x00000000        0x0 linker stubs

.v4_bx          0x00002384        0x0
 .v4_bx         0x00000000        0x0 linker stubs

.iplt           0x00002384        0x0
 .iplt          0x00000000        0x0 c:/freescale/kds_v3/toolchain/bin/../lib/gcc/arm-none-eabi/4.8.4/armv6-m/crtbegin.o

.ARM.extab
 *(.ARM.extab* .gnu.linkonce.armextab.*)

.ARM            0x00002384        0x8
                0x00002384                __exidx_start = .
 *(.ARM.exidx*)
 .ARM.exidx     0x00002384        0x8 c:/freescale/kds_v3/toolchain/bin/../lib/gcc/arm-none-eabi/4.8.4/../../../../arm-none-eabi/lib/armv6-m/crt0.o
                0x0000238c                __exidx_end = .

.rel.dyn        0x0000238c        0x0
 .rel.iplt      0x00000000        0x0 c:/freescale/kds_v3/toolchain/bin/../lib/gcc/arm-none-eabi/4.8.4/armv6-m/crtbegin.o

.ctors          0x0000238c        0x0
                0x0000238c                __CTOR_LIST__ = .
 *crtbegin.o(.ctors)
 *crtbegin?.o(.ctors)
 *(EXCLUDE_FILE(*crtend.o *crtend?.o) .ctors)
 *(SORT(.ctors.*))
 *(.ctors)
                0x0000238c                __CTOR_END__ = .

.dtors          0x0000238c        0x0
                0x0000238c                __DTOR_LIST__ = .
 *crtbegin.o(.dtors)
 *crtbegin?.o(.dtors)
 *(EXCLUDE_FILE(*crtend.o *crtend?.o) .dtors)
 *(SORT(.dtors.*))
 *(.dtors)
                0x0000238c                __DTOR_END__ = .

.preinit_array  0x0000238c        0x0
                0x0000238c                PROVIDE (__preinit_array_start, .)
 *(.preinit_array*)
                0x0000238c                PROVIDE (__preinit_array_end, .)

.init_array     0x0000238c        0x4
                0x0000238c                PROVIDE (__init_array_start, .)
 *(SORT(.init_array.*))
 *(.init_array*)
 .init_array    0x0000238c        0x4 c:/freescale/kds_v3/toolchain/bin/../lib/gcc/arm-none-eabi/4.8.4/armv6-m/crtbegin.o
                0x00002390                PROVIDE (__init_array_end, .)

.fini_array     0x00002390        0x4
                0x00002390                PROVIDE (__fini_array_start, .)
 *(SORT(.fini_array.*))
 *(.fini_array*)
 .fini_array    0x00002390        0x4 c:/freescale/kds_v3/toolchain/bin/../lib/gcc/arm-none-eabi/4.8.4/armv6-m/crtbegin.o
                0x00002394                PROVIDE (__fini_array_end, .)
                0x00002394                __etext = .
                0x00002394                __DATA_ROM = .

.mtb            0x1fffe000        0x0
                0x1fffe000                . = ALIGN (0x8)
                0x1fffe000                _mtb_start = .
 *(.mtb_buf)
                0x1fffe000                . = ALIGN (0x8)
                0x1fffe000                _mtb_end = .

.data           0x1fffe000       0x6c load address 0x00002394
                0x1fffe000                . = ALIGN (0x4)
                0x1fffe000                __DATA_RAM = .
                0x1fffe000                __data_start__ = .
 *(.data)
 *(.data*)
 .data.uxCriticalNesting
                0x1fffe000        0x4 ./FreeRTOS/portable/GCC/ARM_CM0/port.o
 .data.uxTopUsedPriority
                0x1fffe004        0x4 ./FreeRTOS/tasks.o
                0x1fffe004                uxTopUsedPriority
 .data.impure_data
                0x1fffe008       0x60 c:/freescale/kds_v3/toolchain/bin/../lib/gcc/arm-none-eabi/4.8.4/../../../../arm-none-eabi/lib/armv6-m\libg_s.a(lib_a-impure.o)
 *(.jcr*)
 .jcr           0x1fffe068        0x0 c:/freescale/kds_v3/toolchain/bin/../lib/gcc/arm-none-eabi/4.8.4/armv6-m/crtbegin.o
 .jcr           0x1fffe068        0x4 c:/freescale/kds_v3/toolchain/bin/../lib/gcc/arm-none-eabi/4.8.4/armv6-m/crtend.o
                0x1fffe06c                . = ALIGN (0x4)
                0x1fffe06c                __data_end__ = .
                0x00002400                __DATA_END = (__DATA_ROM + (__data_end__ - __data_start__))

.igot.plt       0x1fffe06c        0x0 load address 0x00002400
 .igot.plt      0x00000000        0x0 c:/freescale/kds_v3/toolchain/bin/../lib/gcc/arm-none-eabi/4.8.4/armv6-m/crtbegin.o

.bss            0x1fffe06c     0x1d64 load address 0x00002400
                0x1fffe06c                . = ALIGN (0x4)
                0x1fffe06c                __START_BSS = .
                0x1fffe06c                __bss_start__ = .
 *(.bss)
 .bss           0x1fffe06c       0x1c c:/freescale/kds_v3/toolchain/bin/../lib/gcc/arm-none-eabi/4.8.4/armv6-m/crtbegin.o
 *(.bss*)
 .bss.ucHeap    0x1fffe088     0x1c00 ./FreeRTOS/portable/MemMang/heap_1.o
 .bss.xNextFreeByte
                0x1ffffc88        0x4 ./FreeRTOS/portable/MemMang/heap_1.o
 .bss.pucAlignedHeap.4702
                0x1ffffc8c        0x4 ./FreeRTOS/portable/MemMang/heap_1.o
 .bss.pxCurrentTCB
                0x1ffffc90        0x4 ./FreeRTOS/tasks.o
                0x1ffffc90                pxCurrentTCB
 .bss.pxReadyTasksLists
                0x1ffffc94       0x64 ./FreeRTOS/tasks.o
 .bss.xDelayedTaskList1
                0x1ffffcf8       0x14 ./FreeRTOS/tasks.o
 .bss.xDelayedTaskList2
                0x1ffffd0c       0x14 ./FreeRTOS/tasks.o
 .bss.pxDelayedTaskList
                0x1ffffd20        0x4 ./FreeRTOS/tasks.o
 .bss.pxOverflowDelayedTaskList
                0x1ffffd24        0x4 ./FreeRTOS/tasks.o
 .bss.xPendingReadyList
                0x1ffffd28       0x14 ./FreeRTOS/tasks.o
 .bss.xTasksWaitingTermination
                0x1ffffd3c       0x14 ./FreeRTOS/tasks.o
 .bss.uxDeletedTasksWaitingCleanUp
                0x1ffffd50        0x4 ./FreeRTOS/tasks.o
 .bss.xSuspendedTaskList
                0x1ffffd54       0x14 ./FreeRTOS/tasks.o
 .bss.uxCurrentNumberOfTasks
                0x1ffffd68        0x4 ./FreeRTOS/tasks.o
 .bss.xTickCount
                0x1ffffd6c        0x4 ./FreeRTOS/tasks.o
 .bss.uxTopReadyPriority
                0x1ffffd70        0x4 ./FreeRTOS/tasks.o
 .bss.xSchedulerRunning
                0x1ffffd74        0x4 ./FreeRTOS/tasks.o
 .bss.xPendedTicks
                0x1ffffd78        0x4 ./FreeRTOS/tasks.o
 .bss.xYieldPending
                0x1ffffd7c        0x4 ./FreeRTOS/tasks.o
 .bss.xNumOfOverflows
                0x1ffffd80        0x4 ./FreeRTOS/tasks.o
 .bss.uxTaskNumber
                0x1ffffd84        0x4 ./FreeRTOS/tasks.o
 .bss.xNextTaskUnblockTime
                0x1ffffd88        0x4 ./FreeRTOS/tasks.o
 .bss.xIdleTaskHandle
                0x1ffffd8c        0x4 ./FreeRTOS/tasks.o
 .bss.uxSchedulerSuspended
                0x1ffffd90        0x4 ./FreeRTOS/tasks.o
 .bss.xActiveTimerList1
                0x1ffffd94       0x14 ./FreeRTOS/timers.o
 .bss.xActiveTimerList2
                0x1ffffda8       0x14 ./FreeRTOS/timers.o
 .bss.pxCurrentTimerList
                0x1ffffdbc        0x4 ./FreeRTOS/timers.o
 .bss.pxOverflowTimerList
                0x1ffffdc0        0x4 ./FreeRTOS/timers.o
 .bss.xTimerQueue
                0x1ffffdc4        0x4 ./FreeRTOS/timers.o
 .bss.xTimerTaskHandle
                0x1ffffdc8        0x4 ./FreeRTOS/timers.o
 .bss.xLastTime.5028
                0x1ffffdcc        0x4 ./FreeRTOS/timers.o
 *(COMMON)
                0x1ffffdd0                . = ALIGN (0x4)
                0x1ffffdd0                __bss_end__ = .
                0x1ffffdd0                __END_BSS = .

.heap           0x1ffffdd0      0x400 load address 0x00004164
                0x1ffffdd0                . = ALIGN (0x8)
                0x1ffffdd0                __end__ = .
                0x1ffffdd0                PROVIDE (end, .)
                0x1ffffdd0                __HeapBase = .
                0x200001d0                . = (. + HEAP_SIZE)
 *fill*         0x1ffffdd0      0x400 
                0x200001d0                __HeapLimit = .

.stack          0x200001d0      0x400 load address 0x00004564
                0x200001d0                . = ALIGN (0x8)
                0x200005d0                . = (. + STACK_SIZE)
 *fill*         0x200001d0      0x400 
                0x20006000                __StackTop = (ORIGIN (m_data) + 0x8000)
                0x20005c00                __StackLimit = (__StackTop - STACK_SIZE)
                0x20006000                PROVIDE (__stack, __StackTop)

.ARM.attributes
                0x00000000       0x28
 *(.ARM.attributes)
 .ARM.attributes
                0x00000000       0x1e c:/freescale/kds_v3/toolchain/bin/../lib/gcc/arm-none-eabi/4.8.4/armv6-m/crti.o
 .ARM.attributes
                0x0000001e       0x2c c:/freescale/kds_v3/toolchain/bin/../lib/gcc/arm-none-eabi/4.8.4/armv6-m/crtbegin.o
 .ARM.attributes
                0x0000004a       0x1b c:/freescale/kds_v3/toolchain/bin/../lib/gcc/arm-none-eabi/4.8.4/../../../../arm-none-eabi/lib/armv6-m/crt0.o
 .ARM.attributes
                0x00000065       0x32 ./Sources/main.o
 .ARM.attributes
                0x00000097       0x1b ./Project_Settings/Startup_Code/startup_MKL46Z4.o
 .ARM.attributes
                0x000000b2       0x32 ./Project_Settings/Startup_Code/system_MKL46Z4.o
 .ARM.attributes
                0x000000e4       0x32 ./FreeRTOS/portable/MemMang/heap_1.o
 .ARM.attributes
                0x00000116       0x32 ./FreeRTOS/portable/GCC/ARM_CM0/port.o
 .ARM.attributes
                0x00000148       0x32 ./FreeRTOS/list.o
 .ARM.attributes
                0x0000017a       0x32 ./FreeRTOS/queue.o
 .ARM.attributes
                0x000001ac       0x32 ./FreeRTOS/tasks.o
 .ARM.attributes
                0x000001de       0x32 ./FreeRTOS/timers.o
 .ARM.attributes
                0x00000210       0x1e c:/freescale/kds_v3/toolchain/bin/../lib/gcc/arm-none-eabi/4.8.4/armv6-m\libgcc.a(_udivsi3.o)
 .ARM.attributes
                0x0000022e       0x1e c:/freescale/kds_v3/toolchain/bin/../lib/gcc/arm-none-eabi/4.8.4/armv6-m\libgcc.a(_dvmd_tls.o)
 .ARM.attributes
                0x0000024c       0x2c c:/freescale/kds_v3/toolchain/bin/../lib/gcc/arm-none-eabi/4.8.4/../../../../arm-none-eabi/lib/armv6-m\libg_s.a(lib_a-exit.o)
 .ARM.attributes
                0x00000278       0x2c c:/freescale/kds_v3/toolchain/bin/../lib/gcc/arm-none-eabi/4.8.4/../../../../arm-none-eabi/lib/armv6-m\libg_s.a(lib_a-impure.o)
 .ARM.attributes
                0x000002a4       0x2c c:/freescale/kds_v3/toolchain/bin/../lib/gcc/arm-none-eabi/4.8.4/../../../../arm-none-eabi/lib/armv6-m\libg_s.a(lib_a-init.o)
 .ARM.attributes
                0x000002d0       0x2c c:/freescale/kds_v3/toolchain/bin/../lib/gcc/arm-none-eabi/4.8.4/../../../../arm-none-eabi/lib/armv6-m\libg_s.a(lib_a-memcpy-stub.o)
 .ARM.attributes
                0x000002fc       0x2c c:/freescale/kds_v3/toolchain/bin/../lib/gcc/arm-none-eabi/4.8.4/../../../../arm-none-eabi/lib/armv6-m\libg_s.a(lib_a-memset.o)
 .ARM.attributes
                0x00000328       0x2c c:/freescale/kds_v3/toolchain/bin/../lib/gcc/arm-none-eabi/4.8.4/../../../../arm-none-eabi/lib/armv6-m\libnosys.a(_exit.o)
 .ARM.attributes
                0x00000354       0x2c c:/freescale/kds_v3/toolchain/bin/../lib/gcc/arm-none-eabi/4.8.4/armv6-m/crtend.o
 .ARM.attributes
                0x00000380       0x1e c:/freescale/kds_v3/toolchain/bin/../lib/gcc/arm-none-eabi/4.8.4/armv6-m/crtn.o
                0x00000001                ASSERT ((__StackLimit >= __HeapLimit), region m_data overflowed with stack and heap)
OUTPUT(KL46_FreeRTOS_V20201100.elf elf32-littlearm)

.debug_info     0x00000000     0x4365
 .debug_info    0x00000000      0x3e3 ./Sources/main.o
 .debug_info    0x000003e3       0xa2 ./Project_Settings/Startup_Code/startup_MKL46Z4.o
 .debug_info    0x00000485      0x3ee ./Project_Settings/Startup_Code/system_MKL46Z4.o
 .debug_info    0x00000873      0x180 ./FreeRTOS/portable/MemMang/heap_1.o
 .debug_info    0x000009f3      0x264 ./FreeRTOS/portable/GCC/ARM_CM0/port.o
 .debug_info    0x00000c57      0x2ac ./FreeRTOS/list.o
 .debug_info    0x00000f03      0xe35 ./FreeRTOS/queue.o
 .debug_info    0x00001d38     0x1bcc ./FreeRTOS/tasks.o
 .debug_info    0x00003904      0xa61 ./FreeRTOS/timers.o

.debug_abbrev   0x00000000      0xb3a
 .debug_abbrev  0x00000000      0x119 ./Sources/main.o
 .debug_abbrev  0x00000119       0x14 ./Project_Settings/Startup_Code/startup_MKL46Z4.o
 .debug_abbrev  0x0000012d      0x109 ./Project_Settings/Startup_Code/system_MKL46Z4.o
 .debug_abbrev  0x00000236       0xf1 ./FreeRTOS/portable/MemMang/heap_1.o
 .debug_abbrev  0x00000327      0x17f ./FreeRTOS/portable/GCC/ARM_CM0/port.o
 .debug_abbrev  0x000004a6       0xc8 ./FreeRTOS/list.o
 .debug_abbrev  0x0000056e      0x1af ./FreeRTOS/queue.o
 .debug_abbrev  0x0000071d      0x234 ./FreeRTOS/tasks.o
 .debug_abbrev  0x00000951      0x1e9 ./FreeRTOS/timers.o

.debug_aranges  0x00000000      0x558
 .debug_aranges
                0x00000000       0x38 ./Sources/main.o
 .debug_aranges
                0x00000038       0x20 ./Project_Settings/Startup_Code/startup_MKL46Z4.o
 .debug_aranges
                0x00000058       0x28 ./Project_Settings/Startup_Code/system_MKL46Z4.o
 .debug_aranges
                0x00000080       0x38 ./FreeRTOS/portable/MemMang/heap_1.o
 .debug_aranges
                0x000000b8       0x88 ./FreeRTOS/portable/GCC/ARM_CM0/port.o
 .debug_aranges
                0x00000140       0x40 ./FreeRTOS/list.o
 .debug_aranges
                0x00000180      0x100 ./FreeRTOS/queue.o
 .debug_aranges
                0x00000280      0x1f8 ./FreeRTOS/tasks.o
 .debug_aranges
                0x00000478       0xe0 ./FreeRTOS/timers.o

.debug_ranges   0x00000000      0x4b8
 .debug_ranges  0x00000000       0x28 ./Sources/main.o
 .debug_ranges  0x00000028       0x18 ./Project_Settings/Startup_Code/system_MKL46Z4.o
 .debug_ranges  0x00000040       0x28 ./FreeRTOS/portable/MemMang/heap_1.o
 .debug_ranges  0x00000068       0x78 ./FreeRTOS/portable/GCC/ARM_CM0/port.o
 .debug_ranges  0x000000e0       0x30 ./FreeRTOS/list.o
 .debug_ranges  0x00000110       0xf0 ./FreeRTOS/queue.o
 .debug_ranges  0x00000200      0x1e8 ./FreeRTOS/tasks.o
 .debug_ranges  0x000003e8       0xd0 ./FreeRTOS/timers.o

.debug_macro    0x00000000    0x10525
 .debug_macro   0x00000000      0x142 ./Sources/main.o
 .debug_macro   0x00000142      0x802 ./Sources/main.o
 .debug_macro   0x00000944       0x16 ./Sources/main.o
 .debug_macro   0x0000095a       0x16 ./Sources/main.o
 .debug_macro   0x00000970       0x44 ./Sources/main.o
 .debug_macro   0x000009b4      0x209 ./Sources/main.o
 .debug_macro   0x00000bbd       0x3a ./Sources/main.o
 .debug_macro   0x00000bf7       0x3a ./Sources/main.o
 .debug_macro   0x00000c31       0x26 ./Sources/main.o
 .debug_macro   0x00000c57      0x306 ./Sources/main.o
 .debug_macro   0x00000f5d       0x6b ./Sources/main.o
 .debug_macro   0x00000fc8     0xd132 ./Sources/main.o
 .debug_macro   0x0000e0fa      0x106 ./Sources/main.o
 .debug_macro   0x0000e200      0x166 ./Sources/main.o
 .debug_macro   0x0000e366      0x15a ./Sources/main.o
 .debug_macro   0x0000e4c0       0xb8 ./Sources/main.o
 .debug_macro   0x0000e578       0x28 ./Sources/main.o
 .debug_macro   0x0000e5a0       0x1f ./Sources/main.o
 .debug_macro   0x0000e5bf       0x12 ./Sources/main.o
 .debug_macro   0x0000e5d1      0x52e ./Sources/main.o
 .debug_macro   0x0000eaff       0xc3 ./Sources/main.o
 .debug_macro   0x0000ebc2      0x120 ./Sources/main.o
 .debug_macro   0x0000ece2       0x91 ./Sources/main.o
 .debug_macro   0x0000ed73       0x86 ./Sources/main.o
 .debug_macro   0x0000edf9       0x70 ./Sources/main.o
 .debug_macro   0x0000ee69       0x18 ./Sources/main.o
 .debug_macro   0x0000ee81       0x7e ./Project_Settings/Startup_Code/system_MKL46Z4.o
 .debug_macro   0x0000eeff       0x4c ./Project_Settings/Startup_Code/system_MKL46Z4.o
 .debug_macro   0x0000ef4b      0x158 ./FreeRTOS/portable/MemMang/heap_1.o
 .debug_macro   0x0000f0a3       0x58 ./FreeRTOS/portable/MemMang/heap_1.o
 .debug_macro   0x0000f0fb       0x35 ./FreeRTOS/portable/MemMang/heap_1.o
 .debug_macro   0x0000f130       0xa3 ./FreeRTOS/portable/MemMang/heap_1.o
 .debug_macro   0x0000f1d3       0x16 ./FreeRTOS/portable/MemMang/heap_1.o
 .debug_macro   0x0000f1e9      0x10e ./FreeRTOS/portable/MemMang/heap_1.o
 .debug_macro   0x0000f2f7       0x7f ./FreeRTOS/portable/MemMang/heap_1.o
 .debug_macro   0x0000f376       0x4a ./FreeRTOS/portable/MemMang/heap_1.o
 .debug_macro   0x0000f3c0       0x52 ./FreeRTOS/portable/MemMang/heap_1.o
 .debug_macro   0x0000f412       0x16 ./FreeRTOS/portable/MemMang/heap_1.o
 .debug_macro   0x0000f428       0x43 ./FreeRTOS/portable/MemMang/heap_1.o
 .debug_macro   0x0000f46b      0x180 ./FreeRTOS/portable/MemMang/heap_1.o
 .debug_macro   0x0000f5eb       0x22 ./FreeRTOS/portable/MemMang/heap_1.o
 .debug_macro   0x0000f60d      0x20f ./FreeRTOS/portable/MemMang/heap_1.o
 .debug_macro   0x0000f81c      0x106 ./FreeRTOS/portable/MemMang/heap_1.o
 .debug_macro   0x0000f922      0x11a ./FreeRTOS/portable/GCC/ARM_CM0/port.o
 .debug_macro   0x0000fa3c      0x143 ./FreeRTOS/list.o
 .debug_macro   0x0000fb7f      0x1cc ./FreeRTOS/queue.o
 .debug_macro   0x0000fd4b      0x2a6 ./FreeRTOS/queue.o
 .debug_macro   0x0000fff1       0x10 ./FreeRTOS/queue.o
 .debug_macro   0x00010001       0x35 ./FreeRTOS/queue.o
 .debug_macro   0x00010036       0x80 ./FreeRTOS/queue.o
 .debug_macro   0x000100b6      0x22f ./FreeRTOS/tasks.o
 .debug_macro   0x000102e5       0x17 ./FreeRTOS/tasks.o
 .debug_macro   0x000102fc      0x192 ./FreeRTOS/timers.o
 .debug_macro   0x0001048e       0x97 ./FreeRTOS/timers.o

.debug_line     0x00000000     0x3234
 .debug_line    0x00000000      0x3b7 ./Sources/main.o
 .debug_line    0x000003b7       0x7b ./Project_Settings/Startup_Code/startup_MKL46Z4.o
 .debug_line    0x00000432      0x240 ./Project_Settings/Startup_Code/system_MKL46Z4.o
 .debug_line    0x00000672      0x39f ./FreeRTOS/portable/MemMang/heap_1.o
 .debug_line    0x00000a11      0x400 ./FreeRTOS/portable/GCC/ARM_CM0/port.o
 .debug_line    0x00000e11      0x39e ./FreeRTOS/list.o
 .debug_line    0x000011af      0xa51 ./FreeRTOS/queue.o
 .debug_line    0x00001c00      0xfcb ./FreeRTOS/tasks.o
 .debug_line    0x00002bcb      0x669 ./FreeRTOS/timers.o

.debug_str      0x00000000    0x5a268
 .debug_str     0x00000000    0x55869 ./Sources/main.o
                              0x55ce2 (size before relaxing)
 .debug_str     0x00055869       0x97 ./Project_Settings/Startup_Code/system_MKL46Z4.o
                              0x4f54e (size before relaxing)
 .debug_str     0x00055900     0x1480 ./FreeRTOS/portable/MemMang/heap_1.o
                               0x92ea (size before relaxing)
 .debug_str     0x00056d80      0x443 ./FreeRTOS/portable/GCC/ARM_CM0/port.o
                               0x82e6 (size before relaxing)
 .debug_str     0x000571c3      0x11d ./FreeRTOS/list.o
                               0x80ec (size before relaxing)
 .debug_str     0x000572e0     0x1693 ./FreeRTOS/queue.o
                               0xb0d2 (size before relaxing)
 .debug_str     0x00058973     0x13ae ./FreeRTOS/tasks.o
                               0xbeb8 (size before relaxing)
 .debug_str     0x00059d21      0x547 ./FreeRTOS/timers.o
                               0xa7b3 (size before relaxing)

.comment        0x00000000       0x70
 .comment       0x00000000       0x70 ./Sources/main.o
                                 0x71 (size before relaxing)
 .comment       0x00000000       0x71 ./Project_Settings/Startup_Code/system_MKL46Z4.o
 .comment       0x00000000       0x71 ./FreeRTOS/portable/MemMang/heap_1.o
 .comment       0x00000000       0x71 ./FreeRTOS/portable/GCC/ARM_CM0/port.o
 .comment       0x00000000       0x71 ./FreeRTOS/list.o
 .comment       0x00000000       0x71 ./FreeRTOS/queue.o
 .comment       0x00000000       0x71 ./FreeRTOS/tasks.o
 .comment       0x00000000       0x71 ./FreeRTOS/timers.o

.debug_frame    0x00000000     0x12b0
 .debug_frame   0x00000000       0x8c ./Sources/main.o
 .debug_frame   0x0000008c       0x4c ./Project_Settings/Startup_Code/system_MKL46Z4.o
 .debug_frame   0x000000d8       0x88 ./FreeRTOS/portable/MemMang/heap_1.o
 .debug_frame   0x00000160      0x174 ./FreeRTOS/portable/GCC/ARM_CM0/port.o
 .debug_frame   0x000002d4       0xb0 ./FreeRTOS/list.o
 .debug_frame   0x00000384      0x3b0 ./FreeRTOS/queue.o
 .debug_frame   0x00000734      0x778 ./FreeRTOS/tasks.o
 .debug_frame   0x00000eac      0x328 ./FreeRTOS/timers.o
 .debug_frame   0x000011d4       0x20 c:/freescale/kds_v3/toolchain/bin/../lib/gcc/arm-none-eabi/4.8.4/armv6-m\libgcc.a(_udivsi3.o)
 .debug_frame   0x000011f4       0x28 c:/freescale/kds_v3/toolchain/bin/../lib/gcc/arm-none-eabi/4.8.4/../../../../arm-none-eabi/lib/armv6-m\libg_s.a(lib_a-exit.o)
 .debug_frame   0x0000121c       0x2c c:/freescale/kds_v3/toolchain/bin/../lib/gcc/arm-none-eabi/4.8.4/../../../../arm-none-eabi/lib/armv6-m\libg_s.a(lib_a-init.o)
 .debug_frame   0x00001248       0x28 c:/freescale/kds_v3/toolchain/bin/../lib/gcc/arm-none-eabi/4.8.4/../../../../arm-none-eabi/lib/armv6-m\libg_s.a(lib_a-memcpy-stub.o)
 .debug_frame   0x00001270       0x20 c:/freescale/kds_v3/toolchain/bin/../lib/gcc/arm-none-eabi/4.8.4/../../../../arm-none-eabi/lib/armv6-m\libg_s.a(lib_a-memset.o)
 .debug_frame   0x00001290       0x20 c:/freescale/kds_v3/toolchain/bin/../lib/gcc/arm-none-eabi/4.8.4/../../../../arm-none-eabi/lib/armv6-m\libnosys.a(_exit.o)
