Archive member included to satisfy reference by file (symbol)

c:/st/stm32cubeide_1.7.0/stm32cubeide/plugins/com.st.stm32cube.ide.mcu.externaltools.gnu-tools-for-stm32.9-2020-q2-update.win32_2.0.0.202105311346/tools/bin/../lib/gcc/arm-none-eabi/9.3.1/../../../../arm-none-eabi/lib/thumb/v7-m/nofp\libc_nano.a(lib_a-errno.o)
                              ./Source/syscalls.o (__errno)
c:/st/stm32cubeide_1.7.0/stm32cubeide/plugins/com.st.stm32cube.ide.mcu.externaltools.gnu-tools-for-stm32.9-2020-q2-update.win32_2.0.0.202105311346/tools/bin/../lib/gcc/arm-none-eabi/9.3.1/../../../../arm-none-eabi/lib/thumb/v7-m/nofp\libc_nano.a(lib_a-exit.o)
                              c:/st/stm32cubeide_1.7.0/stm32cubeide/plugins/com.st.stm32cube.ide.mcu.externaltools.gnu-tools-for-stm32.9-2020-q2-update.win32_2.0.0.202105311346/tools/bin/../lib/gcc/arm-none-eabi/9.3.1/../../../../arm-none-eabi/lib/thumb/v7-m/nofp/crt0.o (exit)
c:/st/stm32cubeide_1.7.0/stm32cubeide/plugins/com.st.stm32cube.ide.mcu.externaltools.gnu-tools-for-stm32.9-2020-q2-update.win32_2.0.0.202105311346/tools/bin/../lib/gcc/arm-none-eabi/9.3.1/../../../../arm-none-eabi/lib/thumb/v7-m/nofp\libc_nano.a(lib_a-impure.o)
                              c:/st/stm32cubeide_1.7.0/stm32cubeide/plugins/com.st.stm32cube.ide.mcu.externaltools.gnu-tools-for-stm32.9-2020-q2-update.win32_2.0.0.202105311346/tools/bin/../lib/gcc/arm-none-eabi/9.3.1/../../../../arm-none-eabi/lib/thumb/v7-m/nofp\libc_nano.a(lib_a-exit.o) (_global_impure_ptr)
c:/st/stm32cubeide_1.7.0/stm32cubeide/plugins/com.st.stm32cube.ide.mcu.externaltools.gnu-tools-for-stm32.9-2020-q2-update.win32_2.0.0.202105311346/tools/bin/../lib/gcc/arm-none-eabi/9.3.1/../../../../arm-none-eabi/lib/thumb/v7-m/nofp\libc_nano.a(lib_a-init.o)
                              c:/st/stm32cubeide_1.7.0/stm32cubeide/plugins/com.st.stm32cube.ide.mcu.externaltools.gnu-tools-for-stm32.9-2020-q2-update.win32_2.0.0.202105311346/tools/bin/../lib/gcc/arm-none-eabi/9.3.1/../../../../arm-none-eabi/lib/thumb/v7-m/nofp/crt0.o (__libc_init_array)
c:/st/stm32cubeide_1.7.0/stm32cubeide/plugins/com.st.stm32cube.ide.mcu.externaltools.gnu-tools-for-stm32.9-2020-q2-update.win32_2.0.0.202105311346/tools/bin/../lib/gcc/arm-none-eabi/9.3.1/../../../../arm-none-eabi/lib/thumb/v7-m/nofp\libc_nano.a(lib_a-memset.o)
                              c:/st/stm32cubeide_1.7.0/stm32cubeide/plugins/com.st.stm32cube.ide.mcu.externaltools.gnu-tools-for-stm32.9-2020-q2-update.win32_2.0.0.202105311346/tools/bin/../lib/gcc/arm-none-eabi/9.3.1/../../../../arm-none-eabi/lib/thumb/v7-m/nofp/crt0.o (memset)

Discarded input sections

 .text          0x0000000000000000        0x0 c:/st/stm32cubeide_1.7.0/stm32cubeide/plugins/com.st.stm32cube.ide.mcu.externaltools.gnu-tools-for-stm32.9-2020-q2-update.win32_2.0.0.202105311346/tools/bin/../lib/gcc/arm-none-eabi/9.3.1/thumb/v7-m/nofp/crti.o
 .data          0x0000000000000000        0x0 c:/st/stm32cubeide_1.7.0/stm32cubeide/plugins/com.st.stm32cube.ide.mcu.externaltools.gnu-tools-for-stm32.9-2020-q2-update.win32_2.0.0.202105311346/tools/bin/../lib/gcc/arm-none-eabi/9.3.1/thumb/v7-m/nofp/crti.o
 .bss           0x0000000000000000        0x0 c:/st/stm32cubeide_1.7.0/stm32cubeide/plugins/com.st.stm32cube.ide.mcu.externaltools.gnu-tools-for-stm32.9-2020-q2-update.win32_2.0.0.202105311346/tools/bin/../lib/gcc/arm-none-eabi/9.3.1/thumb/v7-m/nofp/crti.o
 .data          0x0000000000000000        0x4 c:/st/stm32cubeide_1.7.0/stm32cubeide/plugins/com.st.stm32cube.ide.mcu.externaltools.gnu-tools-for-stm32.9-2020-q2-update.win32_2.0.0.202105311346/tools/bin/../lib/gcc/arm-none-eabi/9.3.1/thumb/v7-m/nofp/crtbegin.o
 .text          0x0000000000000000       0x7c c:/st/stm32cubeide_1.7.0/stm32cubeide/plugins/com.st.stm32cube.ide.mcu.externaltools.gnu-tools-for-stm32.9-2020-q2-update.win32_2.0.0.202105311346/tools/bin/../lib/gcc/arm-none-eabi/9.3.1/../../../../arm-none-eabi/lib/thumb/v7-m/nofp/crt0.o
 .data          0x0000000000000000        0x0 c:/st/stm32cubeide_1.7.0/stm32cubeide/plugins/com.st.stm32cube.ide.mcu.externaltools.gnu-tools-for-stm32.9-2020-q2-update.win32_2.0.0.202105311346/tools/bin/../lib/gcc/arm-none-eabi/9.3.1/../../../../arm-none-eabi/lib/thumb/v7-m/nofp/crt0.o
 .bss           0x0000000000000000        0x0 c:/st/stm32cubeide_1.7.0/stm32cubeide/plugins/com.st.stm32cube.ide.mcu.externaltools.gnu-tools-for-stm32.9-2020-q2-update.win32_2.0.0.202105311346/tools/bin/../lib/gcc/arm-none-eabi/9.3.1/../../../../arm-none-eabi/lib/thumb/v7-m/nofp/crt0.o
 .ARM.extab     0x0000000000000000        0x0 c:/st/stm32cubeide_1.7.0/stm32cubeide/plugins/com.st.stm32cube.ide.mcu.externaltools.gnu-tools-for-stm32.9-2020-q2-update.win32_2.0.0.202105311346/tools/bin/../lib/gcc/arm-none-eabi/9.3.1/../../../../arm-none-eabi/lib/thumb/v7-m/nofp/crt0.o
 .ARM.exidx     0x0000000000000000       0x10 c:/st/stm32cubeide_1.7.0/stm32cubeide/plugins/com.st.stm32cube.ide.mcu.externaltools.gnu-tools-for-stm32.9-2020-q2-update.win32_2.0.0.202105311346/tools/bin/../lib/gcc/arm-none-eabi/9.3.1/../../../../arm-none-eabi/lib/thumb/v7-m/nofp/crt0.o
 .ARM.attributes
                0x0000000000000000       0x1b c:/st/stm32cubeide_1.7.0/stm32cubeide/plugins/com.st.stm32cube.ide.mcu.externaltools.gnu-tools-for-stm32.9-2020-q2-update.win32_2.0.0.202105311346/tools/bin/../lib/gcc/arm-none-eabi/9.3.1/../../../../arm-none-eabi/lib/thumb/v7-m/nofp/crt0.o
 .group         0x0000000000000000        0xc ./Source/main.o
 .group         0x0000000000000000        0xc ./Source/main.o
 .group         0x0000000000000000        0xc ./Source/main.o
 .group         0x0000000000000000        0xc ./Source/main.o
 .group         0x0000000000000000        0xc ./Source/main.o
 .group         0x0000000000000000        0xc ./Source/main.o
 .group         0x0000000000000000        0xc ./Source/main.o
 .group         0x0000000000000000        0xc ./Source/main.o
 .group         0x0000000000000000        0xc ./Source/main.o
 .group         0x0000000000000000        0xc ./Source/main.o
 .group         0x0000000000000000        0xc ./Source/main.o
 .group         0x0000000000000000        0xc ./Source/main.o
 .group         0x0000000000000000        0xc ./Source/main.o
 .group         0x0000000000000000        0xc ./Source/main.o
 .group         0x0000000000000000        0xc ./Source/main.o
 .text          0x0000000000000000        0x0 ./Source/main.o
 .data          0x0000000000000000        0x0 ./Source/main.o
 .bss           0x0000000000000000        0x0 ./Source/main.o
 .text.UartTxMsg
                0x0000000000000000       0x4c ./Source/main.o
 .text.delay    0x0000000000000000       0x20 ./Source/main.o
 .text          0x0000000000000000       0x14 ./Source/startup_stm32f103c8tx.o
 .data          0x0000000000000000        0x0 ./Source/startup_stm32f103c8tx.o
 .bss           0x0000000000000000        0x0 ./Source/startup_stm32f103c8tx.o
 .group         0x0000000000000000        0xc ./Source/syscalls.o
 .group         0x0000000000000000        0xc ./Source/syscalls.o
 .group         0x0000000000000000        0xc ./Source/syscalls.o
 .group         0x0000000000000000        0xc ./Source/syscalls.o
 .group         0x0000000000000000        0xc ./Source/syscalls.o
 .group         0x0000000000000000        0xc ./Source/syscalls.o
 .group         0x0000000000000000        0xc ./Source/syscalls.o
 .group         0x0000000000000000        0xc ./Source/syscalls.o
 .group         0x0000000000000000        0xc ./Source/syscalls.o
 .group         0x0000000000000000        0xc ./Source/syscalls.o
 .group         0x0000000000000000        0xc ./Source/syscalls.o
 .group         0x0000000000000000        0xc ./Source/syscalls.o
 .group         0x0000000000000000        0xc ./Source/syscalls.o
 .group         0x0000000000000000        0xc ./Source/syscalls.o
 .group         0x0000000000000000        0xc ./Source/syscalls.o
 .group         0x0000000000000000        0xc ./Source/syscalls.o
 .group         0x0000000000000000        0xc ./Source/syscalls.o
 .group         0x0000000000000000        0xc ./Source/syscalls.o
 .group         0x0000000000000000        0xc ./Source/syscalls.o
 .group         0x0000000000000000        0xc ./Source/syscalls.o
 .group         0x0000000000000000        0xc ./Source/syscalls.o
 .group         0x0000000000000000        0xc ./Source/syscalls.o
 .group         0x0000000000000000        0xc ./Source/syscalls.o
 .group         0x0000000000000000        0xc ./Source/syscalls.o
 .group         0x0000000000000000        0xc ./Source/syscalls.o
 .group         0x0000000000000000        0xc ./Source/syscalls.o
 .group         0x0000000000000000        0xc ./Source/syscalls.o
 .group         0x0000000000000000        0xc ./Source/syscalls.o
 .group         0x0000000000000000        0xc ./Source/syscalls.o
 .group         0x0000000000000000        0xc ./Source/syscalls.o
 .group         0x0000000000000000        0xc ./Source/syscalls.o
 .group         0x0000000000000000        0xc ./Source/syscalls.o
 .group         0x0000000000000000        0xc ./Source/syscalls.o
 .group         0x0000000000000000        0xc ./Source/syscalls.o
 .group         0x0000000000000000        0xc ./Source/syscalls.o
 .group         0x0000000000000000        0xc ./Source/syscalls.o
 .group         0x0000000000000000        0xc ./Source/syscalls.o
 .group         0x0000000000000000        0xc ./Source/syscalls.o
 .group         0x0000000000000000        0xc ./Source/syscalls.o
 .group         0x0000000000000000        0xc ./Source/syscalls.o
 .group         0x0000000000000000        0xc ./Source/syscalls.o
 .group         0x0000000000000000        0xc ./Source/syscalls.o
 .group         0x0000000000000000        0xc ./Source/syscalls.o
 .group         0x0000000000000000        0xc ./Source/syscalls.o
 .group         0x0000000000000000        0xc ./Source/syscalls.o
 .group         0x0000000000000000        0xc ./Source/syscalls.o
 .group         0x0000000000000000        0xc ./Source/syscalls.o
 .text          0x0000000000000000        0x0 ./Source/syscalls.o
 .data          0x0000000000000000        0x0 ./Source/syscalls.o
 .bss           0x0000000000000000        0x0 ./Source/syscalls.o
 .bss.__env     0x0000000000000000        0x4 ./Source/syscalls.o
 .data.environ  0x0000000000000000        0x4 ./Source/syscalls.o
 .text.initialise_monitor_handles
                0x0000000000000000        0xc ./Source/syscalls.o
 .text._getpid  0x0000000000000000        0xe ./Source/syscalls.o
 .text._kill    0x0000000000000000       0x20 ./Source/syscalls.o
 .text._exit    0x0000000000000000       0x14 ./Source/syscalls.o
 .text._read    0x0000000000000000       0x3a ./Source/syscalls.o
 .text._write   0x0000000000000000       0x38 ./Source/syscalls.o
 .text._close   0x0000000000000000       0x16 ./Source/syscalls.o
 .text._fstat   0x0000000000000000       0x1e ./Source/syscalls.o
 .text._isatty  0x0000000000000000       0x14 ./Source/syscalls.o
 .text._lseek   0x0000000000000000       0x18 ./Source/syscalls.o
 .text._open    0x0000000000000000       0x1a ./Source/syscalls.o
 .text._wait    0x0000000000000000       0x1e ./Source/syscalls.o
 .text._unlink  0x0000000000000000       0x1e ./Source/syscalls.o
 .text._times   0x0000000000000000       0x16 ./Source/syscalls.o
 .text._stat    0x0000000000000000       0x1e ./Source/syscalls.o
 .text._link    0x0000000000000000       0x20 ./Source/syscalls.o
 .text._fork    0x0000000000000000       0x16 ./Source/syscalls.o
 .text._execve  0x0000000000000000       0x22 ./Source/syscalls.o
 .debug_info    0x0000000000000000      0xfa8 ./Source/syscalls.o
 .debug_abbrev  0x0000000000000000      0x286 ./Source/syscalls.o
 .debug_aranges
                0x0000000000000000       0xa8 ./Source/syscalls.o
 .debug_ranges  0x0000000000000000       0x98 ./Source/syscalls.o
 .debug_macro   0x0000000000000000      0x24c ./Source/syscalls.o
 .debug_macro   0x0000000000000000      0xa96 ./Source/syscalls.o
 .debug_macro   0x0000000000000000       0x22 ./Source/syscalls.o
 .debug_macro   0x0000000000000000       0x4c ./Source/syscalls.o
 .debug_macro   0x0000000000000000       0x18 ./Source/syscalls.o
 .debug_macro   0x0000000000000000       0x94 ./Source/syscalls.o
 .debug_macro   0x0000000000000000       0x3c ./Source/syscalls.o
 .debug_macro   0x0000000000000000       0x34 ./Source/syscalls.o
 .debug_macro   0x0000000000000000       0x57 ./Source/syscalls.o
 .debug_macro   0x0000000000000000      0x174 ./Source/syscalls.o
 .debug_macro   0x0000000000000000      0x339 ./Source/syscalls.o
 .debug_macro   0x0000000000000000       0x16 ./Source/syscalls.o
 .debug_macro   0x0000000000000000       0x43 ./Source/syscalls.o
 .debug_macro   0x0000000000000000       0x34 ./Source/syscalls.o
 .debug_macro   0x0000000000000000       0x10 ./Source/syscalls.o
 .debug_macro   0x0000000000000000       0x58 ./Source/syscalls.o
 .debug_macro   0x0000000000000000       0x71 ./Source/syscalls.o
 .debug_macro   0x0000000000000000       0x1c ./Source/syscalls.o
 .debug_macro   0x0000000000000000      0x12a ./Source/syscalls.o
 .debug_macro   0x0000000000000000       0x10 ./Source/syscalls.o
 .debug_macro   0x0000000000000000       0x35 ./Source/syscalls.o
 .debug_macro   0x0000000000000000       0x10 ./Source/syscalls.o
 .debug_macro   0x0000000000000000       0x10 ./Source/syscalls.o
 .debug_macro   0x0000000000000000       0x10 ./Source/syscalls.o
 .debug_macro   0x0000000000000000       0x6a ./Source/syscalls.o
 .debug_macro   0x0000000000000000       0x1c ./Source/syscalls.o
 .debug_macro   0x0000000000000000       0x52 ./Source/syscalls.o
 .debug_macro   0x0000000000000000       0x22 ./Source/syscalls.o
 .debug_macro   0x0000000000000000       0x10 ./Source/syscalls.o
 .debug_macro   0x0000000000000000       0x40 ./Source/syscalls.o
 .debug_macro   0x0000000000000000       0xd5 ./Source/syscalls.o
 .debug_macro   0x0000000000000000       0x1c ./Source/syscalls.o
 .debug_macro   0x0000000000000000       0x3d ./Source/syscalls.o
 .debug_macro   0x0000000000000000       0x35 ./Source/syscalls.o
 .debug_macro   0x0000000000000000      0x12c ./Source/syscalls.o
 .debug_macro   0x0000000000000000       0x16 ./Source/syscalls.o
 .debug_macro   0x0000000000000000       0x16 ./Source/syscalls.o
 .debug_macro   0x0000000000000000       0x29 ./Source/syscalls.o
 .debug_macro   0x0000000000000000       0x10 ./Source/syscalls.o
 .debug_macro   0x0000000000000000      0x241 ./Source/syscalls.o
 .debug_macro   0x0000000000000000       0x1c ./Source/syscalls.o
 .debug_macro   0x0000000000000000       0x10 ./Source/syscalls.o
 .debug_macro   0x0000000000000000       0x10 ./Source/syscalls.o
 .debug_macro   0x0000000000000000       0x16 ./Source/syscalls.o
 .debug_macro   0x0000000000000000      0x145 ./Source/syscalls.o
 .debug_macro   0x0000000000000000      0x189 ./Source/syscalls.o
 .debug_macro   0x0000000000000000       0x16 ./Source/syscalls.o
 .debug_macro   0x0000000000000000       0xce ./Source/syscalls.o
 .debug_line    0x0000000000000000      0x800 ./Source/syscalls.o
 .debug_str     0x0000000000000000     0x8e85 ./Source/syscalls.o
 .comment       0x0000000000000000       0x54 ./Source/syscalls.o
 .debug_frame   0x0000000000000000      0x2ac ./Source/syscalls.o
 .ARM.attributes
                0x0000000000000000       0x2d ./Source/syscalls.o
 .group         0x0000000000000000        0xc ./Source/sysmem.o
 .group         0x0000000000000000        0xc ./Source/sysmem.o
 .group         0x0000000000000000        0xc ./Source/sysmem.o
 .group         0x0000000000000000        0xc ./Source/sysmem.o
 .group         0x0000000000000000        0xc ./Source/sysmem.o
 .group         0x0000000000000000        0xc ./Source/sysmem.o
 .group         0x0000000000000000        0xc ./Source/sysmem.o
 .group         0x0000000000000000        0xc ./Source/sysmem.o
 .group         0x0000000000000000        0xc ./Source/sysmem.o
 .group         0x0000000000000000        0xc ./Source/sysmem.o
 .group         0x0000000000000000        0xc ./Source/sysmem.o
 .group         0x0000000000000000        0xc ./Source/sysmem.o
 .group         0x0000000000000000        0xc ./Source/sysmem.o
 .group         0x0000000000000000        0xc ./Source/sysmem.o
 .group         0x0000000000000000        0xc ./Source/sysmem.o
 .group         0x0000000000000000        0xc ./Source/sysmem.o
 .group         0x0000000000000000        0xc ./Source/sysmem.o
 .group         0x0000000000000000        0xc ./Source/sysmem.o
 .group         0x0000000000000000        0xc ./Source/sysmem.o
 .group         0x0000000000000000        0xc ./Source/sysmem.o
 .group         0x0000000000000000        0xc ./Source/sysmem.o
 .group         0x0000000000000000        0xc ./Source/sysmem.o
 .text          0x0000000000000000        0x0 ./Source/sysmem.o
 .data          0x0000000000000000        0x0 ./Source/sysmem.o
 .bss           0x0000000000000000        0x0 ./Source/sysmem.o
 .bss.__sbrk_heap_end
                0x0000000000000000        0x4 ./Source/sysmem.o
 .text._sbrk    0x0000000000000000       0x6c ./Source/sysmem.o
 .debug_info    0x0000000000000000      0xa25 ./Source/sysmem.o
 .debug_abbrev  0x0000000000000000      0x1bf ./Source/sysmem.o
 .debug_aranges
                0x0000000000000000       0x20 ./Source/sysmem.o
 .debug_ranges  0x0000000000000000       0x10 ./Source/sysmem.o
 .debug_macro   0x0000000000000000       0xff ./Source/sysmem.o
 .debug_macro   0x0000000000000000      0xa96 ./Source/sysmem.o
 .debug_macro   0x0000000000000000       0x10 ./Source/sysmem.o
 .debug_macro   0x0000000000000000       0x22 ./Source/sysmem.o
 .debug_macro   0x0000000000000000       0x4c ./Source/sysmem.o
 .debug_macro   0x0000000000000000       0x18 ./Source/sysmem.o
 .debug_macro   0x0000000000000000       0x94 ./Source/sysmem.o
 .debug_macro   0x0000000000000000       0x3c ./Source/sysmem.o
 .debug_macro   0x0000000000000000       0x34 ./Source/sysmem.o
 .debug_macro   0x0000000000000000      0x174 ./Source/sysmem.o
 .debug_macro   0x0000000000000000       0x16 ./Source/sysmem.o
 .debug_macro   0x0000000000000000       0x43 ./Source/sysmem.o
 .debug_macro   0x0000000000000000       0x57 ./Source/sysmem.o
 .debug_macro   0x0000000000000000       0x34 ./Source/sysmem.o
 .debug_macro   0x0000000000000000       0x10 ./Source/sysmem.o
 .debug_macro   0x0000000000000000       0x58 ./Source/sysmem.o
 .debug_macro   0x0000000000000000       0x71 ./Source/sysmem.o
 .debug_macro   0x0000000000000000       0x1c ./Source/sysmem.o
 .debug_macro   0x0000000000000000      0x12a ./Source/sysmem.o
 .debug_macro   0x0000000000000000      0x23b ./Source/sysmem.o
 .debug_macro   0x0000000000000000      0x103 ./Source/sysmem.o
 .debug_macro   0x0000000000000000       0x6a ./Source/sysmem.o
 .debug_macro   0x0000000000000000      0x1df ./Source/sysmem.o
 .debug_line    0x0000000000000000      0x4f6 ./Source/sysmem.o
 .debug_str     0x0000000000000000     0x6258 ./Source/sysmem.o
 .comment       0x0000000000000000       0x54 ./Source/sysmem.o
 .debug_frame   0x0000000000000000       0x34 ./Source/sysmem.o
 .ARM.attributes
                0x0000000000000000       0x2d ./Source/sysmem.o
 .group         0x0000000000000000        0xc ./Source/system_stm32f1xx.o
 .group         0x0000000000000000        0xc ./Source/system_stm32f1xx.o
 .group         0x0000000000000000        0xc ./Source/system_stm32f1xx.o
 .group         0x0000000000000000        0xc ./Source/system_stm32f1xx.o
 .group         0x0000000000000000        0xc ./Source/system_stm32f1xx.o
 .group         0x0000000000000000        0xc ./Source/system_stm32f1xx.o
 .group         0x0000000000000000        0xc ./Source/system_stm32f1xx.o
 .group         0x0000000000000000        0xc ./Source/system_stm32f1xx.o
 .group         0x0000000000000000        0xc ./Source/system_stm32f1xx.o
 .group         0x0000000000000000        0xc ./Source/system_stm32f1xx.o
 .group         0x0000000000000000        0xc ./Source/system_stm32f1xx.o
 .group         0x0000000000000000        0xc ./Source/system_stm32f1xx.o
 .group         0x0000000000000000        0xc ./Source/system_stm32f1xx.o
 .group         0x0000000000000000        0xc ./Source/system_stm32f1xx.o
 .group         0x0000000000000000        0xc ./Source/system_stm32f1xx.o
 .text          0x0000000000000000        0x0 ./Source/system_stm32f1xx.o
 .data          0x0000000000000000        0x0 ./Source/system_stm32f1xx.o
 .bss           0x0000000000000000        0x0 ./Source/system_stm32f1xx.o
 .data.SystemCoreClock
                0x0000000000000000        0x4 ./Source/system_stm32f1xx.o
 .rodata.AHBPrescTable
                0x0000000000000000       0x10 ./Source/system_stm32f1xx.o
 .rodata.APBPrescTable
                0x0000000000000000        0x8 ./Source/system_stm32f1xx.o
 .text.SystemCoreClockUpdate
                0x0000000000000000       0xe4 ./Source/system_stm32f1xx.o
 .debug_macro   0x0000000000000000      0xa96 ./Source/system_stm32f1xx.o
 .debug_macro   0x0000000000000000       0x2e ./Source/system_stm32f1xx.o
 .debug_macro   0x0000000000000000       0x22 ./Source/system_stm32f1xx.o
 .debug_macro   0x0000000000000000       0x22 ./Source/system_stm32f1xx.o
 .debug_macro   0x0000000000000000       0x8e ./Source/system_stm32f1xx.o
 .debug_macro   0x0000000000000000       0x51 ./Source/system_stm32f1xx.o
 .debug_macro   0x0000000000000000      0x103 ./Source/system_stm32f1xx.o
 .debug_macro   0x0000000000000000       0x6a ./Source/system_stm32f1xx.o
 .debug_macro   0x0000000000000000      0x1df ./Source/system_stm32f1xx.o
 .debug_macro   0x0000000000000000       0x1c ./Source/system_stm32f1xx.o
 .debug_macro   0x0000000000000000       0x22 ./Source/system_stm32f1xx.o
 .debug_macro   0x0000000000000000       0xc3 ./Source/system_stm32f1xx.o
 .debug_macro   0x0000000000000000      0xd23 ./Source/system_stm32f1xx.o
 .debug_macro   0x0000000000000000     0xe09e ./Source/system_stm32f1xx.o
 .debug_macro   0x0000000000000000       0x6d ./Source/system_stm32f1xx.o
 .text          0x0000000000000000        0x0 c:/st/stm32cubeide_1.7.0/stm32cubeide/plugins/com.st.stm32cube.ide.mcu.externaltools.gnu-tools-for-stm32.9-2020-q2-update.win32_2.0.0.202105311346/tools/bin/../lib/gcc/arm-none-eabi/9.3.1/../../../../arm-none-eabi/lib/thumb/v7-m/nofp\libc_nano.a(lib_a-errno.o)
 .data          0x0000000000000000        0x0 c:/st/stm32cubeide_1.7.0/stm32cubeide/plugins/com.st.stm32cube.ide.mcu.externaltools.gnu-tools-for-stm32.9-2020-q2-update.win32_2.0.0.202105311346/tools/bin/../lib/gcc/arm-none-eabi/9.3.1/../../../../arm-none-eabi/lib/thumb/v7-m/nofp\libc_nano.a(lib_a-errno.o)
 .bss           0x0000000000000000        0x0 c:/st/stm32cubeide_1.7.0/stm32cubeide/plugins/com.st.stm32cube.ide.mcu.externaltools.gnu-tools-for-stm32.9-2020-q2-update.win32_2.0.0.202105311346/tools/bin/../lib/gcc/arm-none-eabi/9.3.1/../../../../arm-none-eabi/lib/thumb/v7-m/nofp\libc_nano.a(lib_a-errno.o)
 .text.__errno  0x0000000000000000        0xc c:/st/stm32cubeide_1.7.0/stm32cubeide/plugins/com.st.stm32cube.ide.mcu.externaltools.gnu-tools-for-stm32.9-2020-q2-update.win32_2.0.0.202105311346/tools/bin/../lib/gcc/arm-none-eabi/9.3.1/../../../../arm-none-eabi/lib/thumb/v7-m/nofp\libc_nano.a(lib_a-errno.o)
 .debug_frame   0x0000000000000000       0x20 c:/st/stm32cubeide_1.7.0/stm32cubeide/plugins/com.st.stm32cube.ide.mcu.externaltools.gnu-tools-for-stm32.9-2020-q2-update.win32_2.0.0.202105311346/tools/bin/../lib/gcc/arm-none-eabi/9.3.1/../../../../arm-none-eabi/lib/thumb/v7-m/nofp\libc_nano.a(lib_a-errno.o)
 .ARM.attributes
                0x0000000000000000       0x2d c:/st/stm32cubeide_1.7.0/stm32cubeide/plugins/com.st.stm32cube.ide.mcu.externaltools.gnu-tools-for-stm32.9-2020-q2-update.win32_2.0.0.202105311346/tools/bin/../lib/gcc/arm-none-eabi/9.3.1/../../../../arm-none-eabi/lib/thumb/v7-m/nofp\libc_nano.a(lib_a-errno.o)
 .text          0x0000000000000000        0x0 c:/st/stm32cubeide_1.7.0/stm32cubeide/plugins/com.st.stm32cube.ide.mcu.externaltools.gnu-tools-for-stm32.9-2020-q2-update.win32_2.0.0.202105311346/tools/bin/../lib/gcc/arm-none-eabi/9.3.1/../../../../arm-none-eabi/lib/thumb/v7-m/nofp\libc_nano.a(lib_a-exit.o)
 .data          0x0000000000000000        0x0 c:/st/stm32cubeide_1.7.0/stm32cubeide/plugins/com.st.stm32cube.ide.mcu.externaltools.gnu-tools-for-stm32.9-2020-q2-update.win32_2.0.0.202105311346/tools/bin/../lib/gcc/arm-none-eabi/9.3.1/../../../../arm-none-eabi/lib/thumb/v7-m/nofp\libc_nano.a(lib_a-exit.o)
 .bss           0x0000000000000000        0x0 c:/st/stm32cubeide_1.7.0/stm32cubeide/plugins/com.st.stm32cube.ide.mcu.externaltools.gnu-tools-for-stm32.9-2020-q2-update.win32_2.0.0.202105311346/tools/bin/../lib/gcc/arm-none-eabi/9.3.1/../../../../arm-none-eabi/lib/thumb/v7-m/nofp\libc_nano.a(lib_a-exit.o)
 .text.exit     0x0000000000000000       0x28 c:/st/stm32cubeide_1.7.0/stm32cubeide/plugins/com.st.stm32cube.ide.mcu.externaltools.gnu-tools-for-stm32.9-2020-q2-update.win32_2.0.0.202105311346/tools/bin/../lib/gcc/arm-none-eabi/9.3.1/../../../../arm-none-eabi/lib/thumb/v7-m/nofp\libc_nano.a(lib_a-exit.o)
 .debug_frame   0x0000000000000000       0x28 c:/st/stm32cubeide_1.7.0/stm32cubeide/plugins/com.st.stm32cube.ide.mcu.externaltools.gnu-tools-for-stm32.9-2020-q2-update.win32_2.0.0.202105311346/tools/bin/../lib/gcc/arm-none-eabi/9.3.1/../../../../arm-none-eabi/lib/thumb/v7-m/nofp\libc_nano.a(lib_a-exit.o)
 .ARM.attributes
                0x0000000000000000       0x2d c:/st/stm32cubeide_1.7.0/stm32cubeide/plugins/com.st.stm32cube.ide.mcu.externaltools.gnu-tools-for-stm32.9-2020-q2-update.win32_2.0.0.202105311346/tools/bin/../lib/gcc/arm-none-eabi/9.3.1/../../../../arm-none-eabi/lib/thumb/v7-m/nofp\libc_nano.a(lib_a-exit.o)
 .text          0x0000000000000000        0x0 c:/st/stm32cubeide_1.7.0/stm32cubeide/plugins/com.st.stm32cube.ide.mcu.externaltools.gnu-tools-for-stm32.9-2020-q2-update.win32_2.0.0.202105311346/tools/bin/../lib/gcc/arm-none-eabi/9.3.1/../../../../arm-none-eabi/lib/thumb/v7-m/nofp\libc_nano.a(lib_a-impure.o)
 .data          0x0000000000000000        0x0 c:/st/stm32cubeide_1.7.0/stm32cubeide/plugins/com.st.stm32cube.ide.mcu.externaltools.gnu-tools-for-stm32.9-2020-q2-update.win32_2.0.0.202105311346/tools/bin/../lib/gcc/arm-none-eabi/9.3.1/../../../../arm-none-eabi/lib/thumb/v7-m/nofp\libc_nano.a(lib_a-impure.o)
 .bss           0x0000000000000000        0x0 c:/st/stm32cubeide_1.7.0/stm32cubeide/plugins/com.st.stm32cube.ide.mcu.externaltools.gnu-tools-for-stm32.9-2020-q2-update.win32_2.0.0.202105311346/tools/bin/../lib/gcc/arm-none-eabi/9.3.1/../../../../arm-none-eabi/lib/thumb/v7-m/nofp\libc_nano.a(lib_a-impure.o)
 .data._impure_ptr
                0x0000000000000000        0x4 c:/st/stm32cubeide_1.7.0/stm32cubeide/plugins/com.st.stm32cube.ide.mcu.externaltools.gnu-tools-for-stm32.9-2020-q2-update.win32_2.0.0.202105311346/tools/bin/../lib/gcc/arm-none-eabi/9.3.1/../../../../arm-none-eabi/lib/thumb/v7-m/nofp\libc_nano.a(lib_a-impure.o)
 .data.impure_data
                0x0000000000000000       0x60 c:/st/stm32cubeide_1.7.0/stm32cubeide/plugins/com.st.stm32cube.ide.mcu.externaltools.gnu-tools-for-stm32.9-2020-q2-update.win32_2.0.0.202105311346/tools/bin/../lib/gcc/arm-none-eabi/9.3.1/../../../../arm-none-eabi/lib/thumb/v7-m/nofp\libc_nano.a(lib_a-impure.o)
 .rodata._global_impure_ptr
                0x0000000000000000        0x4 c:/st/stm32cubeide_1.7.0/stm32cubeide/plugins/com.st.stm32cube.ide.mcu.externaltools.gnu-tools-for-stm32.9-2020-q2-update.win32_2.0.0.202105311346/tools/bin/../lib/gcc/arm-none-eabi/9.3.1/../../../../arm-none-eabi/lib/thumb/v7-m/nofp\libc_nano.a(lib_a-impure.o)
 .ARM.attributes
                0x0000000000000000       0x2d c:/st/stm32cubeide_1.7.0/stm32cubeide/plugins/com.st.stm32cube.ide.mcu.externaltools.gnu-tools-for-stm32.9-2020-q2-update.win32_2.0.0.202105311346/tools/bin/../lib/gcc/arm-none-eabi/9.3.1/../../../../arm-none-eabi/lib/thumb/v7-m/nofp\libc_nano.a(lib_a-impure.o)
 .text          0x0000000000000000        0x0 c:/st/stm32cubeide_1.7.0/stm32cubeide/plugins/com.st.stm32cube.ide.mcu.externaltools.gnu-tools-for-stm32.9-2020-q2-update.win32_2.0.0.202105311346/tools/bin/../lib/gcc/arm-none-eabi/9.3.1/../../../../arm-none-eabi/lib/thumb/v7-m/nofp\libc_nano.a(lib_a-init.o)
 .data          0x0000000000000000        0x0 c:/st/stm32cubeide_1.7.0/stm32cubeide/plugins/com.st.stm32cube.ide.mcu.externaltools.gnu-tools-for-stm32.9-2020-q2-update.win32_2.0.0.202105311346/tools/bin/../lib/gcc/arm-none-eabi/9.3.1/../../../../arm-none-eabi/lib/thumb/v7-m/nofp\libc_nano.a(lib_a-init.o)
 .bss           0x0000000000000000        0x0 c:/st/stm32cubeide_1.7.0/stm32cubeide/plugins/com.st.stm32cube.ide.mcu.externaltools.gnu-tools-for-stm32.9-2020-q2-update.win32_2.0.0.202105311346/tools/bin/../lib/gcc/arm-none-eabi/9.3.1/../../../../arm-none-eabi/lib/thumb/v7-m/nofp\libc_nano.a(lib_a-init.o)
 .text          0x0000000000000000        0x0 c:/st/stm32cubeide_1.7.0/stm32cubeide/plugins/com.st.stm32cube.ide.mcu.externaltools.gnu-tools-for-stm32.9-2020-q2-update.win32_2.0.0.202105311346/tools/bin/../lib/gcc/arm-none-eabi/9.3.1/../../../../arm-none-eabi/lib/thumb/v7-m/nofp\libc_nano.a(lib_a-memset.o)
 .data          0x0000000000000000        0x0 c:/st/stm32cubeide_1.7.0/stm32cubeide/plugins/com.st.stm32cube.ide.mcu.externaltools.gnu-tools-for-stm32.9-2020-q2-update.win32_2.0.0.202105311346/tools/bin/../lib/gcc/arm-none-eabi/9.3.1/../../../../arm-none-eabi/lib/thumb/v7-m/nofp\libc_nano.a(lib_a-memset.o)
 .bss           0x0000000000000000        0x0 c:/st/stm32cubeide_1.7.0/stm32cubeide/plugins/com.st.stm32cube.ide.mcu.externaltools.gnu-tools-for-stm32.9-2020-q2-update.win32_2.0.0.202105311346/tools/bin/../lib/gcc/arm-none-eabi/9.3.1/../../../../arm-none-eabi/lib/thumb/v7-m/nofp\libc_nano.a(lib_a-memset.o)
 .text.memset   0x0000000000000000       0x10 c:/st/stm32cubeide_1.7.0/stm32cubeide/plugins/com.st.stm32cube.ide.mcu.externaltools.gnu-tools-for-stm32.9-2020-q2-update.win32_2.0.0.202105311346/tools/bin/../lib/gcc/arm-none-eabi/9.3.1/../../../../arm-none-eabi/lib/thumb/v7-m/nofp\libc_nano.a(lib_a-memset.o)
 .debug_frame   0x0000000000000000       0x20 c:/st/stm32cubeide_1.7.0/stm32cubeide/plugins/com.st.stm32cube.ide.mcu.externaltools.gnu-tools-for-stm32.9-2020-q2-update.win32_2.0.0.202105311346/tools/bin/../lib/gcc/arm-none-eabi/9.3.1/../../../../arm-none-eabi/lib/thumb/v7-m/nofp\libc_nano.a(lib_a-memset.o)
 .ARM.attributes
                0x0000000000000000       0x2d c:/st/stm32cubeide_1.7.0/stm32cubeide/plugins/com.st.stm32cube.ide.mcu.externaltools.gnu-tools-for-stm32.9-2020-q2-update.win32_2.0.0.202105311346/tools/bin/../lib/gcc/arm-none-eabi/9.3.1/../../../../arm-none-eabi/lib/thumb/v7-m/nofp\libc_nano.a(lib_a-memset.o)
 .text          0x0000000000000000        0x0 c:/st/stm32cubeide_1.7.0/stm32cubeide/plugins/com.st.stm32cube.ide.mcu.externaltools.gnu-tools-for-stm32.9-2020-q2-update.win32_2.0.0.202105311346/tools/bin/../lib/gcc/arm-none-eabi/9.3.1/thumb/v7-m/nofp/crtend.o
 .data          0x0000000000000000        0x0 c:/st/stm32cubeide_1.7.0/stm32cubeide/plugins/com.st.stm32cube.ide.mcu.externaltools.gnu-tools-for-stm32.9-2020-q2-update.win32_2.0.0.202105311346/tools/bin/../lib/gcc/arm-none-eabi/9.3.1/thumb/v7-m/nofp/crtend.o
 .bss           0x0000000000000000        0x0 c:/st/stm32cubeide_1.7.0/stm32cubeide/plugins/com.st.stm32cube.ide.mcu.externaltools.gnu-tools-for-stm32.9-2020-q2-update.win32_2.0.0.202105311346/tools/bin/../lib/gcc/arm-none-eabi/9.3.1/thumb/v7-m/nofp/crtend.o
 .eh_frame      0x0000000000000000        0x4 c:/st/stm32cubeide_1.7.0/stm32cubeide/plugins/com.st.stm32cube.ide.mcu.externaltools.gnu-tools-for-stm32.9-2020-q2-update.win32_2.0.0.202105311346/tools/bin/../lib/gcc/arm-none-eabi/9.3.1/thumb/v7-m/nofp/crtend.o
 .ARM.attributes
                0x0000000000000000       0x2d c:/st/stm32cubeide_1.7.0/stm32cubeide/plugins/com.st.stm32cube.ide.mcu.externaltools.gnu-tools-for-stm32.9-2020-q2-update.win32_2.0.0.202105311346/tools/bin/../lib/gcc/arm-none-eabi/9.3.1/thumb/v7-m/nofp/crtend.o
 .text          0x0000000000000000        0x0 c:/st/stm32cubeide_1.7.0/stm32cubeide/plugins/com.st.stm32cube.ide.mcu.externaltools.gnu-tools-for-stm32.9-2020-q2-update.win32_2.0.0.202105311346/tools/bin/../lib/gcc/arm-none-eabi/9.3.1/thumb/v7-m/nofp/crtn.o
 .data          0x0000000000000000        0x0 c:/st/stm32cubeide_1.7.0/stm32cubeide/plugins/com.st.stm32cube.ide.mcu.externaltools.gnu-tools-for-stm32.9-2020-q2-update.win32_2.0.0.202105311346/tools/bin/../lib/gcc/arm-none-eabi/9.3.1/thumb/v7-m/nofp/crtn.o
 .bss           0x0000000000000000        0x0 c:/st/stm32cubeide_1.7.0/stm32cubeide/plugins/com.st.stm32cube.ide.mcu.externaltools.gnu-tools-for-stm32.9-2020-q2-update.win32_2.0.0.202105311346/tools/bin/../lib/gcc/arm-none-eabi/9.3.1/thumb/v7-m/nofp/crtn.o

Memory Configuration

Name             Origin             Length             Attributes
RAM              0x0000000020000000 0x0000000000005000 xrw
FLASH            0x0000000008000000 0x0000000000010000 xr
*default*        0x0000000000000000 0xffffffffffffffff

Linker script and memory map

LOAD c:/st/stm32cubeide_1.7.0/stm32cubeide/plugins/com.st.stm32cube.ide.mcu.externaltools.gnu-tools-for-stm32.9-2020-q2-update.win32_2.0.0.202105311346/tools/bin/../lib/gcc/arm-none-eabi/9.3.1/thumb/v7-m/nofp/crti.o
LOAD c:/st/stm32cubeide_1.7.0/stm32cubeide/plugins/com.st.stm32cube.ide.mcu.externaltools.gnu-tools-for-stm32.9-2020-q2-update.win32_2.0.0.202105311346/tools/bin/../lib/gcc/arm-none-eabi/9.3.1/thumb/v7-m/nofp/crtbegin.o
LOAD c:/st/stm32cubeide_1.7.0/stm32cubeide/plugins/com.st.stm32cube.ide.mcu.externaltools.gnu-tools-for-stm32.9-2020-q2-update.win32_2.0.0.202105311346/tools/bin/../lib/gcc/arm-none-eabi/9.3.1/../../../../arm-none-eabi/lib/thumb/v7-m/nofp/crt0.o
LOAD ./Source/main.o
LOAD ./Source/startup_stm32f103c8tx.o
LOAD ./Source/syscalls.o
LOAD ./Source/sysmem.o
LOAD ./Source/system_stm32f1xx.o
START GROUP
LOAD c:/st/stm32cubeide_1.7.0/stm32cubeide/plugins/com.st.stm32cube.ide.mcu.externaltools.gnu-tools-for-stm32.9-2020-q2-update.win32_2.0.0.202105311346/tools/bin/../lib/gcc/arm-none-eabi/9.3.1/../../../../arm-none-eabi/lib/thumb/v7-m/nofp\libc_nano.a
LOAD c:/st/stm32cubeide_1.7.0/stm32cubeide/plugins/com.st.stm32cube.ide.mcu.externaltools.gnu-tools-for-stm32.9-2020-q2-update.win32_2.0.0.202105311346/tools/bin/../lib/gcc/arm-none-eabi/9.3.1/../../../../arm-none-eabi/lib/thumb/v7-m/nofp\libm.a
END GROUP
START GROUP
LOAD c:/st/stm32cubeide_1.7.0/stm32cubeide/plugins/com.st.stm32cube.ide.mcu.externaltools.gnu-tools-for-stm32.9-2020-q2-update.win32_2.0.0.202105311346/tools/bin/../lib/gcc/arm-none-eabi/9.3.1/thumb/v7-m/nofp\libgcc.a
LOAD c:/st/stm32cubeide_1.7.0/stm32cubeide/plugins/com.st.stm32cube.ide.mcu.externaltools.gnu-tools-for-stm32.9-2020-q2-update.win32_2.0.0.202105311346/tools/bin/../lib/gcc/arm-none-eabi/9.3.1/../../../../arm-none-eabi/lib/thumb/v7-m/nofp\libc_nano.a
END GROUP
START GROUP
LOAD c:/st/stm32cubeide_1.7.0/stm32cubeide/plugins/com.st.stm32cube.ide.mcu.externaltools.gnu-tools-for-stm32.9-2020-q2-update.win32_2.0.0.202105311346/tools/bin/../lib/gcc/arm-none-eabi/9.3.1/thumb/v7-m/nofp\libgcc.a
LOAD c:/st/stm32cubeide_1.7.0/stm32cubeide/plugins/com.st.stm32cube.ide.mcu.externaltools.gnu-tools-for-stm32.9-2020-q2-update.win32_2.0.0.202105311346/tools/bin/../lib/gcc/arm-none-eabi/9.3.1/../../../../arm-none-eabi/lib/thumb/v7-m/nofp\libc_nano.a
LOAD c:/st/stm32cubeide_1.7.0/stm32cubeide/plugins/com.st.stm32cube.ide.mcu.externaltools.gnu-tools-for-stm32.9-2020-q2-update.win32_2.0.0.202105311346/tools/bin/../lib/gcc/arm-none-eabi/9.3.1/../../../../arm-none-eabi/lib/thumb/v7-m/nofp\libnosys.a
END GROUP
START GROUP
LOAD c:/st/stm32cubeide_1.7.0/stm32cubeide/plugins/com.st.stm32cube.ide.mcu.externaltools.gnu-tools-for-stm32.9-2020-q2-update.win32_2.0.0.202105311346/tools/bin/../lib/gcc/arm-none-eabi/9.3.1/thumb/v7-m/nofp\libgcc.a
LOAD c:/st/stm32cubeide_1.7.0/stm32cubeide/plugins/com.st.stm32cube.ide.mcu.externaltools.gnu-tools-for-stm32.9-2020-q2-update.win32_2.0.0.202105311346/tools/bin/../lib/gcc/arm-none-eabi/9.3.1/../../../../arm-none-eabi/lib/thumb/v7-m/nofp\libc_nano.a
LOAD c:/st/stm32cubeide_1.7.0/stm32cubeide/plugins/com.st.stm32cube.ide.mcu.externaltools.gnu-tools-for-stm32.9-2020-q2-update.win32_2.0.0.202105311346/tools/bin/../lib/gcc/arm-none-eabi/9.3.1/../../../../arm-none-eabi/lib/thumb/v7-m/nofp\libnosys.a
END GROUP
LOAD c:/st/stm32cubeide_1.7.0/stm32cubeide/plugins/com.st.stm32cube.ide.mcu.externaltools.gnu-tools-for-stm32.9-2020-q2-update.win32_2.0.0.202105311346/tools/bin/../lib/gcc/arm-none-eabi/9.3.1/thumb/v7-m/nofp/crtend.o
LOAD c:/st/stm32cubeide_1.7.0/stm32cubeide/plugins/com.st.stm32cube.ide.mcu.externaltools.gnu-tools-for-stm32.9-2020-q2-update.win32_2.0.0.202105311346/tools/bin/../lib/gcc/arm-none-eabi/9.3.1/thumb/v7-m/nofp/crtn.o
                0x0000000020005000                _estack = (ORIGIN (RAM) + LENGTH (RAM))
                0x0000000000000200                _Min_Heap_Size = 0x200
                0x0000000000000400                _Min_Stack_Size = 0x400

.isr_vector     0x0000000008000000      0x10c
                0x0000000008000000                . = ALIGN (0x4)
 *(.isr_vector)
 .isr_vector    0x0000000008000000      0x10c ./Source/startup_stm32f103c8tx.o
                0x0000000008000000                g_pfnVectors
                0x000000000800010c                . = ALIGN (0x4)

.text           0x000000000800010c      0x23c
                0x000000000800010c                . = ALIGN (0x4)
 *(.text)
 .text          0x000000000800010c       0x40 c:/st/stm32cubeide_1.7.0/stm32cubeide/plugins/com.st.stm32cube.ide.mcu.externaltools.gnu-tools-for-stm32.9-2020-q2-update.win32_2.0.0.202105311346/tools/bin/../lib/gcc/arm-none-eabi/9.3.1/thumb/v7-m/nofp/crtbegin.o
 *(.text*)
 .text.SystemClockInit
                0x000000000800014c       0x50 ./Source/main.o
                0x000000000800014c                SystemClockInit
 .text.UART_Init
                0x000000000800019c       0x4c ./Source/main.o
                0x000000000800019c                UART_Init
 .text.GPIO_Init
                0x00000000080001e8       0x2c ./Source/main.o
                0x00000000080001e8                GPIO_Init
 .text.UartRxMsg
                0x0000000008000214       0x4c ./Source/main.o
                0x0000000008000214                UartRxMsg
 .text.main     0x0000000008000260       0x30 ./Source/main.o
                0x0000000008000260                main
 .text.Reset_Handler
                0x0000000008000290       0x48 ./Source/startup_stm32f103c8tx.o
                0x0000000008000290                Reset_Handler
 .text.Default_Handler
                0x00000000080002d8        0x2 ./Source/startup_stm32f103c8tx.o
                0x00000000080002d8                RTC_Alarm_IRQHandler
                0x00000000080002d8                EXTI2_IRQHandler
                0x00000000080002d8                DebugMon_Handler
                0x00000000080002d8                TIM1_CC_IRQHandler
                0x00000000080002d8                HardFault_Handler
                0x00000000080002d8                SysTick_Handler
                0x00000000080002d8                PVD_IRQHandler
                0x00000000080002d8                PendSV_Handler
                0x00000000080002d8                NMI_Handler
                0x00000000080002d8                EXTI3_IRQHandler
                0x00000000080002d8                EXTI0_IRQHandler
                0x00000000080002d8                I2C2_EV_IRQHandler
                0x00000000080002d8                UsageFault_Handler
                0x00000000080002d8                ADC1_2_IRQHandler
                0x00000000080002d8                SPI1_IRQHandler
                0x00000000080002d8                TAMPER_IRQHandler
                0x00000000080002d8                DMA1_Channel4_IRQHandler
                0x00000000080002d8                USART3_IRQHandler
                0x00000000080002d8                RTC_IRQHandler
                0x00000000080002d8                DMA1_Channel7_IRQHandler
                0x00000000080002d8                CAN1_RX1_IRQHandler
                0x00000000080002d8                TIM4_IRQHandler
                0x00000000080002d8                I2C1_EV_IRQHandler
                0x00000000080002d8                DMA1_Channel6_IRQHandler
                0x00000000080002d8                TIM3_IRQHandler
                0x00000000080002d8                RCC_IRQHandler
                0x00000000080002d8                TIM1_TRG_COM_IRQHandler
                0x00000000080002d8                DMA1_Channel1_IRQHandler
                0x00000000080002d8                Default_Handler
                0x00000000080002d8                EXTI15_10_IRQHandler
                0x00000000080002d8                EXTI9_5_IRQHandler
                0x00000000080002d8                SPI2_IRQHandler
                0x00000000080002d8                MemManage_Handler
                0x00000000080002d8                SVC_Handler
                0x00000000080002d8                DMA1_Channel5_IRQHandler
                0x00000000080002d8                EXTI4_IRQHandler
                0x00000000080002d8                USB_LP_CAN1_RX0_IRQHandler
                0x00000000080002d8                USB_HP_CAN1_TX_IRQHandler
                0x00000000080002d8                DMA1_Channel3_IRQHandler
                0x00000000080002d8                TIM1_UP_IRQHandler
                0x00000000080002d8                WWDG_IRQHandler
                0x00000000080002d8                TIM2_IRQHandler
                0x00000000080002d8                TIM1_BRK_IRQHandler
                0x00000000080002d8                EXTI1_IRQHandler
                0x00000000080002d8                USART2_IRQHandler
                0x00000000080002d8                I2C2_ER_IRQHandler
                0x00000000080002d8                DMA1_Channel2_IRQHandler
                0x00000000080002d8                CAN1_SCE_IRQHandler
                0x00000000080002d8                FLASH_IRQHandler
                0x00000000080002d8                BusFault_Handler
                0x00000000080002d8                USART1_IRQHandler
                0x00000000080002d8                I2C1_ER_IRQHandler
                0x00000000080002d8                USBWakeUp_IRQHandler
 .text.SystemInit
                0x00000000080002da        0xc ./Source/system_stm32f1xx.o
                0x00000000080002da                SystemInit
 *fill*         0x00000000080002e6        0x2 
 .text.__libc_init_array
                0x00000000080002e8       0x48 c:/st/stm32cubeide_1.7.0/stm32cubeide/plugins/com.st.stm32cube.ide.mcu.externaltools.gnu-tools-for-stm32.9-2020-q2-update.win32_2.0.0.202105311346/tools/bin/../lib/gcc/arm-none-eabi/9.3.1/../../../../arm-none-eabi/lib/thumb/v7-m/nofp\libc_nano.a(lib_a-init.o)
                0x00000000080002e8                __libc_init_array
 *(.glue_7)
 .glue_7        0x0000000008000330        0x0 linker stubs
 *(.glue_7t)
 .glue_7t       0x0000000008000330        0x0 linker stubs
 *(.eh_frame)
 .eh_frame      0x0000000008000330        0x0 c:/st/stm32cubeide_1.7.0/stm32cubeide/plugins/com.st.stm32cube.ide.mcu.externaltools.gnu-tools-for-stm32.9-2020-q2-update.win32_2.0.0.202105311346/tools/bin/../lib/gcc/arm-none-eabi/9.3.1/thumb/v7-m/nofp/crtbegin.o
 *(.init)
 .init          0x0000000008000330        0x4 c:/st/stm32cubeide_1.7.0/stm32cubeide/plugins/com.st.stm32cube.ide.mcu.externaltools.gnu-tools-for-stm32.9-2020-q2-update.win32_2.0.0.202105311346/tools/bin/../lib/gcc/arm-none-eabi/9.3.1/thumb/v7-m/nofp/crti.o
                0x0000000008000330                _init
 .init          0x0000000008000334        0x8 c:/st/stm32cubeide_1.7.0/stm32cubeide/plugins/com.st.stm32cube.ide.mcu.externaltools.gnu-tools-for-stm32.9-2020-q2-update.win32_2.0.0.202105311346/tools/bin/../lib/gcc/arm-none-eabi/9.3.1/thumb/v7-m/nofp/crtn.o
 *(.fini)
 .fini          0x000000000800033c        0x4 c:/st/stm32cubeide_1.7.0/stm32cubeide/plugins/com.st.stm32cube.ide.mcu.externaltools.gnu-tools-for-stm32.9-2020-q2-update.win32_2.0.0.202105311346/tools/bin/../lib/gcc/arm-none-eabi/9.3.1/thumb/v7-m/nofp/crti.o
                0x000000000800033c                _fini
 .fini          0x0000000008000340        0x8 c:/st/stm32cubeide_1.7.0/stm32cubeide/plugins/com.st.stm32cube.ide.mcu.externaltools.gnu-tools-for-stm32.9-2020-q2-update.win32_2.0.0.202105311346/tools/bin/../lib/gcc/arm-none-eabi/9.3.1/thumb/v7-m/nofp/crtn.o
                0x0000000008000348                . = ALIGN (0x4)
                0x0000000008000348                _etext = .

.vfp11_veneer   0x0000000008000348        0x0
 .vfp11_veneer  0x0000000008000348        0x0 linker stubs

.v4_bx          0x0000000008000348        0x0
 .v4_bx         0x0000000008000348        0x0 linker stubs

.iplt           0x0000000008000348        0x0
 .iplt          0x0000000008000348        0x0 c:/st/stm32cubeide_1.7.0/stm32cubeide/plugins/com.st.stm32cube.ide.mcu.externaltools.gnu-tools-for-stm32.9-2020-q2-update.win32_2.0.0.202105311346/tools/bin/../lib/gcc/arm-none-eabi/9.3.1/thumb/v7-m/nofp/crtbegin.o

.rel.dyn        0x0000000008000348        0x0
 .rel.iplt      0x0000000008000348        0x0 c:/st/stm32cubeide_1.7.0/stm32cubeide/plugins/com.st.stm32cube.ide.mcu.externaltools.gnu-tools-for-stm32.9-2020-q2-update.win32_2.0.0.202105311346/tools/bin/../lib/gcc/arm-none-eabi/9.3.1/thumb/v7-m/nofp/crtbegin.o

.rodata         0x0000000008000348        0x0
                0x0000000008000348                . = ALIGN (0x4)
 *(.rodata)
 *(.rodata*)
                0x0000000008000348                . = ALIGN (0x4)

.ARM.extab      0x0000000008000348        0x0
                0x0000000008000348                . = ALIGN (0x4)
 *(.ARM.extab* .gnu.linkonce.armextab.*)
                0x0000000008000348                . = ALIGN (0x4)

.ARM            0x0000000008000348        0x0
                0x0000000008000348                . = ALIGN (0x4)
                0x0000000008000348                __exidx_start = .
 *(.ARM.exidx*)
                0x0000000008000348                __exidx_end = .
                0x0000000008000348                . = ALIGN (0x4)

.preinit_array  0x0000000008000348        0x0
                0x0000000008000348                . = ALIGN (0x4)
                0x0000000008000348                PROVIDE (__preinit_array_start = .)
 *(.preinit_array*)
                0x0000000008000348                PROVIDE (__preinit_array_end = .)
                0x0000000008000348                . = ALIGN (0x4)

.init_array     0x0000000008000348        0x4
                0x0000000008000348                . = ALIGN (0x4)
                0x0000000008000348                PROVIDE (__init_array_start = .)
 *(SORT_BY_NAME(.init_array.*))
 *(.init_array*)
 .init_array    0x0000000008000348        0x4 c:/st/stm32cubeide_1.7.0/stm32cubeide/plugins/com.st.stm32cube.ide.mcu.externaltools.gnu-tools-for-stm32.9-2020-q2-update.win32_2.0.0.202105311346/tools/bin/../lib/gcc/arm-none-eabi/9.3.1/thumb/v7-m/nofp/crtbegin.o
                0x000000000800034c                PROVIDE (__init_array_end = .)
                0x000000000800034c                . = ALIGN (0x4)

.fini_array     0x000000000800034c        0x4
                0x000000000800034c                . = ALIGN (0x4)
                [!provide]                        PROVIDE (__fini_array_start = .)
 *(SORT_BY_NAME(.fini_array.*))
 *(.fini_array*)
 .fini_array    0x000000000800034c        0x4 c:/st/stm32cubeide_1.7.0/stm32cubeide/plugins/com.st.stm32cube.ide.mcu.externaltools.gnu-tools-for-stm32.9-2020-q2-update.win32_2.0.0.202105311346/tools/bin/../lib/gcc/arm-none-eabi/9.3.1/thumb/v7-m/nofp/crtbegin.o
                [!provide]                        PROVIDE (__fini_array_end = .)
                0x0000000008000350                . = ALIGN (0x4)
                0x0000000008000350                _sidata = LOADADDR (.data)

.data           0x0000000020000000        0x0 load address 0x0000000008000350
                0x0000000020000000                . = ALIGN (0x4)
                0x0000000020000000                _sdata = .
 *(.data)
 *(.data*)
 *(.RamFunc)
 *(.RamFunc*)
                0x0000000020000000                . = ALIGN (0x4)
                0x0000000020000000                _edata = .

.igot.plt       0x0000000020000000        0x0 load address 0x0000000008000350
 .igot.plt      0x0000000020000000        0x0 c:/st/stm32cubeide_1.7.0/stm32cubeide/plugins/com.st.stm32cube.ide.mcu.externaltools.gnu-tools-for-stm32.9-2020-q2-update.win32_2.0.0.202105311346/tools/bin/../lib/gcc/arm-none-eabi/9.3.1/thumb/v7-m/nofp/crtbegin.o
                0x0000000020000000                . = ALIGN (0x4)

.bss            0x0000000020000000       0x20 load address 0x0000000008000350
                0x0000000020000000                _sbss = .
                0x0000000020000000                __bss_start__ = _sbss
 *(.bss)
 .bss           0x0000000020000000       0x1c c:/st/stm32cubeide_1.7.0/stm32cubeide/plugins/com.st.stm32cube.ide.mcu.externaltools.gnu-tools-for-stm32.9-2020-q2-update.win32_2.0.0.202105311346/tools/bin/../lib/gcc/arm-none-eabi/9.3.1/thumb/v7-m/nofp/crtbegin.o
 *(.bss*)
 .bss.count     0x000000002000001c        0x4 ./Source/main.o
                0x000000002000001c                count
 *(COMMON)
                0x0000000020000020                . = ALIGN (0x4)
                0x0000000020000020                _ebss = .
                0x0000000020000020                __bss_end__ = _ebss

._user_heap_stack
                0x0000000020000020      0x600 load address 0x0000000008000350
                0x0000000020000020                . = ALIGN (0x8)
                [!provide]                        PROVIDE (end = .)
                0x0000000020000020                PROVIDE (_end = .)
                0x0000000020000220                . = (. + _Min_Heap_Size)
 *fill*         0x0000000020000020      0x200 
                0x0000000020000620                . = (. + _Min_Stack_Size)
 *fill*         0x0000000020000220      0x400 
                0x0000000020000620                . = ALIGN (0x8)

/DISCARD/
 libc.a(*)
 libm.a(*)
 libgcc.a(*)

.ARM.attributes
                0x0000000000000000       0x29
 *(.ARM.attributes)
 .ARM.attributes
                0x0000000000000000       0x1d c:/st/stm32cubeide_1.7.0/stm32cubeide/plugins/com.st.stm32cube.ide.mcu.externaltools.gnu-tools-for-stm32.9-2020-q2-update.win32_2.0.0.202105311346/tools/bin/../lib/gcc/arm-none-eabi/9.3.1/thumb/v7-m/nofp/crti.o
 .ARM.attributes
                0x000000000000001d       0x2d c:/st/stm32cubeide_1.7.0/stm32cubeide/plugins/com.st.stm32cube.ide.mcu.externaltools.gnu-tools-for-stm32.9-2020-q2-update.win32_2.0.0.202105311346/tools/bin/../lib/gcc/arm-none-eabi/9.3.1/thumb/v7-m/nofp/crtbegin.o
 .ARM.attributes
                0x000000000000004a       0x2d ./Source/main.o
 .ARM.attributes
                0x0000000000000077       0x21 ./Source/startup_stm32f103c8tx.o
 .ARM.attributes
                0x0000000000000098       0x2d ./Source/system_stm32f1xx.o
 .ARM.attributes
                0x00000000000000c5       0x2d c:/st/stm32cubeide_1.7.0/stm32cubeide/plugins/com.st.stm32cube.ide.mcu.externaltools.gnu-tools-for-stm32.9-2020-q2-update.win32_2.0.0.202105311346/tools/bin/../lib/gcc/arm-none-eabi/9.3.1/../../../../arm-none-eabi/lib/thumb/v7-m/nofp\libc_nano.a(lib_a-init.o)
 .ARM.attributes
                0x00000000000000f2       0x1d c:/st/stm32cubeide_1.7.0/stm32cubeide/plugins/com.st.stm32cube.ide.mcu.externaltools.gnu-tools-for-stm32.9-2020-q2-update.win32_2.0.0.202105311346/tools/bin/../lib/gcc/arm-none-eabi/9.3.1/thumb/v7-m/nofp/crtn.o
OUTPUT(STM32F103C8T6-Projects.elf elf32-littlearm)
LOAD linker stubs
LOAD c:/st/stm32cubeide_1.7.0/stm32cubeide/plugins/com.st.stm32cube.ide.mcu.externaltools.gnu-tools-for-stm32.9-2020-q2-update.win32_2.0.0.202105311346/tools/bin/../lib/gcc/arm-none-eabi/9.3.1/../../../../arm-none-eabi/lib/thumb/v7-m/nofp\libc.a
LOAD c:/st/stm32cubeide_1.7.0/stm32cubeide/plugins/com.st.stm32cube.ide.mcu.externaltools.gnu-tools-for-stm32.9-2020-q2-update.win32_2.0.0.202105311346/tools/bin/../lib/gcc/arm-none-eabi/9.3.1/../../../../arm-none-eabi/lib/thumb/v7-m/nofp\libm.a
LOAD c:/st/stm32cubeide_1.7.0/stm32cubeide/plugins/com.st.stm32cube.ide.mcu.externaltools.gnu-tools-for-stm32.9-2020-q2-update.win32_2.0.0.202105311346/tools/bin/../lib/gcc/arm-none-eabi/9.3.1/thumb/v7-m/nofp\libgcc.a

.debug_info     0x0000000000000000      0x67f
 .debug_info    0x0000000000000000      0x3fd ./Source/main.o
 .debug_info    0x00000000000003fd       0x22 ./Source/startup_stm32f103c8tx.o
 .debug_info    0x000000000000041f      0x260 ./Source/system_stm32f1xx.o

.debug_abbrev   0x0000000000000000      0x2ce
 .debug_abbrev  0x0000000000000000      0x16e ./Source/main.o
 .debug_abbrev  0x000000000000016e       0x12 ./Source/startup_stm32f103c8tx.o
 .debug_abbrev  0x0000000000000180      0x14e ./Source/system_stm32f1xx.o

.debug_aranges  0x0000000000000000       0xa0
 .debug_aranges
                0x0000000000000000       0x50 ./Source/main.o
 .debug_aranges
                0x0000000000000050       0x28 ./Source/startup_stm32f103c8tx.o
 .debug_aranges
                0x0000000000000078       0x28 ./Source/system_stm32f1xx.o

.debug_ranges   0x0000000000000000       0x78
 .debug_ranges  0x0000000000000000       0x40 ./Source/main.o
 .debug_ranges  0x0000000000000040       0x20 ./Source/startup_stm32f103c8tx.o
 .debug_ranges  0x0000000000000060       0x18 ./Source/system_stm32f1xx.o

.debug_macro    0x0000000000000000     0xffec
 .debug_macro   0x0000000000000000       0xc2 ./Source/main.o
 .debug_macro   0x00000000000000c2      0xa96 ./Source/main.o
 .debug_macro   0x0000000000000b58       0x2e ./Source/main.o
 .debug_macro   0x0000000000000b86       0x22 ./Source/main.o
 .debug_macro   0x0000000000000ba8       0x22 ./Source/main.o
 .debug_macro   0x0000000000000bca       0x8e ./Source/main.o
 .debug_macro   0x0000000000000c58       0x51 ./Source/main.o
 .debug_macro   0x0000000000000ca9      0x103 ./Source/main.o
 .debug_macro   0x0000000000000dac       0x6a ./Source/main.o
 .debug_macro   0x0000000000000e16      0x1df ./Source/main.o
 .debug_macro   0x0000000000000ff5       0x1c ./Source/main.o
 .debug_macro   0x0000000000001011       0x22 ./Source/main.o
 .debug_macro   0x0000000000001033       0xc3 ./Source/main.o
 .debug_macro   0x00000000000010f6      0xd23 ./Source/main.o
 .debug_macro   0x0000000000001e19     0xe09e ./Source/main.o
 .debug_macro   0x000000000000feb7       0x6d ./Source/main.o
 .debug_macro   0x000000000000ff24       0xc8 ./Source/system_stm32f1xx.o

.debug_line     0x0000000000000000      0xb0c
 .debug_line    0x0000000000000000      0x5a9 ./Source/main.o
 .debug_line    0x00000000000005a9       0x81 ./Source/startup_stm32f103c8tx.o
 .debug_line    0x000000000000062a      0x4e2 ./Source/system_stm32f1xx.o

.debug_str      0x0000000000000000    0x54583
 .debug_str     0x0000000000000000    0x544d7 ./Source/main.o
                                      0x54709 (size before relaxing)
 .debug_str     0x00000000000544d7       0x30 ./Source/startup_stm32f103c8tx.o
                                         0x79 (size before relaxing)
 .debug_str     0x0000000000054507       0x7c ./Source/system_stm32f1xx.o
                                      0x546d4 (size before relaxing)

.comment        0x0000000000000000       0x53
 .comment       0x0000000000000000       0x53 ./Source/main.o
                                         0x54 (size before relaxing)
 .comment       0x0000000000000053       0x54 ./Source/system_stm32f1xx.o

.debug_frame    0x0000000000000000      0x18c
 .debug_frame   0x0000000000000000      0x108 ./Source/main.o
 .debug_frame   0x0000000000000108       0x58 ./Source/system_stm32f1xx.o
 .debug_frame   0x0000000000000160       0x2c c:/st/stm32cubeide_1.7.0/stm32cubeide/plugins/com.st.stm32cube.ide.mcu.externaltools.gnu-tools-for-stm32.9-2020-q2-update.win32_2.0.0.202105311346/tools/bin/../lib/gcc/arm-none-eabi/9.3.1/../../../../arm-none-eabi/lib/thumb/v7-m/nofp\libc_nano.a(lib_a-init.o)
