Archive member included because of file (symbol)

c:/freescale/kds_v3/toolchain/bin/../lib/gcc/arm-none-eabi/4.8.4/armv6-m\libgcc.a(_udivsi3.o)
                              ./Sources/drivers/uart/uart.o (__aeabi_uidiv)
c:/freescale/kds_v3/toolchain/bin/../lib/gcc/arm-none-eabi/4.8.4/armv6-m\libgcc.a(_divsi3.o)
                              ./Sources/drivers/uart/uart.o (__aeabi_idiv)
c:/freescale/kds_v3/toolchain/bin/../lib/gcc/arm-none-eabi/4.8.4/armv6-m\libgcc.a(_dvmd_tls.o)
                              c:/freescale/kds_v3/toolchain/bin/../lib/gcc/arm-none-eabi/4.8.4/armv6-m\libgcc.a(_udivsi3.o) (__aeabi_idiv0)
c:/freescale/kds_v3/toolchain/bin/../lib/gcc/arm-none-eabi/4.8.4/armv6-m\libgcc.a(_fixunssfsi.o)
                              ./Sources/drivers/mcg/mcg.o (__aeabi_f2uiz)
c:/freescale/kds_v3/toolchain/bin/../lib/gcc/arm-none-eabi/4.8.4/armv6-m\libgcc.a(divsf3.o)
                              ./Sources/drivers/mcg/mcg.o (__aeabi_fdiv)
c:/freescale/kds_v3/toolchain/bin/../lib/gcc/arm-none-eabi/4.8.4/armv6-m\libgcc.a(mulsf3.o)
                              ./Sources/drivers/mcg/mcg.o (__aeabi_fmul)
c:/freescale/kds_v3/toolchain/bin/../lib/gcc/arm-none-eabi/4.8.4/armv6-m\libgcc.a(subsf3.o)
                              c:/freescale/kds_v3/toolchain/bin/../lib/gcc/arm-none-eabi/4.8.4/armv6-m\libgcc.a(_fixunssfsi.o) (__aeabi_fsub)
c:/freescale/kds_v3/toolchain/bin/../lib/gcc/arm-none-eabi/4.8.4/armv6-m\libgcc.a(fixsfsi.o)
                              c:/freescale/kds_v3/toolchain/bin/../lib/gcc/arm-none-eabi/4.8.4/armv6-m\libgcc.a(_fixunssfsi.o) (__aeabi_f2iz)
c:/freescale/kds_v3/toolchain/bin/../lib/gcc/arm-none-eabi/4.8.4/armv6-m\libgcc.a(floatsisf.o)
                              ./Sources/drivers/mcg/mcg.o (__aeabi_i2f)
c:/freescale/kds_v3/toolchain/bin/../lib/gcc/arm-none-eabi/4.8.4/armv6-m\libgcc.a(_arm_cmpsf2.o)
                              c:/freescale/kds_v3/toolchain/bin/../lib/gcc/arm-none-eabi/4.8.4/armv6-m\libgcc.a(_fixunssfsi.o) (__aeabi_fcmpge)
c:/freescale/kds_v3/toolchain/bin/../lib/gcc/arm-none-eabi/4.8.4/armv6-m\libgcc.a(_clzsi2.o)
                              c:/freescale/kds_v3/toolchain/bin/../lib/gcc/arm-none-eabi/4.8.4/armv6-m\libgcc.a(divsf3.o) (__clzsi2)
c:/freescale/kds_v3/toolchain/bin/../lib/gcc/arm-none-eabi/4.8.4/armv6-m\libgcc.a(eqsf2.o)
                              c:/freescale/kds_v3/toolchain/bin/../lib/gcc/arm-none-eabi/4.8.4/armv6-m\libgcc.a(_arm_cmpsf2.o) (__eqsf2)
c:/freescale/kds_v3/toolchain/bin/../lib/gcc/arm-none-eabi/4.8.4/armv6-m\libgcc.a(gesf2.o)
                              c:/freescale/kds_v3/toolchain/bin/../lib/gcc/arm-none-eabi/4.8.4/armv6-m\libgcc.a(_arm_cmpsf2.o) (__gesf2)
c:/freescale/kds_v3/toolchain/bin/../lib/gcc/arm-none-eabi/4.8.4/armv6-m\libgcc.a(lesf2.o)
                              c:/freescale/kds_v3/toolchain/bin/../lib/gcc/arm-none-eabi/4.8.4/armv6-m\libgcc.a(_arm_cmpsf2.o) (__lesf2)
c:/freescale/kds_v3/toolchain/bin/../lib/gcc/arm-none-eabi/4.8.4/../../../../arm-none-eabi/lib/armv6-m\libg_s.a(lib_a-exit.o)
                              c:/freescale/kds_v3/toolchain/bin/../lib/gcc/arm-none-eabi/4.8.4/../../../../arm-none-eabi/lib/armv6-m/crt0.o (exit)
c:/freescale/kds_v3/toolchain/bin/../lib/gcc/arm-none-eabi/4.8.4/../../../../arm-none-eabi/lib/armv6-m\libg_s.a(lib_a-impure.o)
                              c:/freescale/kds_v3/toolchain/bin/../lib/gcc/arm-none-eabi/4.8.4/../../../../arm-none-eabi/lib/armv6-m\libg_s.a(lib_a-exit.o) (_global_impure_ptr)
c:/freescale/kds_v3/toolchain/bin/../lib/gcc/arm-none-eabi/4.8.4/../../../../arm-none-eabi/lib/armv6-m\libg_s.a(lib_a-init.o)
                              c:/freescale/kds_v3/toolchain/bin/../lib/gcc/arm-none-eabi/4.8.4/../../../../arm-none-eabi/lib/armv6-m/crt0.o (__libc_init_array)
c:/freescale/kds_v3/toolchain/bin/../lib/gcc/arm-none-eabi/4.8.4/../../../../arm-none-eabi/lib/armv6-m\libg_s.a(lib_a-memset.o)
                              c:/freescale/kds_v3/toolchain/bin/../lib/gcc/arm-none-eabi/4.8.4/../../../../arm-none-eabi/lib/armv6-m/crt0.o (memset)
c:/freescale/kds_v3/toolchain/bin/../lib/gcc/arm-none-eabi/4.8.4/../../../../arm-none-eabi/lib/armv6-m\libg_s.a(lib_a-printf.o)
                              ./Sources/drivers/lcd/LCD.o (printf)
c:/freescale/kds_v3/toolchain/bin/../lib/gcc/arm-none-eabi/4.8.4/../../../../arm-none-eabi/lib/armv6-m\libg_s.a(lib_a-strlen.o)
                              ./Sources/drivers/io/printf.o (strlen)
c:/freescale/kds_v3/toolchain/bin/../lib/gcc/arm-none-eabi/4.8.4/../../../../arm-none-eabi/lib/armv6-m\libg_s.a(lib_a-vfprintf.o)
                              c:/freescale/kds_v3/toolchain/bin/../lib/gcc/arm-none-eabi/4.8.4/../../../../arm-none-eabi/lib/armv6-m\libg_s.a(lib_a-printf.o) (_vfprintf_r)
c:/freescale/kds_v3/toolchain/bin/../lib/gcc/arm-none-eabi/4.8.4/../../../../arm-none-eabi/lib/armv6-m\libg_s.a(lib_a-vfprintf_i.o)
[...]
Memory Configuration

Name             Origin             Length             Attributes
m_interrupts     0x00000000         0x00000100         xr
m_flash_config   0x00000400         0x00000010         xr
m_text           0x00000410         0x0003fbf0         xr
m_data           0x1fffe000         0x00008000         rw
*default*        0x00000000         0xffffffff

Linker script and memory map

LOAD c:/freescale/kds_v3/toolchain/bin/../lib/gcc/arm-none-eabi/4.8.4/armv6-m/crti.o
LOAD c:/freescale/kds_v3/toolchain/bin/../lib/gcc/arm-none-eabi/4.8.4/armv6-m/crtbegin.o
LOAD c:/freescale/kds_v3/toolchain/bin/../lib/gcc/arm-none-eabi/4.8.4/../../../../arm-none-eabi/lib/armv6-m/crt0.o
LOAD ./Sources/drivers/uart/uart.o
LOAD ./Sources/drivers/mcg/mcg.o
LOAD ./Sources/drivers/lcd/LCD.o
LOAD ./Sources/drivers/lcd/s401.o
LOAD ./Sources/drivers/io/io.o
LOAD ./Sources/drivers/io/printf.o
LOAD ./Sources/sLCD_freedom.o
LOAD ./Sources/sa_mtb.o
LOAD ./Project_Settings/Startup_Code/startup_MKL46Z4.o
LOAD ./Project_Settings/Startup_Code/system_MKL46Z4.o
LOAD ./Includes/sysinit.o
LOAD c:/freescale/kds_v3/toolchain/bin/../lib/gcc/arm-none-eabi/4.8.4/../../../../arm-none-eabi/lib/armv6-m\libstdc++_s.a
LOAD c:/freescale/kds_v3/toolchain/bin/../lib/gcc/arm-none-eabi/4.8.4/../../../../arm-none-eabi/lib/armv6-m\libm.a
START GROUP
LOAD c:/freescale/kds_v3/toolchain/bin/../lib/gcc/arm-none-eabi/4.8.4/armv6-m\libgcc.a
LOAD c:/freescale/kds_v3/toolchain/bin/../lib/gcc/arm-none-eabi/4.8.4/../../../../arm-none-eabi/lib/armv6-m\libg_s.a
LOAD c:/freescale/kds_v3/toolchain/bin/../lib/gcc/arm-none-eabi/4.8.4/../../../../arm-none-eabi/lib/armv6-m\libc_s.a
END GROUP
START GROUP
LOAD c:/freescale/kds_v3/toolchain/bin/../lib/gcc/arm-none-eabi/4.8.4/armv6-m\libgcc.a
LOAD c:/freescale/kds_v3/toolchain/bin/../lib/gcc/arm-none-eabi/4.8.4/../../../../arm-none-eabi/lib/armv6-m\libc_s.a
LOAD c:/freescale/kds_v3/toolchain/bin/../lib/gcc/arm-none-eabi/4.8.4/../../../../arm-none-eabi/lib/armv6-m\libnosys.a
END GROUP
START GROUP
LOAD c:/freescale/kds_v3/toolchain/bin/../lib/gcc/arm-none-eabi/4.8.4/armv6-m\libgcc.a
LOAD c:/freescale/kds_v3/toolchain/bin/../lib/gcc/arm-none-eabi/4.8.4/../../../../arm-none-eabi/lib/armv6-m\libc_s.a
LOAD c:/freescale/kds_v3/toolchain/bin/../lib/gcc/arm-none-eabi/4.8.4/../../../../arm-none-eabi/lib/armv6-m\libnosys.a
END GROUP
LOAD c:/freescale/kds_v3/toolchain/bin/../lib/gcc/arm-none-eabi/4.8.4/armv6-m/crtend.o
LOAD c:/freescale/kds_v3/toolchain/bin/../lib/gcc/arm-none-eabi/4.8.4/armv6-m/crtn.o
                0x00000400                HEAP_SIZE = DEFINED (__heap_size__)?__heap_size__:0x400
                0x00000400                STACK_SIZE = DEFINED (__stack_size__)?__stack_size__:0x400

.interrupts     0x00000000       0xc0
                0x00000000                __VECTOR_TABLE = .
                0x00000000                . = ALIGN (0x4)
 *(.isr_vector)
 .isr_vector    0x00000000       0xc0 ./Project_Settings/Startup_Code/startup_MKL46Z4.o
                0x00000000                __isr_vector
                0x000000c0                . = ALIGN (0x4)

.flash_config   0x00000400       0x10
                0x00000400                . = ALIGN (0x4)
 *(.FlashConfig)
 .FlashConfig   0x00000400       0x10 ./Project_Settings/Startup_Code/startup_MKL46Z4.o
                0x00000410                . = ALIGN (0x4)

.text           0x00000410     0x1150
                0x00000410                . = ALIGN (0x4)
 *(.text)
 .text          0x00000410       0x60 c:/freescale/kds_v3/toolchain/bin/../lib/gcc/arm-none-eabi/4.8.4/armv6-m/crtbegin.o
 .text          0x00000470       0x78 c:/freescale/kds_v3/toolchain/bin/../lib/gcc/arm-none-eabi/4.8.4/../../../../arm-none-eabi/lib/armv6-m/crt0.o
                0x00000470                _start
                0x00000470                _mainCRTStartup
 .text          0x000004e8       0x34 ./Project_Settings/Startup_Code/startup_MKL46Z4.o
                0x000004e8                Reset_Handler
                0x00000514                HardFault_Handler
                0x00000514                SysTick_Handler
                0x00000514                PendSV_Handler
                0x00000514                NMI_Handler
                0x00000514                PORTC_PORTD_IRQHandler
                0x00000514                I2C1_IRQHandler
                0x00000514                UART1_IRQHandler
                0x00000514                DMA2_IRQHandler
                0x00000514                TPM0_IRQHandler
                0x00000514                I2S0_IRQHandler
                0x00000514                LLWU_IRQHandler
                0x00000514                TSI0_IRQHandler
                0x00000514                UART0_IRQHandler
                0x00000514                ADC0_IRQHandler
                0x00000514                SPI1_IRQHandler
                0x00000514                DefaultISR
                0x00000514                TPM2_IRQHandler
                0x00000514                RTC_IRQHandler
                0x00000514                I2C0_IRQHandler
                0x00000514                LCD_IRQHandler
                0x00000514                RTC_Seconds_IRQHandler
                0x00000514                MCG_IRQHandler
                0x00000514                UART2_IRQHandler
                0x00000514                Reserved20_IRQHandler
                0x00000514                USB0_IRQHandler
                0x00000514                PIT_IRQHandler
                0x00000514                SVC_Handler
                0x00000514                DMA3_IRQHandler
                0x00000514                DMA0_IRQHandler
                0x00000514                DAC0_IRQHandler
                0x00000514                TPM1_IRQHandler
                0x00000514                LVD_LVW_IRQHandler
                0x00000514                SPI0_IRQHandler
                0x00000514                PORTA_IRQHandler
                0x00000514                FTFA_IRQHandler
                0x00000514                LPTMR0_IRQHandler
                0x00000514                CMP0_IRQHandler
                0x00000514                DMA1_IRQHandler
 .text          0x0000051c       0x9c c:/freescale/kds_v3/toolchain/bin/../lib/gcc/arm-none-eabi/4.8.4/armv6-m\libgcc.a(_udivsi3.o)
                0x0000051c                __aeabi_uidiv
                0x0000051c                __udivsi3
                0x000005a4                __aeabi_uidivmod
 .text          0x000005b8       0xc0 c:/freescale/kds_v3/toolchain/bin/../lib/gcc/arm-none-eabi/4.8.4/armv6-m\libgcc.a(_divsi3.o)
                0x000005b8                __divsi3
                0x000005b8                __aeabi_idiv
                0x00000664                __aeabi_idivmod
 .text          0x00000678        0x4 c:/freescale/kds_v3/toolchain/bin/../lib/gcc/arm-none-eabi/4.8.4/armv6-m\libgcc.a(_dvmd_tls.o)
                0x00000678                __aeabi_idiv0
                0x00000678                __aeabi_ldiv0
 *(.text*)
 .text.uart_putchar
                0x0000067c       0x2c ./Sources/drivers/uart/uart.o
                0x0000067c                uart_putchar
 .text.vfnLCD_Init
                0x000006a8       0x98 ./Sources/drivers/lcd/LCD.o
                0x000006a8                vfnLCD_Init
 .text.vfnEnablePins
                0x00000740      0x118 ./Sources/drivers/lcd/LCD.o
                0x00000740                vfnEnablePins
 .text.vfnLCD_Write_Msg
                0x00000858       0x74 ./Sources/drivers/lcd/LCD.o
                0x00000858                vfnLCD_Write_Msg
 .text.vfnLCD_Write_Char
                0x000008cc       0xec ./Sources/drivers/lcd/LCD.o
                0x000008cc                vfnLCD_Write_Char
 .text.vfnLCD_interrupt_init
                0x000009b8        0x8 ./Sources/drivers/lcd/LCD.o
                0x000009b8                vfnLCD_interrupt_init
 .text.out_char
                0x000009c0       0x28 ./Sources/drivers/io/io.o
                0x000009c0                out_char
 .text.printk_putc
                0x000009e8       0x50 ./Sources/drivers/io/printf.o
 .text.printk_mknumstr
                0x00000a38      0x100 ./Sources/drivers/io/printf.o
 .text.printk_pad_zero
                0x00000b38       0x38 ./Sources/drivers/io/printf.o
 .text.printk_pad_space
                0x00000b70       0x38 ./Sources/drivers/io/printf.o
 .text.printk   0x00000ba8      0x580 ./Sources/drivers/io/printf.o
                0x00000ba8                printk
 .text.io_printf
                0x00001128       0x44 ./Sources/drivers/io/printf.o
                0x00001128                io_printf
 .text.sprintf  0x0000116c       0x5c ./Sources/drivers/io/printf.o
                0x0000116c                sprintf
 .text.main     0x000011c8       0x74 ./Sources/sLCD_freedom.o
                0x000011c8                main
 .text.SystemInit
                0x0000123c       0x18 ./Project_Settings/Startup_Code/system_MKL46Z4.o
                0x0000123c                SystemInit
 .text.exit     0x00001254       0x2c c:/freescale/kds_v3/toolchain/bin/../lib/gcc/arm-none-eabi/4.8.4/../../../../arm-none-eabi/lib/armv6-m\libg_s.a(lib_a-exit.o)
                0x00001254                exit
 .text.__libc_init_array
                0x00001280       0x4c c:/freescale/kds_v3/toolchain/bin/../lib/gcc/arm-none-eabi/4.8.4/../../../../arm-none-eabi/lib/armv6-m\libg_s.a(lib_a-init.o)
                0x00001280                __libc_init_array
 .text.memset   0x000012cc       0x10 c:/freescale/kds_v3/toolchain/bin/../lib/gcc/arm-none-eabi/4.8.4/../../../../arm-none-eabi/lib/armv6-m\libg_s.a(lib_a-memset.o)
                0x000012cc                memset
 .text.strlen   0x000012dc        0xe c:/freescale/kds_v3/toolchain/bin/../lib/gcc/arm-none-eabi/4.8.4/../../../../arm-none-eabi/lib/armv6-m\libg_s.a(lib_a-strlen.o)
                0x000012dc                strlen
 *fill*         0x000012ea        0x2 
 .text._exit    0x000012ec        0x4 c:/freescale/kds_v3/toolchain/bin/../lib/gcc/arm-none-eabi/4.8.4/../../../../arm-none-eabi/lib/armv6-m\libnosys.a(_exit.o)
                0x000012ec                _exit
 *(.rodata)
 .rodata        0x000012f0       0x38 ./Sources/sLCD_freedom.o
 *(.rodata*)
 .rodata.MASK_BIT
                0x00001328       0x80 ./Sources/drivers/lcd/LCD.o
                0x00001328                MASK_BIT
 .rodata.WF_ORDERING_TABLE
                0x000013a8        0xc ./Sources/drivers/lcd/s401.o
                0x000013a8                WF_ORDERING_TABLE
 .rodata.ASCII_TO_WF_CODIFICATION_TABLE
                0x000013b4       0x64 ./Sources/drivers/lcd/s401.o
                0x000013b4                ASCII_TO_WF_CODIFICATION_TABLE
 .rodata.printk
                0x00001418       0xc8 ./Sources/drivers/io/printf.o
 .rodata.str1.1
                0x000014e0        0x2 c:/freescale/kds_v3/toolchain/bin/../lib/gcc/arm-none-eabi/4.8.4/../../../../arm-none-eabi/lib/armv6-m\libg_s.a(lib_a-impure.o)
 *fill*         0x000014e2        0x2 
 .rodata._global_impure_ptr
                0x000014e4        0x4 c:/freescale/kds_v3/toolchain/bin/../lib/gcc/arm-none-eabi/4.8.4/../../../../arm-none-eabi/lib/armv6-m\libg_s.a(lib_a-impure.o)
                0x000014e4                _global_impure_ptr
 .rodata.__sf_fake_stdin
                0x000014e8       0x20 c:/freescale/kds_v3/toolchain/bin/../lib/gcc/arm-none-eabi/4.8.4/../../../../arm-none-eabi/lib/armv6-m\libg_s.a(lib_a-findfp.o)
                0x000014e8                __sf_fake_stdin
 .rodata.__sf_fake_stdout
                0x00001508       0x20 c:/freescale/kds_v3/toolchain/bin/../lib/gcc/arm-none-eabi/4.8.4/../../../../arm-none-eabi/lib/armv6-m\libg_s.a(lib_a-findfp.o)
                0x00001508                __sf_fake_stdout
 .rodata.__sf_fake_stderr
                0x00001528       0x20 c:/freescale/kds_v3/toolchain/bin/../lib/gcc/arm-none-eabi/4.8.4/../../../../arm-none-eabi/lib/armv6-m\libg_s.a(lib_a-findfp.o)
                0x00001528                __sf_fake_stderr
 *(.glue_7)
 .glue_7        0x00000000        0x0 linker stubs
 *(.glue_7t)
 .glue_7t       0x00000000        0x0 linker stubs
 *(.eh_frame)
 .eh_frame      0x00001548        0x0 c:/freescale/kds_v3/toolchain/bin/../lib/gcc/arm-none-eabi/4.8.4/armv6-m/crtbegin.o
 *(.init)
 .init          0x00001548        0x4 c:/freescale/kds_v3/toolchain/bin/../lib/gcc/arm-none-eabi/4.8.4/armv6-m/crti.o
                0x00001548                _init
 .init          0x0000154c        0x8 c:/freescale/kds_v3/toolchain/bin/../lib/gcc/arm-none-eabi/4.8.4/armv6-m/crtn.o
 *(.fini)
 .fini          0x00001554        0x4 c:/freescale/kds_v3/toolchain/bin/../lib/gcc/arm-none-eabi/4.8.4/armv6-m/crti.o
                0x00001554                _fini
 .fini          0x00001558        0x8 c:/freescale/kds_v3/toolchain/bin/../lib/gcc/arm-none-eabi/4.8.4/armv6-m/crtn.o
                0x00001560                . = ALIGN (0x4)

.vfp11_veneer   0x00001560        0x0
 .vfp11_veneer  0x00000000        0x0 linker stubs

.v4_bx          0x00001560        0x0
 .v4_bx         0x00000000        0x0 linker stubs

.iplt           0x00001560        0x0
 .iplt          0x00000000        0x0 c:/freescale/kds_v3/toolchain/bin/../lib/gcc/arm-none-eabi/4.8.4/armv6-m/crtbegin.o

.ARM.extab
 *(.ARM.extab* .gnu.linkonce.armextab.*)

.ARM            0x00001560        0x8
                0x00001560                __exidx_start = .
 *(.ARM.exidx*)
 .ARM.exidx     0x00001560        0x8 c:/freescale/kds_v3/toolchain/bin/../lib/gcc/arm-none-eabi/4.8.4/../../../../arm-none-eabi/lib/armv6-m/crt0.o
                0x00001568                __exidx_end = .

.rel.dyn        0x00001568        0x0
 .rel.iplt      0x00000000        0x0 c:/freescale/kds_v3/toolchain/bin/../lib/gcc/arm-none-eabi/4.8.4/armv6-m/crtbegin.o

.ctors          0x00001568        0x0
                0x00001568                __CTOR_LIST__ = .
 *crtbegin.o(.ctors)
 *crtbegin?.o(.ctors)
 *(EXCLUDE_FILE(*crtend.o *crtend?.o) .ctors)
 *(SORT(.ctors.*))
 *(.ctors)
                0x00001568                __CTOR_END__ = .

.dtors          0x00001568        0x0
                0x00001568                __DTOR_LIST__ = .
 *crtbegin.o(.dtors)
 *crtbegin?.o(.dtors)
 *(EXCLUDE_FILE(*crtend.o *crtend?.o) .dtors)
 *(SORT(.dtors.*))
 *(.dtors)
                0x00001568                __DTOR_END__ = .

.preinit_array  0x00001568        0x0
                0x00001568                PROVIDE (__preinit_array_start, .)
 *(.preinit_array*)
                0x00001568                PROVIDE (__preinit_array_end, .)

.init_array     0x00001568        0x4
                0x00001568                PROVIDE (__init_array_start, .)
 *(SORT(.init_array.*))
 *(.init_array*)
 .init_array    0x00001568        0x4 c:/freescale/kds_v3/toolchain/bin/../lib/gcc/arm-none-eabi/4.8.4/armv6-m/crtbegin.o
                0x0000156c                PROVIDE (__init_array_end, .)

.fini_array     0x0000156c        0x4
                0x0000156c                PROVIDE (__fini_array_start, .)
 *(SORT(.fini_array.*))
 *(.fini_array*)
 .fini_array    0x0000156c        0x4 c:/freescale/kds_v3/toolchain/bin/../lib/gcc/arm-none-eabi/4.8.4/armv6-m/crtbegin.o
                0x00001570                PROVIDE (__fini_array_end, .)
                0x00001570                __etext = .
                0x00001570                __DATA_ROM = .

.mtb            0x1fffe000        0x0
                0x1fffe000                . = ALIGN (0x8)
                0x1fffe000                _mtb_start = .
 *(.mtb_buf)
                0x1fffe000                . = ALIGN (0x8)
                0x1fffe000                _mtb_end = .

.data           0x1fffe000       0x64 load address 0x00001570
                0x1fffe000                . = ALIGN (0x4)
                0x1fffe000                __DATA_RAM = .
                0x1fffe000                __data_start__ = .
 *(.data)
 *(.data*)
 .data.impure_data
                0x1fffe000       0x60 c:/freescale/kds_v3/toolchain/bin/../lib/gcc/arm-none-eabi/4.8.4/../../../../arm-none-eabi/lib/armv6-m\libg_s.a(lib_a-impure.o)
 *(.jcr*)
 .jcr           0x1fffe060        0x0 c:/freescale/kds_v3/toolchain/bin/../lib/gcc/arm-none-eabi/4.8.4/armv6-m/crtbegin.o
 .jcr           0x1fffe060        0x4 c:/freescale/kds_v3/toolchain/bin/../lib/gcc/arm-none-eabi/4.8.4/armv6-m/crtend.o
                0x1fffe064                . = ALIGN (0x4)
                0x1fffe064                __data_end__ = .
                0x000015d4                __DATA_END = (__DATA_ROM + (__data_end__ - __data_start__))

.igot.plt       0x1fffe064        0x0 load address 0x000015d4
 .igot.plt      0x00000000        0x0 c:/freescale/kds_v3/toolchain/bin/../lib/gcc/arm-none-eabi/4.8.4/armv6-m/crtbegin.o

.bss            0x1fffe064       0x4c load address 0x000015d4
                0x1fffe064                . = ALIGN (0x4)
                0x1fffe064                __START_BSS = .
                0x1fffe064                __bss_start__ = .
 *(.bss)
 .bss           0x1fffe064       0x1c c:/freescale/kds_v3/toolchain/bin/../lib/gcc/arm-none-eabi/4.8.4/armv6-m/crtbegin.o
 *(.bss*)
 *(COMMON)
 COMMON         0x1fffe080       0x24 ./Sources/drivers/lcd/LCD.o
                0x1fffe080                bLCD_CharPosition
                0x1fffe081                lcd_alternate_mode
                0x1fffe084                lcdBuffer
 COMMON         0x1fffe0a4        0xa ./Sources/sLCD_freedom.o
                0x1fffe0a4                chBufDisp
                0x1fffe0b0                . = ALIGN (0x4)
 *fill*         0x1fffe0ae        0x2 
                0x1fffe0b0                __bss_end__ = .
                0x1fffe0b0                __END_BSS = .

.heap           0x1fffe0b0      0x400 load address 0x00001620
                0x1fffe0b0                . = ALIGN (0x8)
                0x1fffe0b0                __end__ = .
                0x1fffe0b0                PROVIDE (end, .)
                0x1fffe0b0                __HeapBase = .
                0x1fffe4b0                . = (. + HEAP_SIZE)
 *fill*         0x1fffe0b0      0x400 
                0x1fffe4b0                __HeapLimit = .

.stack          0x1fffe4b0      0x400 load address 0x00001a20
                0x1fffe4b0                . = ALIGN (0x8)
                0x1fffe8b0                . = (. + STACK_SIZE)
 *fill*         0x1fffe4b0      0x400 
                0x20006000                __StackTop = (ORIGIN (m_data) + 0x8000)
                0x20005c00                __StackLimit = (__StackTop - STACK_SIZE)
                0x20006000                PROVIDE (__stack, __StackTop)

.ARM.attributes
                0x00000000       0x28
 *(.ARM.attributes)
 .ARM.attributes
                0x00000000       0x1e c:/freescale/kds_v3/toolchain/bin/../lib/gcc/arm-none-eabi/4.8.4/armv6-m/crti.o
 .ARM.attributes
                0x0000001e       0x2c c:/freescale/kds_v3/toolchain/bin/../lib/gcc/arm-none-eabi/4.8.4/armv6-m/crtbegin.o
 .ARM.attributes
                0x0000004a       0x1b c:/freescale/kds_v3/toolchain/bin/../lib/gcc/arm-none-eabi/4.8.4/../../../../arm-none-eabi/lib/armv6-m/crt0.o
 .ARM.attributes
                0x00000065       0x32 ./Sources/drivers/uart/uart.o
 .ARM.attributes
                0x00000097       0x32 ./Sources/drivers/lcd/LCD.o
 .ARM.attributes
                0x000000c9       0x32 ./Sources/drivers/lcd/s401.o
 .ARM.attributes
                0x000000fb       0x32 ./Sources/drivers/io/io.o
 .ARM.attributes
                0x0000012d       0x32 ./Sources/drivers/io/printf.o
 .ARM.attributes
                0x0000015f       0x32 ./Sources/sLCD_freedom.o
 .ARM.attributes
                0x00000191       0x1b ./Project_Settings/Startup_Code/startup_MKL46Z4.o
 .ARM.attributes
                0x000001ac       0x32 ./Project_Settings/Startup_Code/system_MKL46Z4.o
 .ARM.attributes
                0x000001de       0x1e c:/freescale/kds_v3/toolchain/bin/../lib/gcc/arm-none-eabi/4.8.4/armv6-m\libgcc.a(_udivsi3.o)
 .ARM.attributes
                0x000001fc       0x1e c:/freescale/kds_v3/toolchain/bin/../lib/gcc/arm-none-eabi/4.8.4/armv6-m\libgcc.a(_divsi3.o)
 .ARM.attributes
                0x0000021a       0x1e c:/freescale/kds_v3/toolchain/bin/../lib/gcc/arm-none-eabi/4.8.4/armv6-m\libgcc.a(_dvmd_tls.o)
 .ARM.attributes
                0x00000238       0x2c c:/freescale/kds_v3/toolchain/bin/../lib/gcc/arm-none-eabi/4.8.4/../../../../arm-none-eabi/lib/armv6-m\libg_s.a(lib_a-exit.o)
 .ARM.attributes
                0x00000264       0x2c c:/freescale/kds_v3/toolchain/bin/../lib/gcc/arm-none-eabi/4.8.4/../../../../arm-none-eabi/lib/armv6-m\libg_s.a(lib_a-impure.o)
 .ARM.attributes
                0x00000290       0x2c c:/freescale/kds_v3/toolchain/bin/../lib/gcc/arm-none-eabi/4.8.4/../../../../arm-none-eabi/lib/armv6-m\libg_s.a(lib_a-init.o)
 .ARM.attributes
                0x000002bc       0x2c c:/freescale/kds_v3/toolchain/bin/../lib/gcc/arm-none-eabi/4.8.4/../../../../arm-none-eabi/lib/armv6-m\libg_s.a(lib_a-memset.o)
 .ARM.attributes
                0x000002e8       0x2c c:/freescale/kds_v3/toolchain/bin/../lib/gcc/arm-none-eabi/4.8.4/../../../../arm-none-eabi/lib/armv6-m\libg_s.a(lib_a-strlen.o)
 .ARM.attributes
                0x00000314       0x2c c:/freescale/kds_v3/toolchain/bin/../lib/gcc/arm-none-eabi/4.8.4/../../../../arm-none-eabi/lib/armv6-m\libg_s.a(lib_a-findfp.o)
 .ARM.attributes
                0x00000340       0x2c c:/freescale/kds_v3/toolchain/bin/../lib/gcc/arm-none-eabi/4.8.4/../../../../arm-none-eabi/lib/armv6-m\libnosys.a(_exit.o)
 .ARM.attributes
                0x0000036c       0x2c c:/freescale/kds_v3/toolchain/bin/../lib/gcc/arm-none-eabi/4.8.4/armv6-m/crtend.o
 .ARM.attributes
                0x00000398       0x1e c:/freescale/kds_v3/toolchain/bin/../lib/gcc/arm-none-eabi/4.8.4/armv6-m/crtn.o
                0x00000001                ASSERT ((__StackLimit >= __HeapLimit), region m_data overflowed with stack and heap)
OUTPUT(KL46_sLCD.elf elf32-littlearm)

.debug_info     0x00000000     0x1c32
 .debug_info    0x00000000      0x663 ./Sources/drivers/uart/uart.o
 .debug_info    0x00000663      0x9b2 ./Sources/drivers/lcd/LCD.o
 .debug_info    0x00001015       0x7c ./Sources/drivers/lcd/s401.o
 .debug_info    0x00001091      0x18f ./Sources/drivers/io/io.o
 .debug_info    0x00001220      0x4b1 ./Sources/drivers/io/printf.o
 .debug_info    0x000016d1       0xeb ./Sources/sLCD_freedom.o
 .debug_info    0x000017bc       0x88 ./Project_Settings/Startup_Code/startup_MKL46Z4.o
 .debug_info    0x00001844      0x3ee ./Project_Settings/Startup_Code/system_MKL46Z4.o

.debug_abbrev   0x00000000      0x8ae
 .debug_abbrev  0x00000000      0x1ba ./Sources/drivers/uart/uart.o
 .debug_abbrev  0x000001ba      0x278 ./Sources/drivers/lcd/LCD.o
 .debug_abbrev  0x00000432       0x48 ./Sources/drivers/lcd/s401.o
 .debug_abbrev  0x0000047a       0xad ./Sources/drivers/io/io.o
 .debug_abbrev  0x00000527      0x1e2 ./Sources/drivers/io/printf.o
 .debug_abbrev  0x00000709       0x88 ./Sources/sLCD_freedom.o
 .debug_abbrev  0x00000791       0x14 ./Project_Settings/Startup_Code/startup_MKL46Z4.o
 .debug_abbrev  0x000007a5      0x109 ./Project_Settings/Startup_Code/system_MKL46Z4.o

.debug_aranges  0x00000000      0x210
 .debug_aranges
                0x00000000       0x60 ./Sources/drivers/uart/uart.o
 .debug_aranges
                0x00000060       0xb0 ./Sources/drivers/lcd/LCD.o
 .debug_aranges
                0x00000110       0x18 ./Sources/drivers/lcd/s401.o
 .debug_aranges
                0x00000128       0x30 ./Sources/drivers/io/io.o
 .debug_aranges
                0x00000158       0x50 ./Sources/drivers/io/printf.o
 .debug_aranges
                0x000001a8       0x20 ./Sources/sLCD_freedom.o
 .debug_aranges
                0x000001c8       0x20 ./Project_Settings/Startup_Code/startup_MKL46Z4.o
 .debug_aranges
                0x000001e8       0x28 ./Project_Settings/Startup_Code/system_MKL46Z4.o

.debug_ranges   0x00000000      0x178
 .debug_ranges  0x00000000       0x50 ./Sources/drivers/uart/uart.o
 .debug_ranges  0x00000050       0xa0 ./Sources/drivers/lcd/LCD.o
 .debug_ranges  0x000000f0       0x20 ./Sources/drivers/io/io.o
 .debug_ranges  0x00000110       0x40 ./Sources/drivers/io/printf.o
 .debug_ranges  0x00000150       0x10 ./Sources/sLCD_freedom.o
 .debug_ranges  0x00000160       0x18 ./Project_Settings/Startup_Code/system_MKL46Z4.o

.debug_macro    0x00000000     0xf33d
 .debug_macro   0x00000000      0x17a ./Sources/drivers/uart/uart.o
 .debug_macro   0x0000017a      0x802 ./Sources/drivers/uart/uart.o
 .debug_macro   0x0000097c       0x16 ./Sources/drivers/uart/uart.o
 .debug_macro   0x00000992       0x16 ./Sources/drivers/uart/uart.o
 .debug_macro   0x000009a8       0x44 ./Sources/drivers/uart/uart.o
 .debug_macro   0x000009ec      0x209 ./Sources/drivers/uart/uart.o
 .debug_macro   0x00000bf5       0x3a ./Sources/drivers/uart/uart.o
 .debug_macro   0x00000c2f       0x3a ./Sources/drivers/uart/uart.o
 .debug_macro   0x00000c69       0x26 ./Sources/drivers/uart/uart.o
 .debug_macro   0x00000c8f      0x306 ./Sources/drivers/uart/uart.o
 .debug_macro   0x00000f95       0x6b ./Sources/drivers/uart/uart.o
 .debug_macro   0x00001000     0xd132 ./Sources/drivers/uart/uart.o
 .debug_macro   0x0000e132       0x58 ./Sources/drivers/uart/uart.o
 .debug_macro   0x0000e18a       0x35 ./Sources/drivers/uart/uart.o
 .debug_macro   0x0000e1bf       0xa3 ./Sources/drivers/uart/uart.o
 .debug_macro   0x0000e262       0x16 ./Sources/drivers/uart/uart.o
 .debug_macro   0x0000e278       0x97 ./Sources/drivers/uart/uart.o
 .debug_macro   0x0000e30f       0x10 ./Sources/drivers/uart/uart.o
 .debug_macro   0x0000e31f       0xef ./Sources/drivers/uart/uart.o
 .debug_macro   0x0000e40e       0x52 ./Sources/drivers/uart/uart.o
 .debug_macro   0x0000e460       0x16 ./Sources/drivers/uart/uart.o
 .debug_macro   0x0000e476       0x43 ./Sources/drivers/uart/uart.o
 .debug_macro   0x0000e4b9      0x180 ./Sources/drivers/uart/uart.o
 .debug_macro   0x0000e639       0x10 ./Sources/drivers/uart/uart.o
 .debug_macro   0x0000e649       0x22 ./Sources/drivers/uart/uart.o
 .debug_macro   0x0000e66b       0xbd ./Sources/drivers/uart/uart.o
 .debug_macro   0x0000e728       0x16 ./Sources/drivers/uart/uart.o
 .debug_macro   0x0000e73e      0x14a ./Sources/drivers/uart/uart.o
 .debug_macro   0x0000e888       0x8e ./Sources/drivers/uart/uart.o
 .debug_macro   0x0000e916       0x46 ./Sources/drivers/uart/uart.o
 .debug_macro   0x0000e95c       0x52 ./Sources/drivers/uart/uart.o
 .debug_macro   0x0000e9ae       0xbc ./Sources/drivers/lcd/LCD.o
 .debug_macro   0x0000ea6a      0x130 ./Sources/drivers/lcd/LCD.o
 .debug_macro   0x0000eb9a      0x2e3 ./Sources/drivers/lcd/LCD.o
 .debug_macro   0x0000ee7d       0x22 ./Sources/drivers/lcd/LCD.o
 .debug_macro   0x0000ee9f       0x23 ./Sources/drivers/lcd/s401.o
 .debug_macro   0x0000eec2      0x171 ./Sources/drivers/io/io.o
 .debug_macro   0x0000f033      0x107 ./Sources/drivers/io/printf.o
 .debug_macro   0x0000f13a       0x10 ./Sources/drivers/io/printf.o
 .debug_macro   0x0000f14a       0x58 ./Sources/drivers/io/printf.o
 .debug_macro   0x0000f1a2       0xaf ./Sources/sLCD_freedom.o
 .debug_macro   0x0000f251       0x22 ./Sources/sLCD_freedom.o
 .debug_macro   0x0000f273       0x7e ./Project_Settings/Startup_Code/system_MKL46Z4.o
 .debug_macro   0x0000f2f1       0x4c ./Project_Settings/Startup_Code/system_MKL46Z4.o

.debug_line     0x00000000     0x13c6
 .debug_line    0x00000000      0x3fc ./Sources/drivers/uart/uart.o
 .debug_line    0x000003fc      0x467 ./Sources/drivers/lcd/LCD.o
 .debug_line    0x00000863       0x5c ./Sources/drivers/lcd/s401.o
 .debug_line    0x000008bf      0x33b ./Sources/drivers/io/io.o
 .debug_line    0x00000bfa      0x272 ./Sources/drivers/io/printf.o
 .debug_line    0x00000e6c      0x29f ./Sources/sLCD_freedom.o
 .debug_line    0x0000110b       0x7b ./Project_Settings/Startup_Code/startup_MKL46Z4.o
 .debug_line    0x00001186      0x240 ./Project_Settings/Startup_Code/system_MKL46Z4.o

.debug_str      0x00000000    0x5262f
 .debug_str     0x00000000    0x51385 ./Sources/drivers/uart/uart.o
                              0x5183f (size before relaxing)
 .debug_str     0x00051385      0xd6f ./Sources/drivers/lcd/LCD.o
                              0x50230 (size before relaxing)
 .debug_str     0x000520f4       0x1e ./Sources/drivers/lcd/s401.o
                               0x2cdb (size before relaxing)
 .debug_str     0x00052112       0x2c ./Sources/drivers/io/io.o
                              0x5153c (size before relaxing)
 .debug_str     0x0005213e      0x44b ./Sources/drivers/io/printf.o
                               0x2873 (size before relaxing)
 .debug_str     0x00052589       0x2f ./Sources/sLCD_freedom.o
                              0x4feab (size before relaxing)
 .debug_str     0x000525b8       0x77 ./Project_Settings/Startup_Code/system_MKL46Z4.o
                              0x4f534 (size before relaxing)

.comment        0x00000000       0x70
 .comment       0x00000000       0x70 ./Sources/drivers/uart/uart.o
                                 0x71 (size before relaxing)
 .comment       0x00000000       0x71 ./Sources/drivers/lcd/LCD.o
 .comment       0x00000000       0x71 ./Sources/drivers/lcd/s401.o
 .comment       0x00000000       0x71 ./Sources/drivers/io/io.o
 .comment       0x00000000       0x71 ./Sources/drivers/io/printf.o
 .comment       0x00000000       0x71 ./Sources/sLCD_freedom.o
 .comment       0x00000000       0x71 ./Project_Settings/Startup_Code/system_MKL46Z4.o

.debug_frame    0x00000000      0x79c
 .debug_frame   0x00000000      0x130 ./Sources/drivers/uart/uart.o
 .debug_frame   0x00000130      0x25c ./Sources/drivers/lcd/LCD.o
 .debug_frame   0x0000038c       0x68 ./Sources/drivers/io/io.o
 .debug_frame   0x000003f4       0xf0 ./Sources/drivers/io/printf.o
 .debug_frame   0x000004e4       0x30 ./Sources/sLCD_freedom.o
 .debug_frame   0x00000514       0x4c ./Project_Settings/Startup_Code/system_MKL46Z4.o
 .debug_frame   0x00000560       0x20 c:/freescale/kds_v3/toolchain/bin/../lib/gcc/arm-none-eabi/4.8.4/armv6-m\libgcc.a(_udivsi3.o)
 .debug_frame   0x00000580       0x20 c:/freescale/kds_v3/toolchain/bin/../lib/gcc/arm-none-eabi/4.8.4/armv6-m\libgcc.a(_divsi3.o)
 .debug_frame   0x000005a0       0x28 c:/freescale/kds_v3/toolchain/bin/../lib/gcc/arm-none-eabi/4.8.4/../../../../arm-none-eabi/lib/armv6-m\libg_s.a(lib_a-exit.o)
 .debug_frame   0x000005c8       0x2c c:/freescale/kds_v3/toolchain/bin/../lib/gcc/arm-none-eabi/4.8.4/../../../../arm-none-eabi/lib/armv6-m\libg_s.a(lib_a-init.o)
 .debug_frame   0x000005f4       0x20 c:/freescale/kds_v3/toolchain/bin/../lib/gcc/arm-none-eabi/4.8.4/../../../../arm-none-eabi/lib/armv6-m\libg_s.a(lib_a-memset.o)
 .debug_frame   0x00000614       0x20 c:/freescale/kds_v3/toolchain/bin/../lib/gcc/arm-none-eabi/4.8.4/../../../../arm-none-eabi/lib/armv6-m\libg_s.a(lib_a-strlen.o)
 .debug_frame   0x00000634      0x148 c:/freescale/kds_v3/toolchain/bin/../lib/gcc/arm-none-eabi/4.8.4/../../../../arm-none-eabi/lib/armv6-m\libg_s.a(lib_a-findfp.o)
 .debug_frame   0x0000077c       0x20 c:/freescale/kds_v3/toolchain/bin/../lib/gcc/arm-none-eabi/4.8.4/../../../../arm-none-eabi/lib/armv6-m\libnosys.a(_exit.o)

.stabstr        0x00000000      0x14d
 .stabstr       0x00000000      0x14d c:/freescale/kds_v3/toolchain/bin/../lib/gcc/arm-none-eabi/4.8.4/../../../../arm-none-eabi/lib/armv6-m\libnosys.a(close.o)
