tasks.c:726:16:xTaskCreate	64	static
tasks.c:817:13:prvInitialiseNewTask	32	static,ignoring_inline_asm
tasks.c:1068:13:prvAddNewTaskToReadyList	16	static
tasks.c:1154:10:vTaskDelete	24	static,ignoring_inline_asm
tasks.c:1249:16:xTaskDelayUntil	32	static,ignoring_inline_asm
tasks.c:1336:10:vTaskDelay	24	static,ignoring_inline_asm
tasks.c:1381:16:eTaskGetState	40	static,ignoring_inline_asm
tasks.c:1478:17:uxTaskPriorityGet	24	static
tasks.c:1500:17:uxTaskPriorityGetFromISR	32	static
tasks.c:1540:10:vTaskPrioritySet	32	static,ignoring_inline_asm
tasks.c:1706:10:vTaskSuspend	24	static,ignoring_inline_asm
tasks.c:1812:23:prvTaskIsTaskSuspended	24	static,ignoring_inline_asm
tasks.c:1858:10:vTaskResume	24	static,ignoring_inline_asm
tasks.c:1912:16:xTaskResumeFromISR	32	static,ignoring_inline_asm
tasks.c:1987:6:vTaskStartScheduler	24	static,ignoring_inline_asm
tasks.c:2115:6:vTaskEndScheduler	8	static,ignoring_inline_asm
tasks.c:2126:6:vTaskSuspendAll	8	static,ignoring_inline_asm
tasks.c:2210:12:xTaskResumeAll	24	static,ignoring_inline_asm
tasks.c:2321:12:xTaskGetTickCount	16	static
tasks.c:2336:12:xTaskGetTickCountFromISR	16	static
tasks.c:2367:13:uxTaskGetNumberOfTasks	8	static
tasks.c:2375:8:pcTaskGetName	24	static,ignoring_inline_asm
tasks.c:2522:17:uxTaskGetSystemState	32	static
tasks.c:2627:12:xTaskCatchUpTicks	24	static,ignoring_inline_asm
tasks.c:2725:12:xTaskIncrementTick	32	static,ignoring_inline_asm
tasks.c:3010:6:vTaskSwitchContext	16	static,ignoring_inline_asm
tasks.c:3086:6:vTaskPlaceOnEventList	16	static,ignoring_inline_asm
tasks.c:3104:6:vTaskPlaceOnUnorderedEventList	24	static,ignoring_inline_asm
tasks.c:3132:10:vTaskPlaceOnEventListRestricted	24	static,ignoring_inline_asm
tasks.c:3165:12:xTaskRemoveFromEventList	24	static,ignoring_inline_asm
tasks.c:3233:6:vTaskRemoveFromUnorderedEventList	24	static,ignoring_inline_asm
tasks.c:3282:6:vTaskSetTimeOutState	16	static,ignoring_inline_asm
tasks.c:3294:6:vTaskInternalSetTimeOutState	16	static
tasks.c:3302:12:xTaskCheckForTimeOut	32	static,ignoring_inline_asm
tasks.c:3367:6:vTaskMissedYield	8	static
tasks.c:3375:17:uxTaskGetTaskNumber	24	static
tasks.c:3398:10:vTaskSetTaskNumber	24	static
tasks.c:3423:8:prvIdleTask	16	static
tasks.c:3648:13:prvInitialiseTaskLists	16	static
tasks.c:3680:13:prvCheckTasksWaitingTermination	16	static
tasks.c:3710:10:vTaskGetInfo	32	static
tasks.c:3809:24:prvListTasksWithinSingleList	48	static
tasks.c:3844:35:prvTaskCheckFreeStackSpace	24	static
tasks.c:3932:17:prvDeleteTCB	16	static
tasks.c:3988:13:prvResetNextTaskUnblockTime	8	static
tasks.c:4011:18:xTaskGetCurrentTaskHandle	16	static
tasks.c:4028:16:xTaskGetSchedulerState	16	static
tasks.c:4056:16:xTaskPriorityInherit	24	static
tasks.c:4146:16:xTaskPriorityDisinherit	24	static,ignoring_inline_asm
tasks.c:4226:10:vTaskPriorityDisinheritAfterTimeout	32	static,ignoring_inline_asm
tasks.c:4651:12:uxTaskResetEventItemValue	16	static
tasks.c:4667:18:pvTaskIncrementMutexHeldCount	8	static
tasks.c:4684:14:ulTaskGenericNotifyTake	32	static,ignoring_inline_asm
tasks.c:4756:16:xTaskGenericNotifyWait	32	static,ignoring_inline_asm
tasks.c:4842:16:xTaskGenericNotify	40	static,ignoring_inline_asm
tasks.c:4965:16:xTaskGenericNotifyFromISR	40	static,ignoring_inline_asm
tasks.c:5104:10:vTaskGenericNotifyGiveFromISR	48	static,ignoring_inline_asm
tasks.c:5193:16:xTaskGenericNotifyStateClear	24	static,ignoring_inline_asm
tasks.c:5227:14:ulTaskGenericNotifyValueClear	32	static
tasks.c:5263:13:prvAddCurrentTaskToDelayedList	24	static
